Component: ARM Compiler 6.16 Tool: armlink [5dfeaa00]

==============================================================================

Section Cross References

    startup_stm32f407xx.o(STACK) refers (Special) to heapauxi.o(.text) for __use_two_region_memory
    startup_stm32f407xx.o(HEAP) refers (Special) to heapauxi.o(.text) for __use_two_region_memory
    startup_stm32f407xx.o(RESET) refers (Special) to heapauxi.o(.text) for __use_two_region_memory
    startup_stm32f407xx.o(RESET) refers to startup_stm32f407xx.o(STACK) for __initial_sp
    startup_stm32f407xx.o(RESET) refers to startup_stm32f407xx.o(.text) for Reset_Handler
    startup_stm32f407xx.o(RESET) refers to stm32f4xx_it.o(.text.NMI_Handler) for NMI_Handler
    startup_stm32f407xx.o(RESET) refers to stm32f4xx_it.o(.text.HardFault_Handler) for HardFault_Handler
    startup_stm32f407xx.o(RESET) refers to stm32f4xx_it.o(.text.MemManage_Handler) for MemManage_Handler
    startup_stm32f407xx.o(RESET) refers to stm32f4xx_it.o(.text.BusFault_Handler) for BusFault_Handler
    startup_stm32f407xx.o(RESET) refers to stm32f4xx_it.o(.text.UsageFault_Handler) for UsageFault_Handler
    startup_stm32f407xx.o(RESET) refers to port.o(.text.SVC_Handler) for SVC_Handler
    startup_stm32f407xx.o(RESET) refers to stm32f4xx_it.o(.text.DebugMon_Handler) for DebugMon_Handler
    startup_stm32f407xx.o(RESET) refers to port.o(.text.PendSV_Handler) for PendSV_Handler
    startup_stm32f407xx.o(RESET) refers to port.o(.text.SysTick_Handler) for SysTick_Handler
    startup_stm32f407xx.o(RESET) refers to stm32f4xx_it.o(.text.DMA1_Stream1_IRQHandler) for DMA1_Stream1_IRQHandler
    startup_stm32f407xx.o(RESET) refers to stm32f4xx_it.o(.text.DMA1_Stream3_IRQHandler) for DMA1_Stream3_IRQHandler
    startup_stm32f407xx.o(RESET) refers to stm32f4xx_it.o(.text.DMA1_Stream5_IRQHandler) for DMA1_Stream5_IRQHandler
    startup_stm32f407xx.o(RESET) refers to stm32f4xx_it.o(.text.DMA1_Stream6_IRQHandler) for DMA1_Stream6_IRQHandler
    startup_stm32f407xx.o(RESET) refers to stm32f4xx_it.o(.text.CAN1_TX_IRQHandler) for CAN1_TX_IRQHandler
    startup_stm32f407xx.o(RESET) refers to stm32f4xx_it.o(.text.CAN1_RX0_IRQHandler) for CAN1_RX0_IRQHandler
    startup_stm32f407xx.o(RESET) refers to stm32f4xx_it.o(.text.TIM2_IRQHandler) for TIM2_IRQHandler
    startup_stm32f407xx.o(RESET) refers to stm32f4xx_it.o(.text.USART2_IRQHandler) for USART2_IRQHandler
    startup_stm32f407xx.o(RESET) refers to stm32f4xx_it.o(.text.USART3_IRQHandler) for USART3_IRQHandler
    startup_stm32f407xx.o(RESET) refers to stm32f4xx_it.o(.text.CAN2_TX_IRQHandler) for CAN2_TX_IRQHandler
    startup_stm32f407xx.o(RESET) refers to stm32f4xx_it.o(.text.CAN2_RX1_IRQHandler) for CAN2_RX1_IRQHandler
    startup_stm32f407xx.o(RESET) refers to stm32f4xx_it.o(.text.OTG_FS_IRQHandler) for OTG_FS_IRQHandler
    startup_stm32f407xx.o(.text) refers (Special) to heapauxi.o(.text) for __use_two_region_memory
    startup_stm32f407xx.o(.text) refers to system_stm32f4xx.o(.text.SystemInit) for SystemInit
    startup_stm32f407xx.o(.text) refers to __main.o(!!!main) for __main
    startup_stm32f407xx.o(.text) refers to startup_stm32f407xx.o(HEAP) for Heap_Mem
    startup_stm32f407xx.o(.text) refers to startup_stm32f407xx.o(STACK) for Stack_Mem
    task_init.o(.text.task_Init) refers to can.o(.bss.hcan1) for hcan1
    task_init.o(.text.task_Init) refers to candrive.o(.text.CanFilter_Init) for CanFilter_Init
    task_init.o(.text.task_Init) refers to stm32f4xx_hal_can.o(.text.HAL_CAN_Start) for HAL_CAN_Start
    task_init.o(.text.task_Init) refers to stm32f4xx_hal_can.o(.text.HAL_CAN_ActivateNotification) for HAL_CAN_ActivateNotification
    task_init.o(.text.task_Init) refers to can.o(.bss.hcan2) for hcan2
    task_init.o(.text.task_Init) refers to stm32f4xx_hal_cortex.o(.text.HAL_NVIC_DisableIRQ) for HAL_NVIC_DisableIRQ
    task_init.o(.text.task_Init) refers to usart.o(.bss.huart3) for huart3
    task_init.o(.text.task_Init) refers to pid_task.o(.bss.usart3_dma_buff) for usart3_dma_buff
    task_init.o(.text.task_Init) refers to stm32f4xx_hal_uart.o(.text.HAL_UART_Receive_DMA) for HAL_UART_Receive_DMA
    task_init.o(.text.task_Init) refers to usart.o(.bss.huart2) for huart2
    task_init.o(.text.task_Init) refers to pid_task.o(.bss.RxData) for RxData
    task_init.o(.text.task_Init) refers to servos_task.o(.text.vBlue_Brick_Init) for vBlue_Brick_Init
    task_init.o(.text.task_Init) refers to task_init.o(.text.RGB_init) for RGB_init
    task_init.o(.text.task_Init) refers to port.o(.text.vPortEnterCritical) for vPortEnterCritical
    task_init.o(.text.task_Init) refers to pid_task.o(.bss.PID_Handler) for PID_Handler
    task_init.o(.text.task_Init) refers to pid_task.o(.text.PID_Task) for PID_Task
    task_init.o(.text.task_Init) refers to tasks.o(.text.xTaskCreate) for xTaskCreate
    task_init.o(.text.task_Init) refers to pid_task.o(.bss.Angle_Handler) for Angle_Handler
[...]
    Region$$Table$$Limit                     0x0800a2a0   Number         0  anon$$obj.o(Region$$Table)
    Ex_v7                                    0x20000000   Data           4  pid_task.o(.data.Ex_v7)
    FS_Desc                                  0x20000004   Data          28  usbd_desc.o(.data.FS_Desc)
    G_L_t                                    0x20000020   Data          36  servos_task.o(.data.G_L_t)
    M2006_Speed                              0x20000044   Data         128  pid_task.o(.data.M2006_Speed)
    PID_wheel_speed                          0x200000c4   Data         128  pid_task.o(.data.PID_wheel_speed)
    PWM_Speed_5055                           0x20000144   Data           4  pid_task.o(.data.PWM_Speed_5055)
    SystemCoreClock                          0x20000148   Data           4  system_stm32f4xx.o(.data.SystemCoreClock)
    USBD_CDC                                 0x2000014c   Data          56  usbd_cdc.o(.data.USBD_CDC)
    USBD_FS_DeviceDesc                       0x200001d4   Data          18  usbd_desc.o(.data.USBD_FS_DeviceDesc)
    USBD_Interface_fops_FS                   0x200001e8   Data          20  usbd_cdc_if.o(.data.USBD_Interface_fops_FS)
    USBD_LangIDDesc                          0x200001fc   Data           4  usbd_desc.o(.data.USBD_LangIDDesc)
    USBD_StringSerial                        0x20000200   Data          26  usbd_desc.o(.data.USBD_StringSerial)
    arm                                      0x2000021c   Data          28  pid_task.o(.data.arm)
    ch                                       0x20000238   Data           5  pid_task.o(.data.ch)
    h                                        0x20000240   Data           4  pid_task.o(.data.h)
    jiao_a                                   0x20000244   Data           4  pid_task.o(.data.jiao_a)
    jiao_b                                   0x20000248   Data           4  pid_task.o(.data.jiao_b)
    putter                                   0x2000024c   Data          24  servos_task.o(.data.putter)
    uwTickFreq                               0x20000264   Data           1  stm32f4xx_hal.o(.data.uwTickFreq)
    uwTickPrio                               0x20000268   Data           4  stm32f4xx_hal.o(.data.uwTickPrio)
    x                                        0x20000270   Data           4  pid_task.o(.data.x)
    __libspace_start                         0x20000278   Data          96  libspace.o(.bss)
    Angle_Handler                            0x200002d8   Data           4  pid_task.o(.bss.Angle_Handler)
    __temporary_stack_top$libspace           0x200002d8   Data           0  libspace.o(.bss)
    CAN1_buff                                0x200002dc   Data           8  candrive.o(.bss.CAN1_buff)
    CAN1_txdata                              0x200002e4   Data           8  pid_task.o(.bss.CAN1_txdata)
    CAN2_buff                                0x200002ec   Data           8  candrive.o(.bss.CAN2_buff)
    CAN2_txdata                              0x200002f4   Data           8  pid_task.o(.bss.CAN2_txdata)
    Deal_posture                             0x200002fc   Data          28  pid_task.o(.bss.Deal_posture)
    Ex_v1                                    0x20000318   Data           4  pid_task.o(.bss.Ex_v1)
    Ex_v2                                    0x2000031c   Data           4  pid_task.o(.bss.Ex_v2)
    Ex_v3                                    0x20000320   Data           4  pid_task.o(.bss.Ex_v3)
    Ex_v4                                    0x20000324   Data           4  pid_task.o(.bss.Ex_v4)
    Ex_v5                                    0x20000328   Data           4  pid_task.o(.bss.Ex_v5)
    Ex_v6                                    0x2000032c   Data           4  pid_task.o(.bss.Ex_v6)
    Ex_v8                                    0x20000330   Data           4  pid_task.o(.bss.Ex_v8)
    Expect_Speed                             0x20000338   Data          24  pid_task.o(.bss.Expect_Speed)
    LV53_distance                            0x20000354   Data           2  pid_task.o(.bss.LV53_distance)
    Lanuch_Handler                           0x20000358   Data           4  servos_task.o(.bss.Lanuch_Handler)
    Laser                                    0x2000035c   Data           6  pid_task.o(.bss.Laser)
    PID_Handler                              0x20000364   Data           4  pid_task.o(.bss.PID_Handler)
    RxData                                   0x20000368   Data          28  pid_task.o(.bss.RxData)
    USBD_StrDesc                             0x20000388   Data         512  usbd_desc.o(.bss.USBD_StrDesc)
    UserRxBufferFS                           0x200007a8   Data        2048  usbd_cdc_if.o(.bss.UserRxBufferFS)
    UserTxBufferFS                           0x20000fa8   Data        2048  usbd_cdc_if.o(.bss.UserTxBufferFS)
    defaultTaskHandle                        0x200017a8   Data           4  freertos.o(.bss.defaultTaskHandle)
    duoji                                    0x200017ac   Data           4  pid_task.o(.bss.duoji)
    duoji_1                                  0x200017b0   Data           4  pid_task.o(.bss.duoji_1)
    duoji_2                                  0x200017b4   Data           4  pid_task.o(.bss.duoji_2)
    duoji_3                                  0x200017b8   Data           4  pid_task.o(.bss.duoji_3)
    duoji_4                                  0x200017bc   Data           4  pid_task.o(.bss.duoji_4)
    expect_angle_2006                        0x200017c0   Data          16  pid_task.o(.bss.expect_angle_2006)
    expect_angle_3508                        0x200017d0   Data          16  pid_task.o(.bss.expect_angle_3508)
    getmode                                  0x200017e0   Data           2  odrive_set.o(.bss.getmode)
    hUsbDeviceFS                             0x200017e4   Data         732  usb_device.o(.bss.hUsbDeviceFS)
    hcan1                                    0x20001ac0   Data          40  can.o(.bss.hcan1)
    hcan2                                    0x20001ae8   Data          40  can.o(.bss.hcan2)
    hdma_usart2_rx                           0x20001b10   Data          96  usart.o(.bss.hdma_usart2_rx)
    hdma_usart2_tx                           0x20001b70   Data          96  usart.o(.bss.hdma_usart2_tx)
    hdma_usart3_rx                           0x20001bd0   Data          96  usart.o(.bss.hdma_usart3_rx)
    hdma_usart3_tx                           0x20001c30   Data          96  usart.o(.bss.hdma_usart3_tx)
    high                                     0x20001c90   Data           2  pid_task.o(.bss.high)
    hpcd_USB_OTG_FS                          0x20001c94   Data        1292  usbd_conf.o(.bss.hpcd_USB_OTG_FS)
    htim1                                    0x200021a0   Data          72  tim.o(.bss.htim1)
    htim2                                    0x200021e8   Data          72  stm32f4xx_hal_timebase_tim.o(.bss.htim2)
    htim4                                    0x20002230   Data          72  tim.o(.bss.htim4)
    huart2                                   0x20002278   Data          68  usart.o(.bss.huart2)
    huart3                                   0x200022bc   Data          68  usart.o(.bss.huart3)
    motor_wheel_2006                         0x20002300   Data          64  pid_task.o(.bss.motor_wheel_2006)
    motor_wheel_3508                         0x20002340   Data         160  pid_task.o(.bss.motor_wheel_3508)
    motor_wheel_3510                         0x200023e0   Data          32  pid_task.o(.bss.motor_wheel_3510)
    pep_flag                                 0x20002400   Data           2  pid_task.o(.bss.pep_flag)
    pos_flag                                 0x20002402   Data           2  pid_task.o(.bss.pos_flag)
    pos_x                                    0x20002404   Data           4  pid_task.o(.bss.pos_x)
    pos_y                                    0x20002408   Data           4  pid_task.o(.bss.pos_y)
    put_flag                                 0x2000240c   Data           2  pid_task.o(.bss.put_flag)
    pxCurrentTCB                             0x20002410   Data           4  tasks.o(.bss.pxCurrentTCB)
    rx_msg_0                                 0x200024ac   Data          12  odrive_set.o(.bss.rx_msg_0)
    rx_msg_1                                 0x200024b8   Data          12  odrive_set.o(.bss.rx_msg_1)
    textexp                                  0x200024c4   Data           4  servos_task.o(.bss.textexp)
    usart3_dma_buff                          0x200060d0   Data          50  pid_task.o(.bss.usart3_dma_buff)
    uwTick                                   0x20006104   Data           4  stm32f4xx_hal.o(.bss.uwTick)
    vN5055_Handle                            0x2000611c   Data           4  pid_task.o(.bss.vN5055_Handle)
    vPuttor_Handler                          0x20006120   Data           4  servos_task.o(.bss.vPuttor_Handler)
    w_z                                      0x20006124   Data           4  pid_task.o(.bss.w_z)
    xangle                                   0x20006418   Data           4  pid_task.o(.bss.xangle)
    yangle                                   0x2000641c   Data           4  pid_task.o(.bss.yangle)
    zangle                                   0x20006420   Data           4  pid_task.o(.bss.zangle)



==============================================================================

Memory Map of the image

  Image Entry point : 0x08000189

  Load Region LR_IROM1 (Base: 0x08000000, Size: 0x0000a518, Max: 0x00080000, ABSOLUTE, COMPRESSED[0x0000a3a0])

    Execution Region ER_IROM1 (Exec base: 0x08000000, Load base: 0x08000000, Size: 0x0000a2a0, Max: 0x00080000, ABSOLUTE)

    Exec Addr    Load Addr    Size         Type   Attr      Idx    E Section Name        Object

    0x08000000   0x08000000   0x00000188   Data   RO            3    RESET               startup_stm32f407xx.o
    0x08000188   0x08000188   0x00000008   Code   RO         2553  * !!!main             c_w.l(__main.o)
    0x08000190   0x08000190   0x00000034   Code   RO         2822    !!!scatter          c_w.l(__scatter.o)
    0x080001c4   0x080001c4   0x0000005a   Code   RO         2820    !!dczerorl2         c_w.l(__dczerorl2.o)
    0x0800021e   0x0800021e   0x00000002   PAD
    0x08000220   0x08000220   0x0000001c   Code   RO         2824    !!handler_zi        c_w.l(__scatter_zi.o)
    0x0800023c   0x0800023c   0x00000002   Code   RO         2687    .ARM.Collect$$libinit$$00000000  c_w.l(libinit.o)
    0x0800023e   0x0800023e   0x00000004   Code   RO         2696    .ARM.Collect$$libinit$$00000001  c_w.l(libinit2.o)
    0x08000242   0x08000242   0x00000000   Code   RO         2699    .ARM.Collect$$libinit$$00000004  c_w.l(libinit2.o)
    0x08000242   0x08000242   0x00000000   Code   RO         2702    .ARM.Collect$$libinit$$0000000A  c_w.l(libinit2.o)
    0x08000242   0x08000242   0x00000000   Code   RO         2704    .ARM.Collect$$libinit$$0000000C  c_w.l(libinit2.o)
    0x08000242   0x08000242   0x00000000   Code   RO         2706    .ARM.Collect$$libinit$$0000000E  c_w.l(libinit2.o)
    0x08000242   0x08000242   0x00000000   Code   RO         2709    .ARM.Collect$$libinit$$00000011  c_w.l(libinit2.o)
    0x08000242   0x08000242   0x00000000   Code   RO         2711    .ARM.Collect$$libinit$$00000013  c_w.l(libinit2.o)
    0x08000242   0x08000242   0x00000000   Code   RO         2713    .ARM.Collect$$libinit$$00000015  c_w.l(libinit2.o)
    0x08000242   0x08000242   0x00000000   Code   RO         2715    .ARM.Collect$$libinit$$00000017  c_w.l(libinit2.o)
    0x08000242   0x08000242   0x00000000   Code   RO         2717    .ARM.Collect$$libinit$$00000019  c_w.l(libinit2.o)
    0x08000242   0x08000242   0x00000000   Code   RO         2719    .ARM.Collect$$libinit$$0000001B  c_w.l(libinit2.o)
    0x08000242   0x08000242   0x00000000   Code   RO         2721    .ARM.Collect$$libinit$$0000001D  c_w.l(libinit2.o)
    0x08000242   0x08000242   0x00000000   Code   RO         2723    .ARM.Collect$$libinit$$0000001F  c_w.l(libinit2.o)
    0x08000242   0x08000242   0x00000000   Code   RO         2725    .ARM.Collect$$libinit$$00000021  c_w.l(libinit2.o)
    0x08000242   0x08000242   0x00000000   Code   RO         2727    .ARM.Collect$$libinit$$00000023  c_w.l(libinit2.o)
    0x08000242   0x08000242   0x00000000   Code   RO         2729    .ARM.Collect$$libinit$$00000025  c_w.l(libinit2.o)
    0x08000242   0x08000242   0x00000000   Code   RO         2733    .ARM.Collect$$libinit$$0000002C  c_w.l(libinit2.o)
    0x08000242   0x08000242   0x00000000   Code   RO         2735    .ARM.Collect$$libinit$$0000002E  c_w.l(libinit2.o)
    0x08000242   0x08000242   0x00000000   Code   RO         2737    .ARM.Collect$$libinit$$00000030  c_w.l(libinit2.o)
    0x08000242   0x08000242   0x00000000   Code   RO         2739    .ARM.Collect$$libinit$$00000032  c_w.l(libinit2.o)
    0x08000242   0x08000242   0x00000002   Code   RO         2740    .ARM.Collect$$libinit$$00000033  c_w.l(libinit2.o)
    0x08000244   0x08000244   0x00000002   Code   RO         2775    .ARM.Collect$$libshutdown$$00000000  c_w.l(libshutdown.o)
    0x08000246   0x08000246   0x00000000   Code   RO         2803    .ARM.Collect$$libshutdown$$00000002  c_w.l(libshutdown2.o)
    0x08000246   0x08000246   0x00000000   Code   RO         2805    .ARM.Collect$$libshutdown$$00000004  c_w.l(libshutdown2.o)
    0x08000246   0x08000246   0x00000000   Code   RO         2808    .ARM.Collect$$libshutdown$$00000007  c_w.l(libshutdown2.o)
    0x08000246   0x08000246   0x00000000   Code   RO         2811    .ARM.Collect$$libshutdown$$0000000A  c_w.l(libshutdown2.o)
    0x08000246   0x08000246   0x00000000   Code   RO         2813    .ARM.Collect$$libshutdown$$0000000C  c_w.l(libshutdown2.o)
    0x08000246   0x08000246   0x00000000   Code   RO         2816    .ARM.Collect$$libshutdown$$0000000F  c_w.l(libshutdown2.o)
    0x08000246   0x08000246   0x00000002   Code   RO         2817    .ARM.Collect$$libshutdown$$00000010  c_w.l(libshutdown2.o)
    0x08000248   0x08000248   0x00000000   Code   RO         2589    .ARM.Collect$$rtentry$$00000000  c_w.l(__rtentry.o)
    0x08000248   0x08000248   0x00000000   Code   RO         2648    .ARM.Collect$$rtentry$$00000002  c_w.l(__rtentry2.o)
    0x08000248   0x08000248   0x00000006   Code   RO         2660    .ARM.Collect$$rtentry$$00000004  c_w.l(__rtentry4.o)
    0x0800024e   0x0800024e   0x00000000   Code   RO         2650    .ARM.Collect$$rtentry$$00000009  c_w.l(__rtentry2.o)
    0x0800024e   0x0800024e   0x00000004   Code   RO         2651    .ARM.Collect$$rtentry$$0000000A  c_w.l(__rtentry2.o)
    0x08000252   0x08000252   0x00000000   Code   RO         2653    .ARM.Collect$$rtentry$$0000000C  c_w.l(__rtentry2.o)
    0x08000252   0x08000252   0x00000008   Code   RO         2654    .ARM.Collect$$rtentry$$0000000D  c_w.l(__rtentry2.o)
    0x0800025a   0x0800025a   0x00000002   Code   RO         2688    .ARM.Collect$$rtexit$$00000000  c_w.l(rtexit.o)
    0x0800025c   0x0800025c   0x00000000   Code   RO         2746    .ARM.Collect$$rtexit$$00000002  c_w.l(rtexit2.o)
    0x0800025c   0x0800025c   0x00000004   Code   RO         2747    .ARM.Collect$$rtexit$$00000003  c_w.l(rtexit2.o)
    0x08000260   0x08000260   0x00000006   Code   RO         2748    .ARM.Collect$$rtexit$$00000004  c_w.l(rtexit2.o)
    0x08000266   0x08000266   0x00000002   PAD
    0x08000268   0x08000268   0x00000040   Code   RO            4    .text               startup_stm32f407xx.o
    0x080002a8   0x080002a8   0x000000f0   Code   RO         2543    .text               c_w.l(lludivv7m.o)
    0x08000398   0x08000398   0x0000008a   Code   RO         2545    .text               c_w.l(rt_memcpy_v6.o)
    0x08000422   0x08000422   0x0000004e   Code   RO         2549    .text               c_w.l(rt_memclr_w.o)
    0x08000470   0x08000470   0x00000006   Code   RO         2551    .text               c_w.l(heapauxi.o)
    0x08000476   0x08000476   0x00000016   Code   RO         2594    .text               c_w.l(_rserrno.o)
    0x0800048c   0x0800048c   0x00000064   Code   RO         2596    .text               c_w.l(rt_memcpy_w.o)
    0x080004f0   0x080004f0   0x00000008   Code   RO         2667    .text               c_w.l(rt_errno_addr_intlibspace.o)
    0x080004f8   0x080004f8   0x00000008   Code   RO         2671    .text               c_w.l(libspace.o)
    0x08000500   0x08000500   0x0000004a   Code   RO         2674    .text               c_w.l(sys_stackheap_outer.o)
    0x0800054a   0x0800054a   0x00000012   Code   RO         2676    .text               c_w.l(exit.o)
    0x0800055c   0x0800055c   0x0000000c   Code   RO         2741    .text               c_w.l(sys_exit.o)
    0x08000568   0x08000568   0x00000002   Code   RO         2764    .text               c_w.l(use_no_semi.o)
    0x0800056a   0x0800056a   0x00000000   Code   RO         2766    .text               c_w.l(indicate_semi.o)
    0x0800056a   0x0800056a   0x00000006   PAD
    0x08000570   0x08000570   0x0000023c   Code   RO           26    .text.Angle_Task    pid_task.o
    0x080007ac   0x080007ac   0x00000002   Code   RO          321    .text.BusFault_Handler  stm32f4xx_it.o
    0x080007ae   0x080007ae   0x00000002   PAD
    0x080007b0   0x080007b0   0x00000010   Code   RO          337    .text.CAN1_RX0_IRQHandler  stm32f4xx_it.o
    0x080007c0   0x080007c0   0x00000010   Code   RO          335    .text.CAN1_TX_IRQHandler  stm32f4xx_it.o
    0x080007d0   0x080007d0   0x00000010   Code   RO          347    .text.CAN2_RX1_IRQHandler  stm32f4xx_it.o
    0x080007e0   0x080007e0   0x00000010   Code   RO          345    .text.CAN2_TX_IRQHandler  stm32f4xx_it.o
    0x080007f0   0x080007f0   0x0000003c   Code   RO         2095    .text.CAN_Receive_DataFrame  candrive.o
    0x0800082c   0x0800082c   0x00000032   Code   RO         2219    .text.CAN_RoboModule_DRV_Config  robomodule_drv.o
    0x0800085e   0x0800085e   0x00000002   PAD
    0x08000860   0x08000860   0x00000018   Code   RO         2223    .text.CAN_RoboModule_DRV_Feedback  robomodule_drv.o
    0x08000878   0x08000878   0x00000024   Code   RO         2201    .text.CAN_RoboModule_DRV_Mode_Choice  robomodule_drv.o
    0x0800089c   0x0800089c   0x00000066   Code   RO         2209    .text.CAN_RoboModule_DRV_Position_Mode  robomodule_drv.o
    0x08000902   0x08000902   0x00000002   PAD
    0x08000904   0x08000904   0x00000018   Code   RO         2199    .text.CAN_RoboModule_DRV_Reset  robomodule_drv.o
    0x0800091c   0x0800091c   0x00000024   Code   RO         2093    .text.CAN_Send_StdDataFrame  candrive.o
    0x08000940   0x08000940   0x00000004   Code   RO         2293    .text.CDC_Control_FS  usbd_cdc_if.o
    0x08000944   0x08000944   0x00000004   Code   RO         2291    .text.CDC_DeInit_FS  usbd_cdc_if.o
    0x08000948   0x08000948   0x0000002c   Code   RO         2289    .text.CDC_Init_FS   usbd_cdc_if.o
    0x08000974   0x08000974   0x00000028   Code   RO         2295    .text.CDC_Receive_FS  usbd_cdc_if.o
    0x0800099c   0x0800099c   0x00000004   Code   RO         2297    .text.CDC_TransmitCplt_FS  usbd_cdc_if.o
    0x080009a0   0x080009a0   0x0000004e   Code   RO         2091    .text.CanFilter_Init  candrive.o
    0x080009ee   0x080009ee   0x00000002   PAD
    0x080009f0   0x080009f0   0x00000010   Code   RO          327    .text.DMA1_Stream1_IRQHandler  stm32f4xx_it.o
    0x08000a00   0x08000a00   0x00000010   Code   RO          329    .text.DMA1_Stream3_IRQHandler  stm32f4xx_it.o
    0x08000a10   0x08000a10   0x00000010   Code   RO          331    .text.DMA1_Stream5_IRQHandler  stm32f4xx_it.o
    0x08000a20   0x08000a20   0x00000010   Code   RO          333    .text.DMA1_Stream6_IRQHandler  stm32f4xx_it.o
    0x08000a30   0x08000a30   0x0000003c   Code   RO          774    .text.DMA_CalcBaseAndBitshift  stm32f4xx_hal_dma.o
    0x08000a6c   0x08000a6c   0x00000050   Code   RO          772    .text.DMA_CheckFifoParam  stm32f4xx_hal_dma.o
    0x08000abc   0x08000abc   0x00000030   Code   RO          780    .text.DMA_SetConfig  stm32f4xx_hal_dma.o
    0x08000aec   0x08000aec   0x00000002   Code   RO          325    .text.DebugMon_Handler  stm32f4xx_it.o
    0x08000aee   0x08000aee   0x00000002   PAD
    0x08000af0   0x08000af0   0x0000000a   Code   RO          200    .text.Error_Handler  main.o
    0x08000afa   0x08000afa   0x00000002   PAD
    0x08000afc   0x08000afc   0x00000046   Code   RO         2145    .text.GetChassisMotorPower  motor.o
    0x08000b42   0x08000b42   0x00000002   PAD
    0x08000b44   0x08000b44   0x00000034   Code   RO         2125    .text.Get_CRC16_Check_Sum  crc.o
    0x08000b78   0x08000b78   0x00000174   Code   RO           30    .text.Get_angle     pid_task.o
    0x08000cec   0x08000cec   0x00000026   Code   RO         1067    .text.HAL_CAN_ActivateNotification  stm32f4xx_hal_can.o
    0x08000d12   0x08000d12   0x00000002   PAD
    0x08000d14   0x08000d14   0x000000a4   Code   RO         1053    .text.HAL_CAN_AddTxMessage  stm32f4xx_hal_can.o
    0x08000db8   0x08000db8   0x000000de   Code   RO         1043    .text.HAL_CAN_ConfigFilter  stm32f4xx_hal_can.o
    0x08000e96   0x08000e96   0x00000002   PAD
    0x08000e98   0x08000e98   0x00000002   Code   RO         1097    .text.HAL_CAN_ErrorCallback  stm32f4xx_hal_can.o
    0x08000e9a   0x08000e9a   0x00000002   PAD
    0x08000e9c   0x08000e9c   0x00000020   Code   RO         1065    .text.HAL_CAN_GetRxFifoFillLevel  stm32f4xx_hal_can.o
    0x08000ebc   0x08000ebc   0x0000011c   Code   RO         1063    .text.HAL_CAN_GetRxMessage  stm32f4xx_hal_can.o
    0x08000fd8   0x08000fd8   0x0000023a   Code   RO         1071    .text.HAL_CAN_IRQHandler  stm32f4xx_hal_can.o
    0x08001212   0x08001212   0x00000002   PAD
    0x08001214   0x08001214   0x000000f4   Code   RO         1033    .text.HAL_CAN_Init  stm32f4xx_hal_can.o
    0x08001308   0x08001308   0x00000126   Code   RO          245    .text.HAL_CAN_MspInit  can.o
    0x0800142e   0x0800142e   0x00000002   PAD
    0x08001430   0x08001430   0x00000002   Code   RO         1085    .text.HAL_CAN_RxFifo0FullCallback  stm32f4xx_hal_can.o
    0x08001432   0x08001432   0x00000002   PAD
    0x08001434   0x08001434   0x0000011e   Code   RO           38    .text.HAL_CAN_RxFifo0MsgPendingCallback  pid_task.o
    0x08001552   0x08001552   0x00000002   PAD
    0x08001554   0x08001554   0x00000002   Code   RO         1089    .text.HAL_CAN_RxFifo1FullCallback  stm32f4xx_hal_can.o
    0x08001556   0x08001556   0x00000002   PAD
    0x08001558   0x08001558   0x00000098   Code   RO           40    .text.HAL_CAN_RxFifo1MsgPendingCallback  pid_task.o
    0x080015f0   0x080015f0   0x00000002   Code   RO         1093    .text.HAL_CAN_SleepCallback  stm32f4xx_hal_can.o
    0x080015f2   0x080015f2   0x00000002   PAD
    0x080015f4   0x080015f4   0x0000005a   Code   RO         1045    .text.HAL_CAN_Start  stm32f4xx_hal_can.o
    0x0800164e   0x0800164e   0x00000002   PAD
    0x08001650   0x08001650   0x00000002   Code   RO         1075    .text.HAL_CAN_TxMailbox0AbortCallback  stm32f4xx_hal_can.o
    0x08001652   0x08001652   0x00000002   PAD
    0x08001654   0x08001654   0x00000002   Code   RO         1073    .text.HAL_CAN_TxMailbox0CompleteCallback  stm32f4xx_hal_can.o
    0x08001656   0x08001656   0x00000002   PAD
    0x08001658   0x08001658   0x00000002   Code   RO         1079    .text.HAL_CAN_TxMailbox1AbortCallback  stm32f4xx_hal_can.o
    0x0800165a   0x0800165a   0x00000002   PAD
    0x0800165c   0x0800165c   0x00000002   Code   RO         1077    .text.HAL_CAN_TxMailbox1CompleteCallback  stm32f4xx_hal_can.o
    0x0800165e   0x0800165e   0x00000002   PAD
    0x08001660   0x08001660   0x00000002   Code   RO         1083    .text.HAL_CAN_TxMailbox2AbortCallback  stm32f4xx_hal_can.o
    0x08001662   0x08001662   0x00000002   PAD
    0x08001664   0x08001664   0x00000002   Code   RO         1081    .text.HAL_CAN_TxMailbox2CompleteCallback  stm32f4xx_hal_can.o
    0x08001666   0x08001666   0x00000002   PAD
    0x08001668   0x08001668   0x00000002   Code   RO         1095    .text.HAL_CAN_WakeUpFromRxMsgCallback  stm32f4xx_hal_can.o
    0x0800166a   0x0800166a   0x00000002   PAD
    0x0800166c   0x0800166c   0x00000080   Code   RO          784    .text.HAL_DMA_Abort  stm32f4xx_hal_dma.o
    0x080016ec   0x080016ec   0x0000018c   Code   RO          790    .text.HAL_DMA_IRQHandler  stm32f4xx_hal_dma.o
    0x08001878   0x08001878   0x000000ce   Code   RO          770    .text.HAL_DMA_Init  stm32f4xx_hal_dma.o
    0x08001946   0x08001946   0x00000002   PAD
    0x08001948   0x08001948   0x00000062   Code   RO          782    .text.HAL_DMA_Start_IT  stm32f4xx_hal_dma.o
    0x080019aa   0x080019aa   0x00000002   PAD
    0x080019ac   0x080019ac   0x00000028   Code   RO          962    .text.HAL_Delay     stm32f4xx_hal.o
    0x080019d4   0x080019d4   0x0000019a   Code   RO          730    .text.HAL_GPIO_Init  stm32f4xx_hal_gpio.o
    0x08001b6e   0x08001b6e   0x00000002   PAD
    0x08001b70   0x08001b70   0x0000000a   Code   RO          736    .text.HAL_GPIO_WritePin  stm32f4xx_hal_gpio.o
    0x08001b7a   0x08001b7a   0x00000002   PAD
    0x08001b7c   0x08001b7c   0x0000000c   Code   RO          954    .text.HAL_GetTick   stm32f4xx_hal.o
    0x08001b88   0x08001b88   0x0000001a   Code   RO          952    .text.HAL_IncTick   stm32f4xx_hal.o
    0x08001ba2   0x08001ba2   0x00000002   PAD
    0x08001ba4   0x08001ba4   0x00000036   Code   RO          942    .text.HAL_Init      stm32f4xx_hal.o
    0x08001bda   0x08001bda   0x00000002   PAD
    0x08001bdc   0x08001bdc   0x000000aa   Code   RO          369    .text.HAL_InitTick  stm32f4xx_hal_timebase_tim.o
    0x08001c86   0x08001c86   0x00000002   PAD
    0x08001c88   0x08001c88   0x00000046   Code   RO          360    .text.HAL_MspInit   stm32f4xx_hal_msp.o
    0x08001cce   0x08001cce   0x00000002   PAD
    0x08001cd0   0x08001cd0   0x00000008   Code   RO          886    .text.HAL_NVIC_DisableIRQ  stm32f4xx_hal_cortex.o
    0x08001cd8   0x08001cd8   0x00000008   Code   RO          882    .text.HAL_NVIC_EnableIRQ  stm32f4xx_hal_cortex.o
    0x08001ce0   0x08001ce0   0x0000001e   Code   RO          874    .text.HAL_NVIC_SetPriority  stm32f4xx_hal_cortex.o
    0x08001cfe   0x08001cfe   0x00000002   PAD
    0x08001d00   0x08001d00   0x00000008   Code   RO          870    .text.HAL_NVIC_SetPriorityGrouping  stm32f4xx_hal_cortex.o
    0x08001d08   0x08001d08   0x00000002   Code   RO          472    .text.HAL_PCDEx_LPM_Callback  stm32f4xx_hal_pcd_ex.o
    0x08001d0a   0x08001d0a   0x00000002   PAD
    0x08001d0c   0x08001d0c   0x00000008   Code   RO          470    .text.HAL_PCDEx_SetRxFiFo  stm32f4xx_hal_pcd_ex.o
    0x08001d14   0x08001d14   0x00000050   Code   RO          468    .text.HAL_PCDEx_SetTxFiFo  stm32f4xx_hal_pcd_ex.o
    0x08001d64   0x08001d64   0x0000000c   Code   RO         2334    .text.HAL_PCD_ConnectCallback  usbd_conf.o
    0x08001d70   0x08001d70   0x00000018   Code   RO         2320    .text.HAL_PCD_DataInStageCallback  usbd_conf.o
    0x08001d88   0x08001d88   0x0000001a   Code   RO         2318    .text.HAL_PCD_DataOutStageCallback  usbd_conf.o
    0x08001da2   0x08001da2   0x00000002   PAD
    0x08001da4   0x08001da4   0x0000000c   Code   RO         2336    .text.HAL_PCD_DisconnectCallback  usbd_conf.o
    0x08001db0   0x08001db0   0x00000024   Code   RO          418    .text.HAL_PCD_EP_Abort  stm32f4xx_hal_pcd.o
    0x08001dd4   0x08001dd4   0x0000004c   Code   RO          438    .text.HAL_PCD_EP_Close  stm32f4xx_hal_pcd.o
    0x08001e20   0x08001e20   0x00000062   Code   RO          448    .text.HAL_PCD_EP_ClrStall  stm32f4xx_hal_pcd.o
    0x08001e82   0x08001e82   0x00000002   PAD
    0x08001e84   0x08001e84   0x00000012   Code   RO          442    .text.HAL_PCD_EP_GetRxCount  stm32f4xx_hal_pcd.o
    0x08001e96   0x08001e96   0x00000002   PAD
    0x08001e98   0x08001e98   0x00000060   Code   RO          436    .text.HAL_PCD_EP_Open  stm32f4xx_hal_pcd.o
    0x08001ef8   0x08001ef8   0x0000004c   Code   RO          440    .text.HAL_PCD_EP_Receive  stm32f4xx_hal_pcd.o
    0x08001f44   0x08001f44   0x0000006e   Code   RO          446    .text.HAL_PCD_EP_SetStall  stm32f4xx_hal_pcd.o
    0x08001fb2   0x08001fb2   0x00000002   PAD
    0x08001fb4   0x08001fb4   0x00000044   Code   RO          444    .text.HAL_PCD_EP_Transmit  stm32f4xx_hal_pcd.o
    0x08001ff8   0x08001ff8   0x000005b2   Code   RO          396    .text.HAL_PCD_IRQHandler  stm32f4xx_hal_pcd.o
    0x080025aa   0x080025aa   0x00000002   PAD
    0x080025ac   0x080025ac   0x0000000c   Code   RO         2332    .text.HAL_PCD_ISOINIncompleteCallback  usbd_conf.o
    0x080025b8   0x080025b8   0x0000000c   Code   RO         2330    .text.HAL_PCD_ISOOUTIncompleteCallback  usbd_conf.o
    0x080025c4   0x080025c4   0x00000142   Code   RO          384    .text.HAL_PCD_Init  stm32f4xx_hal_pcd.o
    0x08002706   0x08002706   0x00000002   PAD
    0x08002708   0x08002708   0x00000088   Code   RO         2312    .text.HAL_PCD_MspInit  usbd_conf.o
    0x08002790   0x08002790   0x00000028   Code   RO         2324    .text.HAL_PCD_ResetCallback  usbd_conf.o
    0x080027b8   0x080027b8   0x0000000c   Code   RO         2328    .text.HAL_PCD_ResumeCallback  usbd_conf.o
    0x080027c4   0x080027c4   0x0000000c   Code   RO         2322    .text.HAL_PCD_SOFCallback  usbd_conf.o
    0x080027d0   0x080027d0   0x00000028   Code   RO          434    .text.HAL_PCD_SetAddress  stm32f4xx_hal_pcd.o
    0x080027f8   0x080027f8   0x00000012   Code   RO         2316    .text.HAL_PCD_SetupStageCallback  usbd_conf.o
    0x0800280a   0x0800280a   0x00000002   PAD
    0x0800280c   0x0800280c   0x0000003e   Code   RO          392    .text.HAL_PCD_Start  stm32f4xx_hal_pcd.o
    0x0800284a   0x0800284a   0x00000002   PAD
    0x0800284c   0x0800284c   0x00000034   Code   RO         2326    .text.HAL_PCD_SuspendCallback  usbd_conf.o
    0x08002880   0x08002880   0x00000160   Code   RO          594    .text.HAL_RCC_ClockConfig  stm32f4xx_hal_rcc.o
    0x080029e0   0x080029e0   0x0000003e   Code   RO          612    .text.HAL_RCC_GetClockConfig  stm32f4xx_hal_rcc.o
    0x08002a1e   0x08002a1e   0x00000002   PAD
    0x08002a20   0x08002a20   0x0000000c   Code   RO          604    .text.HAL_RCC_GetHCLKFreq  stm32f4xx_hal_rcc.o
    0x08002a2c   0x08002a2c   0x00000022   Code   RO          606    .text.HAL_RCC_GetPCLK1Freq  stm32f4xx_hal_rcc.o
    0x08002a4e   0x08002a4e   0x00000002   PAD
    0x08002a50   0x08002a50   0x00000022   Code   RO          608    .text.HAL_RCC_GetPCLK2Freq  stm32f4xx_hal_rcc.o
    0x08002a72   0x08002a72   0x00000002   PAD
    0x08002a74   0x08002a74   0x00000068   Code   RO          596    .text.HAL_RCC_GetSysClockFreq  stm32f4xx_hal_rcc.o
    0x08002adc   0x08002adc   0x00000348   Code   RO          592    .text.HAL_RCC_OscConfig  stm32f4xx_hal_rcc.o
    0x08002e24   0x08002e24   0x00000002   Code   RO         1437    .text.HAL_TIMEx_BreakCallback  stm32f4xx_hal_tim_ex.o
    0x08002e26   0x08002e26   0x00000002   PAD
    0x08002e28   0x08002e28   0x00000002   Code   RO         1433    .text.HAL_TIMEx_CommutCallback  stm32f4xx_hal_tim_ex.o
    0x08002e2a   0x08002e2a   0x00000002   PAD
    0x08002e2c   0x08002e2c   0x0000004c   Code   RO         1429    .text.HAL_TIMEx_ConfigBreakDeadTime  stm32f4xx_hal_tim_ex.o
    0x08002e78   0x08002e78   0x000000b8   Code   RO         1427    .text.HAL_TIMEx_MasterConfigSynchronization  stm32f4xx_hal_tim_ex.o
    0x08002f30   0x08002f30   0x0000005a   Code   RO         1113    .text.HAL_TIM_Base_Init  stm32f4xx_hal_tim.o
    0x08002f8a   0x08002f8a   0x00000002   PAD
    0x08002f8c   0x08002f8c   0x00000034   Code   RO          275    .text.HAL_TIM_Base_MspInit  tim.o
    0x08002fc0   0x08002fc0   0x000000a8   Code   RO         1127    .text.HAL_TIM_Base_Start_IT  stm32f4xx_hal_tim.o
    0x08003068   0x08003068   0x000000de   Code   RO         1305    .text.HAL_TIM_ConfigClockSource  stm32f4xx_hal_tim.o
    0x08003146   0x08003146   0x00000002   PAD
    0x08003148   0x08003148   0x00000002   Code   RO         1249    .text.HAL_TIM_IC_CaptureCallback  stm32f4xx_hal_tim.o
    0x0800314a   0x0800314a   0x00000002   PAD
    0x0800314c   0x0800314c   0x0000016a   Code   RO         1247    .text.HAL_TIM_IRQHandler  stm32f4xx_hal_tim.o
    0x080032b6   0x080032b6   0x00000002   PAD
    0x080032b8   0x080032b8   0x0000009e   Code   RO          271    .text.HAL_TIM_MspPostInit  tim.o
    0x08003356   0x08003356   0x00000002   PAD
    0x08003358   0x08003358   0x00000002   Code   RO         1251    .text.HAL_TIM_OC_DelayElapsedCallback  stm32f4xx_hal_tim.o
    0x0800335a   0x0800335a   0x00000002   PAD
    0x0800335c   0x0800335c   0x00000098   Code   RO         1279    .text.HAL_TIM_PWM_ConfigChannel  stm32f4xx_hal_tim.o
    0x080033f4   0x080033f4   0x0000005a   Code   RO         1167    .text.HAL_TIM_PWM_Init  stm32f4xx_hal_tim.o
    0x0800344e   0x0800344e   0x00000002   PAD
    0x08003450   0x08003450   0x00000036   Code   RO          277    .text.HAL_TIM_PWM_MspInit  tim.o
    0x08003486   0x08003486   0x00000002   PAD
    0x08003488   0x08003488   0x00000002   Code   RO         1253    .text.HAL_TIM_PWM_PulseFinishedCallback  stm32f4xx_hal_tim.o
    0x0800348a   0x0800348a   0x00000002   PAD
    0x0800348c   0x0800348c   0x00000122   Code   RO         1175    .text.HAL_TIM_PWM_Start  stm32f4xx_hal_tim.o
    0x080035ae   0x080035ae   0x00000002   PAD
    0x080035b0   0x080035b0   0x00000010   Code   RO          202    .text.HAL_TIM_PeriodElapsedCallback  main.o
    0x080035c0   0x080035c0   0x00000002   Code   RO         1257    .text.HAL_TIM_TriggerCallback  stm32f4xx_hal_tim.o
    0x080035c2   0x080035c2   0x00000002   PAD
    0x080035c4   0x080035c4   0x00000002   Code   RO         1541    .text.HAL_UARTEx_RxEventCallback  stm32f4xx_hal_uart.o
    0x080035c6   0x080035c6   0x00000002   PAD
    0x080035c8   0x080035c8   0x00000078   Code   RO         1495    .text.HAL_UART_DMAStop  stm32f4xx_hal_uart.o
    0x08003640   0x08003640   0x00000002   Code   RO         1539    .text.HAL_UART_ErrorCallback  stm32f4xx_hal_uart.o
    0x08003642   0x08003642   0x00000002   PAD
    0x08003644   0x08003644   0x0000005e   Code   RO         1451    .text.HAL_UART_Init  stm32f4xx_hal_uart.o
    0x080036a2   0x080036a2   0x00000002   PAD
    0x080036a4   0x080036a4   0x000001f4   Code   RO          297    .text.HAL_UART_MspInit  usart.o
    0x08003898   0x08003898   0x00000038   Code   RO         1487    .text.HAL_UART_Receive_DMA  stm32f4xx_hal_uart.o
    0x080038d0   0x080038d0   0x00000002   Code   RO         1551    .text.HAL_UART_RxCpltCallback  stm32f4xx_hal_uart.o
    0x080038d2   0x080038d2   0x00000002   PAD
    0x080038d4   0x080038d4   0x00000002   Code   RO         1553    .text.HAL_UART_RxHalfCpltCallback  stm32f4xx_hal_uart.o
    0x080038d6   0x080038d6   0x00000002   PAD
    0x080038d8   0x080038d8   0x000000cc   Code   RO         1467    .text.HAL_UART_Transmit  stm32f4xx_hal_uart.o
    0x080039a4   0x080039a4   0x00000002   Code   RO          317    .text.HardFault_Handler  stm32f4xx_it.o
    0x080039a6   0x080039a6   0x00000002   PAD
    0x080039a8   0x080039a8   0x00000090   Code   RO          125    .text.Lanuch_Task   servos_task.o
    0x08003a38   0x08003a38   0x0000005c   Code   RO         2151    .text.M2006_Receive  motor.o
    0x08003a94   0x08003a94   0x0000003c   Code   RO          241    .text.MX_CAN1_Init  can.o
    0x08003ad0   0x08003ad0   0x0000003c   Code   RO          243    .text.MX_CAN2_Init  can.o
    0x08003b0c   0x08003b0c   0x00000066   Code   RO          260    .text.MX_DMA_Init   dma.o
    0x08003b72   0x08003b72   0x00000002   PAD
    0x08003b74   0x08003b74   0x0000003c   Code   RO          224    .text.MX_FREERTOS_Init  freertos.o
    0x08003bb0   0x08003bb0   0x000000de   Code   RO          213    .text.MX_GPIO_Init  gpio.o
    0x08003c8e   0x08003c8e   0x00000002   PAD
    0x08003c90   0x08003c90   0x0000015a   Code   RO          269    .text.MX_TIM1_Init  tim.o
    0x08003dea   0x08003dea   0x00000002   PAD
    0x08003dec   0x08003dec   0x00000092   Code   RO          273    .text.MX_TIM4_Init  tim.o
    0x08003e7e   0x08003e7e   0x00000002   PAD
    0x08003e80   0x08003e80   0x00000038   Code   RO          293    .text.MX_USART2_UART_Init  usart.o
    0x08003eb8   0x08003eb8   0x00000038   Code   RO          295    .text.MX_USART3_UART_Init  usart.o
    0x08003ef0   0x08003ef0   0x0000006e   Code   RO         2253    .text.MX_USB_DEVICE_Init  usb_device.o
    0x08003f5e   0x08003f5e   0x00000002   PAD
    0x08003f60   0x08003f60   0x00000002   Code   RO          319    .text.MemManage_Handler  stm32f4xx_it.o
    0x08003f62   0x08003f62   0x00000002   PAD
    0x08003f64   0x08003f64   0x0000003a   Code   RO         2153    .text.MotorSend     motor.o
    0x08003f9e   0x08003f9e   0x00000002   PAD
    0x08003fa0   0x08003fa0   0x00000002   Code   RO          315    .text.NMI_Handler   stm32f4xx_it.o
    0x08003fa2   0x08003fa2   0x00000002   PAD
    0x08003fa4   0x08003fa4   0x0000002c   Code   RO          880    .text.NVIC_EncodePriority  stm32f4xx_hal_cortex.o
    0x08003fd0   0x08003fd0   0x00000010   Code   RO          349    .text.OTG_FS_IRQHandler  stm32f4xx_it.o
    0x08003fe0   0x08003fe0   0x0000004c   Code   RO          400    .text.PCD_EP_OutSetupPacket_int  stm32f4xx_hal_pcd.o
    0x0800402c   0x0800402c   0x000000d8   Code   RO          398    .text.PCD_EP_OutXfrComplete_int  stm32f4xx_hal_pcd.o
    0x08004104   0x08004104   0x000000d0   Code   RO          408    .text.PCD_WriteEmptyTxFifo  stm32f4xx_hal_pcd.o
    0x080041d4   0x080041d4   0x00000072   Code   RO         2165    .text.PID_Control   pid.o
    0x08004246   0x08004246   0x00000002   PAD
    0x08004248   0x08004248   0x00000380   Code   RO           24    .text.PID_Task      pid_task.o
    0x080045c8   0x080045c8   0x00000008   PAD
    0x080045d0   0x080045d0   0x00000064   Code   RO         2074    .text.PendSV_Handler  port.o
    0x08004634   0x08004634   0x0000001e   Code   RO           22    .text.Position_mode_change  pid_task.o
    0x08004652   0x08004652   0x00000002   PAD
    0x08004654   0x08004654   0x00000054   Code   RO          117    .text.RAMP_selfs    servos_task.o
    0x080046a8   0x080046a8   0x00000028   Code   RO           13    .text.RGB_init      task_init.o
    0x080046d0   0x080046d0   0x0000007c   Code   RO         2143    .text.RM3508_Receive  motor.o
    0x0800474c   0x0800474c   0x0000005c   Code   RO         2141    .text.RM3510_Receive  motor.o
    0x080047a8   0x080047a8   0x00000008   PAD
    0x080047b0   0x080047b0   0x00000024   Code   RO         2058    .text.SVC_Handler   port.o
    0x080047d4   0x080047d4   0x00000004   Code   RO         2464    .text.SWAPBYTE      usbd_ctlreq.o
    0x080047d8   0x080047d8   0x00000014   Code   RO          127    .text.Shut          servos_task.o
    0x080047ec   0x080047ec   0x00000018   Code   RO          226    .text.StartDefaultTask  freertos.o
    0x08004804   0x08004804   0x0000002e   Code   RO         2076    .text.SysTick_Handler  port.o
    0x08004832   0x08004832   0x00000002   PAD
    0x08004834   0x08004834   0x000000a6   Code   RO          198    .text.SystemClock_Config  main.o
    0x080048da   0x080048da   0x00000002   PAD
    0x080048dc   0x080048dc   0x00000012   Code   RO         1581    .text.SystemInit    system_stm32f4xx.o
    0x080048ee   0x080048ee   0x00000002   PAD
    0x080048f0   0x080048f0   0x00000010   Code   RO          339    .text.TIM2_IRQHandler  stm32f4xx_it.o
    0x08004900   0x08004900   0x00000124   Code   RO         1117    .text.TIM_Base_SetConfig  stm32f4xx_hal_tim.o
    0x08004a24   0x08004a24   0x00000024   Code   RO         1151    .text.TIM_CCxChannelCmd  stm32f4xx_hal_tim.o
    0x08004a48   0x08004a48   0x00000016   Code   RO         1303    .text.TIM_ETR_SetConfig  stm32f4xx_hal_tim.o
    0x08004a5e   0x08004a5e   0x00000002   PAD
    0x08004a60   0x08004a60   0x00000010   Code   RO         1309    .text.TIM_ITRx_SetConfig  stm32f4xx_hal_tim.o
    0x08004a70   0x08004a70   0x00000064   Code   RO         1261    .text.TIM_OC1_SetConfig  stm32f4xx_hal_tim.o
    0x08004ad4   0x08004ad4   0x0000006a   Code   RO         1263    .text.TIM_OC2_SetConfig  stm32f4xx_hal_tim.o
    0x08004b3e   0x08004b3e   0x00000002   PAD
    0x08004b40   0x08004b40   0x00000068   Code   RO         1265    .text.TIM_OC3_SetConfig  stm32f4xx_hal_tim.o
    0x08004ba8   0x08004ba8   0x0000004e   Code   RO         1267    .text.TIM_OC4_SetConfig  stm32f4xx_hal_tim.o
    0x08004bf6   0x08004bf6   0x00000002   PAD
    0x08004bf8   0x08004bf8   0x00000022   Code   RO         1307    .text.TIM_TI1_ConfigInputStage  stm32f4xx_hal_tim.o
    0x08004c1a   0x08004c1a   0x00000002   PAD
    0x08004c1c   0x08004c1c   0x00000024   Code   RO         1311    .text.TIM_TI2_ConfigInputStage  stm32f4xx_hal_tim.o
    0x08004c40   0x08004c40   0x0000004c   Code   RO         1485    .text.UART_DMAError  stm32f4xx_hal_uart.o
    0x08004c8c   0x08004c8c   0x00000080   Code   RO         1569    .text.UART_DMAReceiveCplt  stm32f4xx_hal_uart.o
    0x08004d0c   0x08004d0c   0x0000001a   Code   RO         1571    .text.UART_DMARxHalfCplt  stm32f4xx_hal_uart.o
    0x08004d26   0x08004d26   0x00000002   PAD
    0x08004d28   0x08004d28   0x00000050   Code   RO         1499    .text.UART_EndRxTransfer  stm32f4xx_hal_uart.o
    0x08004d78   0x08004d78   0x0000001c   Code   RO         1497    .text.UART_EndTxTransfer  stm32f4xx_hal_uart.o
    0x08004d94   0x08004d94   0x000000dc   Code   RO         1455    .text.UART_SetConfig  stm32f4xx_hal_uart.o
    0x08004e70   0x08004e70   0x0000009a   Code   RO         1489    .text.UART_Start_Receive_DMA  stm32f4xx_hal_uart.o
    0x08004f0a   0x08004f0a   0x00000002   PAD
    0x08004f0c   0x08004f0c   0x0000007a   Code   RO         1469    .text.UART_WaitOnFlagUntilTimeout  stm32f4xx_hal_uart.o
    0x08004f86   0x08004f86   0x00000002   PAD
    0x08004f88   0x08004f88   0x000000e4   Code   RO          341    .text.USART2_IRQHandler  stm32f4xx_it.o
    0x0800506c   0x0800506c   0x00000098   Code   RO          343    .text.USART3_IRQHandler  stm32f4xx_it.o
    0x08005104   0x08005104   0x00000074   Code   RO         2509    .text.USBD_CDC_DataIn  usbd_cdc.o
    0x08005178   0x08005178   0x0000003c   Code   RO         2511    .text.USBD_CDC_DataOut  usbd_cdc.o
    0x080051b4   0x080051b4   0x0000005a   Code   RO         2503    .text.USBD_CDC_DeInit  usbd_cdc.o
    0x0800520e   0x0800520e   0x00000002   PAD
    0x08005210   0x08005210   0x0000003a   Code   RO         2507    .text.USBD_CDC_EP0_RxReady  usbd_cdc.o
    0x0800524a   0x0800524a   0x00000002   PAD
    0x0800524c   0x0800524c   0x00000010   Code   RO         2519    .text.USBD_CDC_GetDeviceQualifierDescriptor  usbd_cdc.o
    0x0800525c   0x0800525c   0x00000052   Code   RO         2515    .text.USBD_CDC_GetFSCfgDesc  usbd_cdc.o
    0x080052ae   0x080052ae   0x00000002   PAD
    0x080052b0   0x080052b0   0x00000056   Code   RO         2513    .text.USBD_CDC_GetHSCfgDesc  usbd_cdc.o
    0x08005306   0x08005306   0x00000002   PAD
    0x08005308   0x08005308   0x00000052   Code   RO         2517    .text.USBD_CDC_GetOtherSpeedCfgDesc  usbd_cdc.o
    0x0800535a   0x0800535a   0x00000002   PAD
    0x0800535c   0x0800535c   0x000000d4   Code   RO         2501    .text.USBD_CDC_Init  usbd_cdc.o
    0x08005430   0x08005430   0x00000032   Code   RO         2529    .text.USBD_CDC_ReceivePacket  usbd_cdc.o
    0x08005462   0x08005462   0x00000002   PAD
    0x08005464   0x08005464   0x00000018   Code   RO         2521    .text.USBD_CDC_RegisterInterface  usbd_cdc.o
    0x0800547c   0x0800547c   0x0000001a   Code   RO         2525    .text.USBD_CDC_SetRxBuffer  usbd_cdc.o
    0x08005496   0x08005496   0x00000002   PAD
    0x08005498   0x08005498   0x0000001e   Code   RO         2523    .text.USBD_CDC_SetTxBuffer  usbd_cdc.o
    0x080054b6   0x080054b6   0x00000002   PAD
    0x080054b8   0x080054b8   0x0000011a   Code   RO         2505    .text.USBD_CDC_Setup  usbd_cdc.o
    0x080055d2   0x080055d2   0x00000002   PAD
    0x080055d4   0x080055d4   0x00000012   Code   RO         2398    .text.USBD_ClrClassConfig  usbd_core.o
    0x080055e6   0x080055e6   0x00000002   PAD
    0x080055e8   0x080055e8   0x00000026   Code   RO         2454    .text.USBD_ClrFeature  usbd_ctlreq.o
    0x0800560e   0x0800560e   0x00000002   PAD
    0x08005610   0x08005610   0x00000004   Code   RO         2406    .text.USBD_CoreFindEP  usbd_core.o
    0x08005614   0x08005614   0x00000004   Code   RO         2404    .text.USBD_CoreFindIF  usbd_core.o
    0x08005618   0x08005618   0x00000010   Code   RO         2485    .text.USBD_CtlContinueRx  usbd_ioreq.o
    0x08005628   0x08005628   0x00000010   Code   RO         2481    .text.USBD_CtlContinueSendData  usbd_ioreq.o
    0x08005638   0x08005638   0x00000014   Code   RO         2456    .text.USBD_CtlError  usbd_ctlreq.o
    0x0800564c   0x0800564c   0x0000001a   Code   RO         2483    .text.USBD_CtlPrepareRx  usbd_ioreq.o
    0x08005666   0x08005666   0x00000002   PAD
    0x08005668   0x08005668   0x00000016   Code   RO         2489    .text.USBD_CtlReceiveStatus  usbd_ioreq.o
    0x0800567e   0x0800567e   0x00000002   PAD
    0x08005680   0x08005680   0x0000001a   Code   RO         2479    .text.USBD_CtlSendData  usbd_ioreq.o
    0x0800569a   0x0800569a   0x00000002   PAD
    0x0800569c   0x0800569c   0x00000016   Code   RO         2487    .text.USBD_CtlSendStatus  usbd_ioreq.o
    0x080056b2   0x080056b2   0x00000002   PAD
    0x080056b4   0x080056b4   0x00000024   Code   RO         2272    .text.USBD_FS_ConfigStrDescriptor  usbd_desc.o
    0x080056d8   0x080056d8   0x0000000e   Code   RO         2262    .text.USBD_FS_DeviceDescriptor  usbd_desc.o
    0x080056e6   0x080056e6   0x00000002   PAD
    0x080056e8   0x080056e8   0x00000028   Code   RO         2274    .text.USBD_FS_InterfaceStrDescriptor  usbd_desc.o
    0x08005710   0x08005710   0x0000000e   Code   RO         2264    .text.USBD_FS_LangIDStrDescriptor  usbd_desc.o
    0x0800571e   0x0800571e   0x00000002   PAD
    0x08005720   0x08005720   0x0000002c   Code   RO         2266    .text.USBD_FS_ManufacturerStrDescriptor  usbd_desc.o
    0x0800574c   0x0800574c   0x00000030   Code   RO         2268    .text.USBD_FS_ProductStrDescriptor  usbd_desc.o
    0x0800577c   0x0800577c   0x0000000e   Code   RO         2270    .text.USBD_FS_SerialStrDescriptor  usbd_desc.o
    0x0800578a   0x0800578a   0x00000002   PAD
    0x0800578c   0x0800578c   0x00000030   Code   RO         2448    .text.USBD_GetConfig  usbd_ctlreq.o
    0x080057bc   0x080057bc   0x00000106   Code   RO         2442    .text.USBD_GetDescriptor  usbd_ctlreq.o
    0x080058c2   0x080058c2   0x00000002   PAD
    0x080058c4   0x080058c4   0x0000004a   Code   RO         2428    .text.USBD_GetEpDesc  usbd_core.o
    0x0800590e   0x0800590e   0x00000002   PAD
    0x08005910   0x08005910   0x0000001e   Code   RO         2468    .text.USBD_GetLen   usbd_ctlreq.o
    0x0800592e   0x0800592e   0x00000002   PAD
    0x08005930   0x08005930   0x0000000c   Code   RO         2430    .text.USBD_GetNextDesc  usbd_core.o
    0x0800593c   0x0800593c   0x00000032   Code   RO         2450    .text.USBD_GetStatus  usbd_ctlreq.o
    0x0800596e   0x0800596e   0x00000002   PAD
    0x08005970   0x08005970   0x00000044   Code   RO         2466    .text.USBD_GetString  usbd_ctlreq.o
    0x080059b4   0x080059b4   0x0000001a   Code   RO         2342    .text.USBD_Get_USB_Status  usbd_conf.o
    0x080059ce   0x080059ce   0x00000002   PAD
    0x080059d0   0x080059d0   0x0000002e   Code   RO         2384    .text.USBD_Init     usbd_core.o
    0x080059fe   0x080059fe   0x00000002   PAD
    0x08005a00   0x08005a00   0x00000010   Code   RO         2356    .text.USBD_LL_ClearStallEP  usbd_conf.o
    0x08005a10   0x08005a10   0x00000010   Code   RO         2350    .text.USBD_LL_CloseEP  usbd_conf.o
    0x08005a20   0x08005a20   0x000000b2   Code   RO         2408    .text.USBD_LL_DataInStage  usbd_core.o
    0x08005ad2   0x08005ad2   0x00000002   PAD
    0x08005ad4   0x08005ad4   0x00000078   Code   RO         2402    .text.USBD_LL_DataOutStage  usbd_core.o
    0x08005b4c   0x08005b4c   0x00000004   Code   RO         2424    .text.USBD_LL_DevConnected  usbd_core.o
    0x08005b50   0x08005b50   0x00000020   Code   RO         2426    .text.USBD_LL_DevDisconnected  usbd_core.o
    0x08005b70   0x08005b70   0x0000000c   Code   RO         2366    .text.USBD_LL_GetRxDataSize  usbd_conf.o
    0x08005b7c   0x08005b7c   0x0000006e   Code   RO         2338    .text.USBD_LL_Init  usbd_conf.o
    0x08005bea   0x08005bea   0x00000002   PAD
    0x08005bec   0x08005bec   0x00000020   Code   RO         2358    .text.USBD_LL_IsStallEP  usbd_conf.o
    0x08005c0c   0x08005c0c   0x00000026   Code   RO         2420    .text.USBD_LL_IsoINIncomplete  usbd_core.o
    0x08005c32   0x08005c32   0x00000002   PAD
    0x08005c34   0x08005c34   0x00000026   Code   RO         2422    .text.USBD_LL_IsoOUTIncomplete  usbd_core.o
    0x08005c5a   0x08005c5a   0x00000002   PAD
    0x08005c5c   0x08005c5c   0x00000016   Code   RO         2348    .text.USBD_LL_OpenEP  usbd_conf.o
    0x08005c72   0x08005c72   0x00000002   PAD
    0x08005c74   0x08005c74   0x00000010   Code   RO         2364    .text.USBD_LL_PrepareReceive  usbd_conf.o
    0x08005c84   0x08005c84   0x00000064   Code   RO         2410    .text.USBD_LL_Reset  usbd_core.o
    0x08005ce8   0x08005ce8   0x00000014   Code   RO         2416    .text.USBD_LL_Resume  usbd_core.o
    0x08005cfc   0x08005cfc   0x0000001c   Code   RO         2418    .text.USBD_LL_SOF   usbd_core.o
    0x08005d18   0x08005d18   0x00000008   Code   RO         2412    .text.USBD_LL_SetSpeed  usbd_core.o
    0x08005d20   0x08005d20   0x00000010   Code   RO         2360    .text.USBD_LL_SetUSBAddress  usbd_conf.o
    0x08005d30   0x08005d30   0x00000058   Code   RO         2400    .text.USBD_LL_SetupStage  usbd_core.o
    0x08005d88   0x08005d88   0x00000010   Code   RO         2354    .text.USBD_LL_StallEP  usbd_conf.o
    0x08005d98   0x08005d98   0x00000010   Code   RO         2344    .text.USBD_LL_Start  usbd_conf.o
    0x08005da8   0x08005da8   0x00000014   Code   RO         2414    .text.USBD_LL_Suspend  usbd_core.o
    0x08005dbc   0x08005dbc   0x00000010   Code   RO         2362    .text.USBD_LL_Transmit  usbd_conf.o
    0x08005dcc   0x08005dcc   0x00000028   Code   RO         2462    .text.USBD_ParseSetupRequest  usbd_ctlreq.o
    0x08005df4   0x08005df4   0x00000042   Code   RO         2388    .text.USBD_RegisterClass  usbd_core.o
    0x08005e36   0x08005e36   0x00000002   PAD
    0x08005e38   0x08005e38   0x00000046   Code   RO         2444    .text.USBD_SetAddress  usbd_ctlreq.o
    0x08005e7e   0x08005e7e   0x00000002   PAD
    0x08005e80   0x08005e80   0x00000012   Code   RO         2396    .text.USBD_SetClassConfig  usbd_core.o
    0x08005e92   0x08005e92   0x00000002   PAD
    0x08005e94   0x08005e94   0x000000b8   Code   RO         2446    .text.USBD_SetConfig  usbd_ctlreq.o
    0x08005f4c   0x08005f4c   0x0000002a   Code   RO         2452    .text.USBD_SetFeature  usbd_ctlreq.o
    0x08005f76   0x08005f76   0x00000002   PAD
    0x08005f78   0x08005f78   0x00000008   Code   RO         2390    .text.USBD_Start    usbd_core.o
    0x08005f80   0x08005f80   0x00000076   Code   RO         2440    .text.USBD_StdDevReq  usbd_ctlreq.o
    0x08005ff6   0x08005ff6   0x00000002   PAD
    0x08005ff8   0x08005ff8   0x00000180   Code   RO         2460    .text.USBD_StdEPReq  usbd_ctlreq.o
    0x08006178   0x08006178   0x0000007c   Code   RO         2458    .text.USBD_StdItfReq  usbd_ctlreq.o
    0x080061f4   0x080061f4   0x00000002   Code   RO         2370    .text.USBD_static_free  usbd_conf.o
    0x080061f6   0x080061f6   0x00000002   PAD
    0x080061f8   0x080061f8   0x0000000a   Code   RO         2368    .text.USBD_static_malloc  usbd_conf.o
    0x08006202   0x08006202   0x00000002   PAD
    0x08006204   0x08006204   0x00000098   Code   RO          508    .text.USB_ActivateEndpoint  stm32f4xx_ll_usb.o
    0x0800629c   0x0800629c   0x00000020   Code   RO          550    .text.USB_ActivateSetup  stm32f4xx_ll_usb.o
    0x080062bc   0x080062bc   0x00000078   Code   RO          484    .text.USB_CoreInit  stm32f4xx_ll_usb.o
    0x08006334   0x08006334   0x0000004e   Code   RO          486    .text.USB_CoreReset  stm32f4xx_ll_usb.o
    0x08006382   0x08006382   0x00000002   PAD
    0x08006384   0x08006384   0x00000092   Code   RO          512    .text.USB_DeactivateEndpoint  stm32f4xx_ll_usb.o
    0x08006416   0x08006416   0x00000002   PAD
    0x08006418   0x08006418   0x0000001e   Code   RO          534    .text.USB_DevConnect  stm32f4xx_ll_usb.o
    0x08006436   0x08006436   0x00000002   PAD
    0x08006438   0x08006438   0x0000001e   Code   RO          536    .text.USB_DevDisconnect  stm32f4xx_ll_usb.o
    0x08006456   0x08006456   0x00000002   PAD
    0x08006458   0x08006458   0x0000015e   Code   RO          498    .text.USB_DevInit   stm32f4xx_ll_usb.o
    0x080065b6   0x080065b6   0x00000002   PAD
    0x080065b8   0x080065b8   0x0000000e   Code   RO          492    .text.USB_DisableGlobalInt  stm32f4xx_ll_usb.o
    0x080065c6   0x080065c6   0x00000002   PAD
    0x080065c8   0x080065c8   0x000000fc   Code   RO          520    .text.USB_EP0StartXfer  stm32f4xx_ll_usb.o
    0x080066c4   0x080066c4   0x0000005a   Code   RO          552    .text.USB_EP0_OutStart  stm32f4xx_ll_usb.o
    0x0800671e   0x0800671e   0x00000002   PAD
    0x08006720   0x08006720   0x00000050   Code   RO          528    .text.USB_EPClearStall  stm32f4xx_ll_usb.o
    0x08006770   0x08006770   0x0000004e   Code   RO          526    .text.USB_EPSetStall  stm32f4xx_ll_usb.o
    0x080067be   0x080067be   0x00000002   PAD
    0x080067c0   0x080067c0   0x000001b4   Code   RO          516    .text.USB_EPStartXfer  stm32f4xx_ll_usb.o
    0x08006974   0x08006974   0x00000086   Code   RO          522    .text.USB_EPStopXfer  stm32f4xx_ll_usb.o
    0x080069fa   0x080069fa   0x00000002   PAD
    0x080069fc   0x080069fc   0x0000000e   Code   RO          490    .text.USB_EnableGlobalInt  stm32f4xx_ll_usb.o
    0x08006a0a   0x08006a0a   0x00000002   PAD
    0x08006a0c   0x08006a0c   0x0000004a   Code   RO          504    .text.USB_FlushRxFifo  stm32f4xx_ll_usb.o
    0x08006a56   0x08006a56   0x00000002   PAD
    0x08006a58   0x08006a58   0x0000004e   Code   RO          502    .text.USB_FlushTxFifo  stm32f4xx_ll_usb.o
    0x08006aa6   0x08006aa6   0x00000002   PAD
    0x08006aa8   0x08006aa8   0x0000001a   Code   RO          506    .text.USB_GetDevSpeed  stm32f4xx_ll_usb.o
    0x08006ac2   0x08006ac2   0x00000002   PAD
    0x08006ac4   0x08006ac4   0x00000008   Code   RO          496    .text.USB_GetMode   stm32f4xx_ll_usb.o
    0x08006acc   0x08006acc   0x0000000e   Code   RO          542    .text.USB_ReadDevAllInEpInterrupt  stm32f4xx_ll_usb.o
    0x08006ada   0x08006ada   0x00000002   PAD
    0x08006adc   0x08006adc   0x0000000e   Code   RO          540    .text.USB_ReadDevAllOutEpInterrupt  stm32f4xx_ll_usb.o
    0x08006aea   0x08006aea   0x00000002   PAD
    0x08006aec   0x08006aec   0x00000024   Code   RO          546    .text.USB_ReadDevInEPInterrupt  stm32f4xx_ll_usb.o
    0x08006b10   0x08006b10   0x00000010   Code   RO          544    .text.USB_ReadDevOutEPInterrupt  stm32f4xx_ll_usb.o
    0x08006b20   0x08006b20   0x00000008   Code   RO          538    .text.USB_ReadInterrupts  stm32f4xx_ll_usb.o
    0x08006b28   0x08006b28   0x0000004a   Code   RO          524    .text.USB_ReadPacket  stm32f4xx_ll_usb.o
    0x08006b72   0x08006b72   0x00000002   PAD
    0x08006b74   0x08006b74   0x00000068   Code   RO          494    .text.USB_SetCurrentMode  stm32f4xx_ll_usb.o
    0x08006bdc   0x08006bdc   0x00000022   Code   RO          532    .text.USB_SetDevAddress  stm32f4xx_ll_usb.o
    0x08006bfe   0x08006bfe   0x00000002   PAD
    0x08006c00   0x08006c00   0x00000010   Code   RO          500    .text.USB_SetDevSpeed  stm32f4xx_ll_usb.o
    0x08006c10   0x08006c10   0x00000116   Code   RO          488    .text.USB_SetTurnaroundTime  stm32f4xx_ll_usb.o
    0x08006d26   0x08006d26   0x00000002   PAD
    0x08006d28   0x08006d28   0x00000034   Code   RO          518    .text.USB_WritePacket  stm32f4xx_ll_usb.o
    0x08006d5c   0x08006d5c   0x00000002   Code   RO          323    .text.UsageFault_Handler  stm32f4xx_it.o
    0x08006d5e   0x08006d5e   0x00000002   PAD
    0x08006d60   0x08006d60   0x00000014   Code   RO           42    .text.VCOMM_CallBack  pid_task.o
    0x08006d74   0x08006d74   0x00000002   Code   RO         2239    .text.VCOMM_Error_CallBack  vcomcomm.o
    0x08006d76   0x08006d76   0x00000002   PAD
    0x08006d78   0x08006d78   0x00000058   Code   RO         2237    .text.VCOMM_Receive_FS  vcomcomm.o
    0x08006dd0   0x08006dd0   0x00000014   Code   RO         2127    .text.Verify_CRC16_Check_Sum  crc.o
    0x08006de4   0x08006de4   0x00000028   Code   RO          888    .text.__NVIC_DisableIRQ  stm32f4xx_hal_cortex.o
    0x08006e0c   0x08006e0c   0x00000020   Code   RO          884    .text.__NVIC_EnableIRQ  stm32f4xx_hal_cortex.o
    0x08006e2c   0x08006e2c   0x00000010   Code   RO          876    .text.__NVIC_GetPriorityGrouping  stm32f4xx_hal_cortex.o
    0x08006e3c   0x08006e3c   0x00000022   Code   RO          878    .text.__NVIC_SetPriority  stm32f4xx_hal_cortex.o
    0x08006e5e   0x08006e5e   0x00000002   PAD
    0x08006e60   0x08006e60   0x00000020   Code   RO          872    .text.__NVIC_SetPriorityGrouping  stm32f4xx_hal_cortex.o
    0x08006e80   0x08006e80   0x0000004c   Code   RO           28    .text.jiaqu         pid_task.o
    0x08006ecc   0x08006ecc   0x0000007a   Code   RO          196    .text.main          main.o
    0x08006f46   0x08006f46   0x00000002   PAD
    0x08006f48   0x08006f48   0x0000000c   Code   RO         1912    .text.makeFreeRtosPriority  cmsis_os.o
    0x08006f54   0x08006f54   0x00000010   Code   RO         1926    .text.osDelay       cmsis_os.o
    0x08006f64   0x08006f64   0x0000000a   Code   RO         1902    .text.osKernelStart  cmsis_os.o
    0x08006f6e   0x08006f6e   0x00000002   PAD
    0x08006f70   0x08006f70   0x0000006e   Code   RO         1910    .text.osThreadCreate  cmsis_os.o
    0x08006fde   0x08006fde   0x00000002   PAD
    0x08006fe0   0x08006fe0   0x000000a2   Code   RO         1784    .text.prvAddCurrentTaskToDelayedList  tasks.o
    0x08007082   0x08007082   0x00000002   PAD
    0x08007084   0x08007084   0x000000ac   Code   RO         1770    .text.prvAddNewTaskToReadyList  tasks.o
    0x08007130   0x08007130   0x0000004e   Code   RO         1870    .text.prvCheckTasksWaitingTermination  tasks.o
    0x0800717e   0x0800717e   0x00000002   PAD
    0x08007180   0x08007180   0x0000007a   Code   RO         1661    .text.prvCopyDataToQueue  queue.o
    0x080071fa   0x080071fa   0x00000002   PAD
    0x080071fc   0x080071fc   0x00000036   Code   RO         1776    .text.prvDeleteTCB  tasks.o
    0x08007232   0x08007232   0x00000002   PAD
    0x08007234   0x08007234   0x00000012   Code   RO         1679    .text.prvGetDisinheritPriorityAfterTimeout  queue.o
    0x08007246   0x08007246   0x00000002   PAD
    0x08007248   0x08007248   0x00000076   Code   RO         2024    .text.prvHeapInit   heap_4.o
    0x080072be   0x080072be   0x00000002   PAD
    0x080072c0   0x080072c0   0x0000002a   Code   RO         1808    .text.prvIdleTask   tasks.o
    0x080072ea   0x080072ea   0x00000002   PAD
    0x080072ec   0x080072ec   0x00000018   Code   RO         1649    .text.prvInitialiseNewQueue  queue.o
    0x08007304   0x08007304   0x00000088   Code   RO         1768    .text.prvInitialiseNewTask  tasks.o
    0x0800738c   0x0800738c   0x0000006e   Code   RO         1868    .text.prvInitialiseTaskLists  tasks.o
    0x080073fa   0x080073fa   0x00000002   PAD
    0x080073fc   0x080073fc   0x0000005a   Code   RO         2026    .text.prvInsertBlockIntoFreeList  heap_4.o
    0x08007456   0x08007456   0x00000002   PAD
    0x08007458   0x08007458   0x00000018   Code   RO         1675    .text.prvIsQueueEmpty  queue.o
    0x08007470   0x08007470   0x0000001c   Code   RO         1663    .text.prvIsQueueFull  queue.o
    0x0800748c   0x0800748c   0x00000028   Code   RO         2066    .text.prvPortStartFirstTask  port.o
    0x080074b4   0x080074b4   0x00000028   Code   RO         1778    .text.prvResetNextTaskUnblockTime  tasks.o
    0x080074dc   0x080074dc   0x00000032   Code   RO         2056    .text.prvTaskExitError  port.o
    0x0800750e   0x0800750e   0x00000002   PAD
    0x08007510   0x08007510   0x00000072   Code   RO         1665    .text.prvUnlockQueue  queue.o
    0x08007582   0x08007582   0x00000002   PAD
    0x08007584   0x08007584   0x0000014a   Code   RO         2022    .text.pvPortMalloc  heap_4.o
    0x080076ce   0x080076ce   0x00000002   PAD
    0x080076d0   0x080076d0   0x00000018   Code   RO         1852    .text.pvTaskIncrementMutexHeldCount  tasks.o
    0x080076e8   0x080076e8   0x00000028   Code   RO         2054    .text.pxPortInitialiseStack  port.o
    0x08007710   0x08007710   0x0000004e   Code   RO          119    .text.setPos_put    servos_task.o
    0x0800775e   0x0800775e   0x00000002   PAD
    0x08007760   0x08007760   0x00000148   Code   RO           11    .text.task_Init     task_init.o
    0x080078a8   0x080078a8   0x00000024   Code   RO         1635    .text.uxListRemove  list.o
    0x080078cc   0x080078cc   0x0000001a   Code   RO          222    .text.vApplicationGetIdleTaskMemory  freertos.o
    0x080078e6   0x080078e6   0x00000002   PAD
    0x080078e8   0x080078e8   0x00000058   Code   RO          121    .text.vBlue_Brick_Init  servos_task.o
    0x08007940   0x08007940   0x00000016   Code   RO         1627    .text.vListInitialise  list.o
    0x08007956   0x08007956   0x00000002   PAD
    0x08007958   0x08007958   0x00000006   Code   RO         1629    .text.vListInitialiseItem  list.o
    0x0800795e   0x0800795e   0x00000002   PAD
    0x08007960   0x08007960   0x0000003a   Code   RO         1633    .text.vListInsert   list.o
    0x0800799a   0x0800799a   0x00000002   PAD
    0x0800799c   0x0800799c   0x0000001c   Code   RO         1631    .text.vListInsertEnd  list.o
    0x080079b8   0x080079b8   0x0000007c   Code   RO           32    .text.vN5055_task   pid_task.o
    0x08007a34   0x08007a34   0x00000014   Code   RO         2064    .text.vPortEnableVFP  port.o
    0x08007a48   0x08007a48   0x00000046   Code   RO         2070    .text.vPortEnterCritical  port.o
    0x08007a8e   0x08007a8e   0x00000002   PAD
    0x08007a90   0x08007a90   0x0000002e   Code   RO         2072    .text.vPortExitCritical  port.o
    0x08007abe   0x08007abe   0x00000002   PAD
    0x08007ac0   0x08007ac0   0x0000008a   Code   RO         2028    .text.vPortFree     heap_4.o
    0x08007b4a   0x08007b4a   0x00000002   PAD
    0x08007b4c   0x08007b4c   0x00000034   Code   RO         2062    .text.vPortSetupTimerInterrupt  port.o
    0x08007b80   0x08007b80   0x0000004c   Code   RO          123    .text.vPuttor_task  servos_task.o
    0x08007bcc   0x08007bcc   0x00000054   Code   RO         1788    .text.vTaskDelay    tasks.o
    0x08007c20   0x08007c20   0x000000a8   Code   RO         1780    .text.vTaskDelayUntil  tasks.o
    0x08007cc8   0x08007cc8   0x000000ee   Code   RO         1774    .text.vTaskDelete   tasks.o
    0x08007db6   0x08007db6   0x00000002   PAD
    0x08007db8   0x08007db8   0x0000001a   Code   RO         1834    .text.vTaskInternalSetTimeOutState  tasks.o
    0x08007dd2   0x08007dd2   0x00000002   PAD
    0x08007dd4   0x08007dd4   0x0000000e   Code   RO         1838    .text.vTaskMissedYield  tasks.o
    0x08007de2   0x08007de2   0x00000002   PAD
    0x08007de4   0x08007de4   0x00000032   Code   RO         1824    .text.vTaskPlaceOnEventList  tasks.o
    0x08007e16   0x08007e16   0x00000002   PAD
    0x08007e18   0x08007e18   0x000000ba   Code   RO         1848    .text.vTaskPriorityDisinheritAfterTimeout  tasks.o
    0x08007ed2   0x08007ed2   0x00000002   PAD
    0x08007ed4   0x08007ed4   0x00000080   Code   RO         1806    .text.vTaskStartScheduler  tasks.o
    0x08007f54   0x08007f54   0x00000010   Code   RO         1782    .text.vTaskSuspendAll  tasks.o
    0x08007f64   0x08007f64   0x00000086   Code   RO         1798    .text.vTaskSwitchContext  tasks.o
    0x08007fea   0x08007fea   0x00000002   PAD
    0x08007fec   0x08007fec   0x00000112   Code   RO         2060    .text.xPortStartScheduler  port.o
    0x080080fe   0x080080fe   0x00000002   PAD
    0x08008100   0x08008100   0x0000003e   Code   RO         1651    .text.xQueueGenericCreate  queue.o
    0x0800813e   0x0800813e   0x00000002   PAD
    0x08008140   0x08008140   0x0000007e   Code   RO         1645    .text.xQueueGenericReset  queue.o
    0x080081be   0x080081be   0x00000002   PAD
    0x080081c0   0x080081c0   0x000001a2   Code   RO         1659    .text.xQueueGenericSend  queue.o
    0x08008362   0x08008362   0x00000002   PAD
    0x08008364   0x08008364   0x000001c6   Code   RO         1677    .text.xQueueSemaphoreTake  queue.o
    0x0800852a   0x0800852a   0x00000002   PAD
    0x0800852c   0x0800852c   0x00000088   Code   RO         1836    .text.xTaskCheckForTimeOut  tasks.o
    0x080085b4   0x080085b4   0x00000066   Code   RO         1772    .text.xTaskCreate   tasks.o
    0x0800861a   0x0800861a   0x00000002   PAD
    0x0800861c   0x0800861c   0x00000076   Code   RO         1766    .text.xTaskCreateStatic  tasks.o
    0x08008692   0x08008692   0x00000002   PAD
    0x08008694   0x08008694   0x00000026   Code   RO         1842    .text.xTaskGetSchedulerState  tasks.o
    0x080086ba   0x080086ba   0x00000002   PAD
    0x080086bc   0x080086bc   0x0000000c   Code   RO         1814    .text.xTaskGetTickCount  tasks.o
    0x080086c8   0x080086c8   0x00000164   Code   RO         1812    .text.xTaskIncrementTick  tasks.o
    0x0800882c   0x0800882c   0x000000b2   Code   RO         1846    .text.xTaskPriorityDisinherit  tasks.o
    0x080088de   0x080088de   0x00000002   PAD
    0x080088e0   0x080088e0   0x000000aa   Code   RO         1844    .text.xTaskPriorityInherit  tasks.o
    0x0800898a   0x0800898a   0x00000002   PAD
    0x0800898c   0x0800898c   0x00000090   Code   RO         1828    .text.xTaskRemoveFromEventList  tasks.o
    0x08008a1c   0x08008a1c   0x00000118   Code   RO         1786    .text.xTaskResumeAll  tasks.o
    0x08008b34   0x08008b34   0x00000030   Code   RO         2637    i.__ARM_fpclassify  m_wm.l(fpclassify.o)
    0x08008b64   0x08008b64   0x00000004   PAD
    0x08008b68   0x08008b68   0x00000358   Code   RO         2569    i.__hardfp_acos     m_wm.l(acos.o)
    0x08008ec0   0x08008ec0   0x00000360   Code   RO         2576    i.__hardfp_asin     m_wm.l(asin.o)
    0x08009220   0x08009220   0x0000003a   Code   RO         2583    i.__hardfp_sqrtf    m_wm.l(sqrtf.o)
    0x0800925a   0x0800925a   0x000000f8   Code   RO         2639    i.__kernel_poly     m_wm.l(poly.o)
    0x08009352   0x08009352   0x00000014   Code   RO         2618    i.__mathlib_dbl_infnan  m_wm.l(dunder.o)
    0x08009366   0x08009366   0x00000002   PAD
    0x08009368   0x08009368   0x00000020   Code   RO         2620    i.__mathlib_dbl_invalid  m_wm.l(dunder.o)
    0x08009388   0x08009388   0x00000020   Code   RO         2623    i.__mathlib_dbl_underflow  m_wm.l(dunder.o)
    0x080093a8   0x080093a8   0x00000018   Code   RO         2633    i.fabs              m_wm.l(fabs.o)
    0x080093c0   0x080093c0   0x0000006e   Code   RO         2643    i.sqrt              m_wm.l(sqrt.o)
    0x0800942e   0x0800942e   0x00000018   Code   RO         2600    x$fpl$basic         fz_wm.l(basic.o)
    0x08009446   0x08009446   0x00000002   PAD
    0x08009448   0x08009448   0x00000062   Code   RO         2555    x$fpl$d2f           fz_wm.l(d2f.o)
    0x080094aa   0x080094aa   0x00000002   PAD
    0x080094ac   0x080094ac   0x00000150   Code   RO         2602    x$fpl$dadd          fz_wm.l(daddsub_clz.o)
    0x080095fc   0x080095fc   0x000002b4   Code   RO         2558    x$fpl$ddiv          fz_wm.l(ddiv.o)
    0x080098b0   0x080098b0   0x0000005e   Code   RO         2561    x$fpl$dfix          fz_wm.l(dfix.o)
    0x0800990e   0x0800990e   0x00000002   PAD
    0x08009910   0x08009910   0x00000154   Code   RO         2565    x$fpl$dmul          fz_wm.l(dmul.o)
    0x08009a64   0x08009a64   0x0000009c   Code   RO         2608    x$fpl$dnaninf       fz_wm.l(dnaninf.o)
    0x08009b00   0x08009b00   0x0000000c   Code   RO         2610    x$fpl$dretinf       fz_wm.l(dretinf.o)
    0x08009b0c   0x08009b0c   0x00000016   Code   RO         2603    x$fpl$drsb          fz_wm.l(daddsub_clz.o)
    0x08009b22   0x08009b22   0x00000002   PAD
    0x08009b24   0x08009b24   0x00000198   Code   RO         2669    x$fpl$dsqrt         fz_wm.l(dsqrt_umaal.o)
    0x08009cbc   0x08009cbc   0x000001dc   Code   RO         2604    x$fpl$dsub          fz_wm.l(daddsub_clz.o)
    0x08009e98   0x08009e98   0x00000056   Code   RO         2567    x$fpl$f2d           fz_wm.l(f2d.o)
    0x08009eee   0x08009eee   0x0000008c   Code   RO         2612    x$fpl$fnaninf       fz_wm.l(fnaninf.o)
    0x08009f7a   0x08009f7a   0x0000001a   Code   RO         2758    x$fpl$fpinit        fz_wm.l(fpinit.o)
    0x08009f94   0x08009f94   0x0000000a   Code   RO         2614    x$fpl$fretinf       fz_wm.l(fretinf.o)
    0x08009f9e   0x08009f9e   0x00000000   Code   RO         2616    x$fpl$usenofp       fz_wm.l(usenofp.o)
    0x08009f9e   0x08009f9e   0x00000002   PAD
    0x08009fa0   0x08009fa0   0x00000050   Data   RO         2572    .constdata          m_wm.l(acos.o)
    0x08009ff0   0x08009ff0   0x00000050   Data   RO         2579    .constdata          m_wm.l(asin.o)
    0x0800a040   0x0800a040   0x0000001c   Data   RO          231    .rodata..L__const.MX_FREERTOS_Init.os_thread_def_defaultTask  freertos.o
    0x0800a05c   0x0800a05c   0x00000010   Data   RO         1586    .rodata.AHBPrescTable  system_stm32f4xx.o
    0x0800a06c   0x0800a06c   0x00000008   Data   RO         1587    .rodata.APBPrescTable  system_stm32f4xx.o
    0x0800a074   0x0800a074   0x0000000c   Data   RO          230    .rodata.str1.1      freertos.o
    0x0800a080   0x0800a080   0x00000200   Data   RO         2130    .rodata.wCRC_Table  crc.o
    0x0800a280   0x0800a280   0x00000020   Data   RO         2819    Region$$Table       anon$$obj.o


    Execution Region RW_IRAM1 (Exec base: 0x20000000, Load base: 0x0800a2a0, Size: 0x00006a28, Max: 0x0001c000, ABSOLUTE, COMPRESSED[0x00000100])

    Exec Addr    Load Addr    Size         Type   Attr      Idx    E Section Name        Object

    0x20000000   COMPRESSED   0x00000004   Data   RW           52    .data.Ex_v7         pid_task.o
    0x20000004   COMPRESSED   0x0000001c   Data   RW         2276    .data.FS_Desc       usbd_desc.o
    0x20000020   COMPRESSED   0x00000024   Data   RW          130    .data.G_L_t         servos_task.o
    0x20000044   COMPRESSED   0x00000080   Data   RW           62    .data.M2006_Speed   pid_task.o
    0x200000c4   COMPRESSED   0x00000080   Data   RW           60    .data.PID_wheel_speed  pid_task.o
    0x20000144   COMPRESSED   0x00000004   Data   RW           88    .data.PWM_Speed_5055  pid_task.o
    0x20000148   COMPRESSED   0x00000004   Data   RW         1585    .data.SystemCoreClock  system_stm32f4xx.o
    0x2000014c   COMPRESSED   0x00000038   Data   RW         2531    .data.USBD_CDC      usbd_cdc.o
    0x20000184   COMPRESSED   0x00000043   Data   RW         2533    .data.USBD_CDC_CfgDesc  usbd_cdc.o
    0x200001c7   COMPRESSED   0x00000001   PAD
    0x200001c8   COMPRESSED   0x0000000a   Data   RW         2532    .data.USBD_CDC_DeviceQualifierDesc  usbd_cdc.o
    0x200001d2   COMPRESSED   0x00000002   PAD
    0x200001d4   COMPRESSED   0x00000012   Data   RW         2277    .data.USBD_FS_DeviceDesc  usbd_desc.o
    0x200001e6   COMPRESSED   0x00000002   PAD
    0x200001e8   COMPRESSED   0x00000014   Data   RW         2301    .data.USBD_Interface_fops_FS  usbd_cdc_if.o
    0x200001fc   COMPRESSED   0x00000004   Data   RW         2278    .data.USBD_LangIDDesc  usbd_desc.o
    0x20000200   COMPRESSED   0x0000001a   Data   RW         2279    .data.USBD_StringSerial  usbd_desc.o
    0x2000021a   COMPRESSED   0x00000002   PAD
    0x2000021c   COMPRESSED   0x0000001c   Data   RW           57    .data.arm           pid_task.o
    0x20000238   COMPRESSED   0x00000005   Data   RW           45    .data.ch            pid_task.o
    0x2000023d   COMPRESSED   0x00000003   PAD
    0x20000240   COMPRESSED   0x00000004   Data   RW           59    .data.h             pid_task.o
    0x20000244   COMPRESSED   0x00000004   Data   RW           80    .data.jiao_a        pid_task.o
    0x20000248   COMPRESSED   0x00000004   Data   RW           81    .data.jiao_b        pid_task.o
    0x2000024c   COMPRESSED   0x00000018   Data   RW          129    .data.putter        servos_task.o
    0x20000264   COMPRESSED   0x00000001   Data   RW          997    .data.uwTickFreq    stm32f4xx_hal.o
    0x20000265   COMPRESSED   0x00000003   PAD
    0x20000268   COMPRESSED   0x00000004   Data   RW          996    .data.uwTickPrio    stm32f4xx_hal.o
    0x2000026c   COMPRESSED   0x00000004   Data   RW         2082    .data.uxCriticalNesting  port.o
    0x20000270   COMPRESSED   0x00000004   Data   RW           58    .data.x             pid_task.o
    0x20000274   COMPRESSED   0x00000004   PAD
    0x20000278        -       0x00000060   Zero   RW         2672    .bss                c_w.l(libspace.o)
    0x200002d8        -       0x00000004   Zero   RW          107    .bss.Angle_Handler  pid_task.o
    0x200002dc        -       0x00000008   Zero   RW         2097    .bss.CAN1_buff      candrive.o
    0x200002e4        -       0x00000008   Zero   RW           65    .bss.CAN1_txdata    pid_task.o
    0x200002ec        -       0x00000008   Zero   RW         2098    .bss.CAN2_buff      candrive.o
    0x200002f4        -       0x00000008   Zero   RW           68    .bss.CAN2_txdata    pid_task.o
    0x200002fc        -       0x0000001c   Zero   RW           95    .bss.Deal_posture   pid_task.o
    0x20000318        -       0x00000004   Zero   RW           46    .bss.Ex_v1          pid_task.o
    0x2000031c        -       0x00000004   Zero   RW           47    .bss.Ex_v2          pid_task.o
    0x20000320        -       0x00000004   Zero   RW           48    .bss.Ex_v3          pid_task.o
    0x20000324        -       0x00000004   Zero   RW           49    .bss.Ex_v4          pid_task.o
    0x20000328        -       0x00000004   Zero   RW           50    .bss.Ex_v5          pid_task.o
    0x2000032c        -       0x00000004   Zero   RW           51    .bss.Ex_v6          pid_task.o
    0x20000330        -       0x00000004   Zero   RW           53    .bss.Ex_v8          pid_task.o
    0x20000334   COMPRESSED   0x00000004   PAD
    0x20000338        -       0x00000018   Zero   RW           90    .bss.Expect_Speed   pid_task.o
    0x20000350        -       0x00000004   Zero   RW          251    .bss.HAL_RCC_CAN1_CLK_ENABLED  can.o
    0x20000354        -       0x00000002   Zero   RW           44    .bss.LV53_distance  pid_task.o
    0x20000356   COMPRESSED   0x00000002   PAD
    0x20000358        -       0x00000004   Zero   RW          133    .bss.Lanuch_Handler  servos_task.o
    0x2000035c        -       0x00000006   Zero   RW           89    .bss.Laser          pid_task.o
    0x20000362   COMPRESSED   0x00000002   PAD
    0x20000364        -       0x00000004   Zero   RW          106    .bss.PID_Handler    pid_task.o
    0x20000368        -       0x0000001c   Zero   RW           93    .bss.RxData         pid_task.o
    0x20000384        -       0x00000001   Zero   RW          351    .bss.USART2_IRQHandler.posture_count  stm32f4xx_it.o
    0x20000385        -       0x00000001   Zero   RW         2470    .bss.USBD_SetConfig.cfgidx  usbd_ctlreq.o
    0x20000386   COMPRESSED   0x00000002   PAD
    0x20000388        -       0x00000200   Zero   RW         2280    .bss.USBD_StrDesc   usbd_desc.o
    0x20000588        -       0x00000220   Zero   RW         2375    .bss.USBD_static_malloc.mem  usbd_conf.o
    0x200007a8        -       0x00000800   Zero   RW         2302    .bss.UserRxBufferFS  usbd_cdc_if.o
    0x20000fa8        -       0x00000800   Zero   RW         2303    .bss.UserTxBufferFS  usbd_cdc_if.o
    0x200017a8        -       0x00000004   Zero   RW          232    .bss.defaultTaskHandle  freertos.o
    0x200017ac        -       0x00000004   Zero   RW           82    .bss.duoji          pid_task.o
    0x200017b0        -       0x00000004   Zero   RW           76    .bss.duoji_1        pid_task.o
    0x200017b4        -       0x00000004   Zero   RW           77    .bss.duoji_2        pid_task.o
    0x200017b8        -       0x00000004   Zero   RW           78    .bss.duoji_3        pid_task.o
    0x200017bc        -       0x00000004   Zero   RW           79    .bss.duoji_4        pid_task.o
    0x200017c0        -       0x00000010   Zero   RW           83    .bss.expect_angle_2006  pid_task.o
    0x200017d0        -       0x00000010   Zero   RW           84    .bss.expect_angle_3508  pid_task.o
    0x200017e0        -       0x00000002   Zero   RW          163    .bss.getmode        odrive_set.o
    0x200017e2   COMPRESSED   0x00000002   PAD
    0x200017e4        -       0x000002dc   Zero   RW         2255    .bss.hUsbDeviceFS   usb_device.o
    0x20001ac0        -       0x00000028   Zero   RW          249    .bss.hcan1          can.o
    0x20001ae8        -       0x00000028   Zero   RW          250    .bss.hcan2          can.o
    0x20001b10        -       0x00000060   Zero   RW          303    .bss.hdma_usart2_rx  usart.o
    0x20001b70        -       0x00000060   Zero   RW          304    .bss.hdma_usart2_tx  usart.o
    0x20001bd0        -       0x00000060   Zero   RW          305    .bss.hdma_usart3_rx  usart.o
    0x20001c30        -       0x00000060   Zero   RW          306    .bss.hdma_usart3_tx  usart.o
    0x20001c90        -       0x00000002   Zero   RW           71    .bss.high           pid_task.o
    0x20001c92   COMPRESSED   0x00000002   PAD
    0x20001c94        -       0x0000050c   Zero   RW         2374    .bss.hpcd_USB_OTG_FS  usbd_conf.o
    0x200021a0        -       0x00000048   Zero   RW          283    .bss.htim1          tim.o
    0x200021e8        -       0x00000048   Zero   RW          375    .bss.htim2          stm32f4xx_hal_timebase_tim.o
    0x20002230        -       0x00000048   Zero   RW          284    .bss.htim4          tim.o
    0x20002278        -       0x00000044   Zero   RW          301    .bss.huart2         usart.o
    0x200022bc        -       0x00000044   Zero   RW          302    .bss.huart3         usart.o
    0x20002300        -       0x00000040   Zero   RW           67    .bss.motor_wheel_2006  pid_task.o
    0x20002340        -       0x000000a0   Zero   RW           66    .bss.motor_wheel_3508  pid_task.o
    0x200023e0        -       0x00000020   Zero   RW           64    .bss.motor_wheel_3510  pid_task.o
    0x20002400        -       0x00000002   Zero   RW           74    .bss.pep_flag       pid_task.o
    0x20002402        -       0x00000002   Zero   RW           73    .bss.pos_flag       pid_task.o
    0x20002404        -       0x00000004   Zero   RW           96    .bss.pos_x          pid_task.o
    0x20002408        -       0x00000004   Zero   RW           97    .bss.pos_y          pid_task.o
    0x2000240c        -       0x00000002   Zero   RW           72    .bss.put_flag       pid_task.o
    0x2000240e   COMPRESSED   0x00000002   PAD
    0x20002410        -       0x00000004   Zero   RW         1872    .bss.pxCurrentTCB   tasks.o
    0x20002414        -       0x00000004   Zero   RW         1888    .bss.pxDelayedTaskList  tasks.o
    0x20002418        -       0x00000004   Zero   RW         2038    .bss.pxEnd          heap_4.o
    0x2000241c        -       0x00000004   Zero   RW         1889    .bss.pxOverflowDelayedTaskList  tasks.o
    0x20002420        -       0x0000008c   Zero   RW         1873    .bss.pxReadyTasksLists  tasks.o
    0x200024ac        -       0x0000000c   Zero   RW          167    .bss.rx_msg_0       odrive_set.o
    0x200024b8        -       0x0000000c   Zero   RW          168    .bss.rx_msg_1       odrive_set.o
    0x200024c4        -       0x00000004   Zero   RW          132    .bss.textexp        servos_task.o
    0x200024c8        -       0x00003c00   Zero   RW         2045    .bss.ucHeap         heap_4.o
    0x200060c8        -       0x00000001   Zero   RW         2080    .bss.ucMaxSysCallPriority  port.o
    0x200060c9   COMPRESSED   0x00000003   PAD
    0x200060cc        -       0x00000004   Zero   RW         2081    .bss.ulMaxPRIGROUPValue  port.o
    0x200060d0        -       0x00000032   Zero   RW           92    .bss.usart3_dma_buff  pid_task.o
    0x20006102   COMPRESSED   0x00000002   PAD
    0x20006104        -       0x00000004   Zero   RW          998    .bss.uwTick         stm32f4xx_hal.o
    0x20006108        -       0x00000004   Zero   RW         1878    .bss.uxCurrentNumberOfTasks  tasks.o
    0x2000610c        -       0x00000004   Zero   RW         1877    .bss.uxDeletedTasksWaitingCleanUp  tasks.o
    0x20006110        -       0x00000004   Zero   RW         1880    .bss.uxSchedulerSuspended  tasks.o
    0x20006114        -       0x00000004   Zero   RW         1875    .bss.uxTaskNumber   tasks.o
    0x20006118        -       0x00000004   Zero   RW         1874    .bss.uxTopReadyPriority  tasks.o
    0x2000611c        -       0x00000004   Zero   RW          108    .bss.vN5055_Handle  pid_task.o
    0x20006120        -       0x00000004   Zero   RW          131    .bss.vPuttor_Handler  servos_task.o
    0x20006124        -       0x00000004   Zero   RW          101    .bss.w_z            pid_task.o
    0x20006128        -       0x00000001   Zero   RW         2039    .bss.xBlockAllocatedBit  heap_4.o
    0x20006129   COMPRESSED   0x00000003   PAD
    0x2000612c        -       0x00000014   Zero   RW         1891    .bss.xDelayedTaskList1  tasks.o
    0x20006140        -       0x00000014   Zero   RW         1892    .bss.xDelayedTaskList2  tasks.o
    0x20006154        -       0x00000004   Zero   RW         2040    .bss.xFreeBytesRemaining  heap_4.o
    0x20006158        -       0x00000200   Zero   RW          229    .bss.xIdleStack     freertos.o
    0x20006358        -       0x00000004   Zero   RW         1884    .bss.xIdleTaskHandle  tasks.o
    0x2000635c        -       0x00000054   Zero   RW          228    .bss.xIdleTaskTCBBuffer  freertos.o
    0x200063b0        -       0x00000004   Zero   RW         2042    .bss.xMinimumEverFreeBytesRemaining  heap_4.o
    0x200063b4        -       0x00000004   Zero   RW         1885    .bss.xNextTaskUnblockTime  tasks.o
    0x200063b8        -       0x00000004   Zero   RW         1890    .bss.xNumOfOverflows  tasks.o
    0x200063bc        -       0x00000004   Zero   RW         2043    .bss.xNumberOfSuccessfulAllocations  heap_4.o
    0x200063c0        -       0x00000004   Zero   RW         2044    .bss.xNumberOfSuccessfulFrees  heap_4.o
    0x200063c4        -       0x00000004   Zero   RW         1887    .bss.xPendedTicks   tasks.o
    0x200063c8        -       0x00000014   Zero   RW         1883    .bss.xPendingReadyList  tasks.o
    0x200063dc        -       0x00000004   Zero   RW         1879    .bss.xSchedulerRunning  tasks.o
    0x200063e0        -       0x00000008   Zero   RW         2041    .bss.xStart         heap_4.o
    0x200063e8        -       0x00000014   Zero   RW         1882    .bss.xSuspendedTaskList  tasks.o
    0x200063fc        -       0x00000014   Zero   RW         1876    .bss.xTasksWaitingTermination  tasks.o
    0x20006410        -       0x00000004   Zero   RW         1881    .bss.xTickCount     tasks.o
    0x20006414        -       0x00000004   Zero   RW         1886    .bss.xYieldPending  tasks.o
    0x20006418        -       0x00000004   Zero   RW           99    .bss.xangle         pid_task.o
    0x2000641c        -       0x00000004   Zero   RW          100    .bss.yangle         pid_task.o
    0x20006420        -       0x00000004   Zero   RW           98    .bss.zangle         pid_task.o
    0x20006424   COMPRESSED   0x00000004   PAD
    0x20006428        -       0x00000200   Zero   RW            2    HEAP                startup_stm32f407xx.o
    0x20006628        -       0x00000400   Zero   RW            1    STACK               startup_stm32f407xx.o


    Execution Region RW_IRAM2 (Exec base: 0x2001c000, Load base: 0x0800a3a0, Size: 0x00000000, Max: 0x00004000, ABSOLUTE)

    **** No section assigned to this execution region ****


==============================================================================

Image component sizes


      Code (inc. data)   RO Data    RW Data    ZI Data      Debug   Object Name

       414          0          0          0         84       6436   can.o
       174          0          0          0         16       4126   candrive.o
       148          0          0          0          0      19586   cmsis_os.o
        72          0        512          0          0       1930   crc.o
       102          0          0          0          0       3281   dma.o
       110          0         40          0        600       2717   freertos.o
       222          0          0          0          0       2178   gpio.o
       676          0          0          0      15389       4687   heap_4.o
       150          0          0          0          0       2202   list.o
       314          0          0          0          0       5914   main.o
       436         12          0          0          0       6136   motor.o
         0          0          0          0         26       4319   odrive_set.o
       114          0          0          0          0       1668   pid.o
      2528         88          0        313        534      11123   pid_task.o
       774         16          0          4          5       3807   port.o
      1390          0          0          0          0      19150   queue.o
       236          0          0          0          0       7408   robomodule_drv.o
       490         16          0         60         12       3921   servos_task.o
        64         26        392          0       1536        824   startup_stm32f407xx.o
       132          0          0          5          4       7294   stm32f4xx_hal.o
      1666          6          0          0          0      13080   stm32f4xx_hal_can.o
       252          0          0          0          0      10668   stm32f4xx_hal_cortex.o
      1016         12          0          0          0       9237   stm32f4xx_hal_dma.o
       420          0          0          0          0       5166   stm32f4xx_hal_gpio.o
        70          0          0          0          0       3337   stm32f4xx_hal_msp.o
      2960          0          0          0          0      15903   stm32f4xx_hal_pcd.o
        90          0          0          0          0       4333   stm32f4xx_hal_pcd_ex.o
      1438          0          0          0          0       7247   stm32f4xx_hal_rcc.o
      2206          4          0          0          0      44436   stm32f4xx_hal_tim.o
       264          0          0          0          0      19188   stm32f4xx_hal_tim_ex.o
       170          0          0          0         72       7215   stm32f4xx_hal_timebase_tim.o
      1316          0          0          0          0      24606   stm32f4xx_hal_uart.o
       552          6          0          0          1       2644   stm32f4xx_it.o
      2868          0          0          0          0      23203   stm32f4xx_ll_usb.o
        18          0         24          4          0       2593   system_stm32f4xx.o
       368         48          0          0          0       3038   task_init.o
      3396          8          0          0        300      25430   tasks.o
       756          0          0          0        144       7166   tim.o
       612          0          0          0        520       7220   usart.o
       110          0          0          0        732       3076   usb_device.o
      1214         12          0        133          0      11585   usbd_cdc.o
        96          0          0         20       4096       2848   usbd_cdc_if.o
       694          0          0          0       1836      16587   usbd_conf.o
       924          0          0          0          0      10046   usbd_core.o
      1482         24          0          0          1      10123   usbd_ctlreq.o
       210         72          0         76        512       2697   usbd_desc.o
       128          0          0          0          0       4686   usbd_ioreq.o
        90          0          0          0          0       1822   vcomcomm.o

    ----------------------------------------------------------------------
     34308        366       1000        628      26452     417887   Object Totals
         0          0         32          0          0          0   (incl. Generated)
       376         16          0         13         32          0   (incl. Padding)

    ----------------------------------------------------------------------

      Code (inc. data)   RO Data    RW Data    ZI Data      Debug   Library Member Name

        90          0          0          0          0          0   __dczerorl2.o
         8          0          0          0          0         68   __main.o
         0          0          0          0          0          0   __rtentry.o
        12          0          0          0          0          0   __rtentry2.o
         6          0          0          0          0          0   __rtentry4.o
        52          8          0          0          0          0   __scatter.o
        28          0          0          0          0          0   __scatter_zi.o
        22          0          0          0          0        100   _rserrno.o
        18          0          0          0          0         80   exit.o
         6          0          0          0          0        152   heapauxi.o
         0          0          0          0          0          0   indicate_semi.o
         2          0          0          0          0          0   libinit.o
         6          0          0          0          0          0   libinit2.o
         2          0          0          0          0          0   libshutdown.o
         2          0          0          0          0          0   libshutdown2.o
         8          4          0          0         96         68   libspace.o
       240          0          0          0          0        100   lludivv7m.o
         8          4          0          0          0         68   rt_errno_addr_intlibspace.o
        78          0          0          0          0         80   rt_memclr_w.o
       138          0          0          0          0         68   rt_memcpy_v6.o
       100          0          0          0          0         80   rt_memcpy_w.o
         2          0          0          0          0          0   rtexit.o
        10          0          0          0          0          0   rtexit2.o
        12          4          0          0          0         68   sys_exit.o
        74          0          0          0          0         80   sys_stackheap_outer.o
         2          0          0          0          0         68   use_no_semi.o
        24          0          0          0          0        164   basic.o
        98          4          0          0          0        140   d2f.o
       834         16          0          0          0        516   daddsub_clz.o
       692        140          0          0          0        264   ddiv.o
        94          4          0          0          0        140   dfix.o
       340         12          0          0          0        152   dmul.o
       156          4          0          0          0        140   dnaninf.o
        12          0          0          0          0        116   dretinf.o
       408         56          0          0          0        168   dsqrt_umaal.o
        86          4          0          0          0        132   f2d.o
       140          4          0          0          0        132   fnaninf.o
        26          0          0          0          0        116   fpinit.o
        10          0          0          0          0        116   fretinf.o
         0          0          0          0          0          0   usenofp.o
       856        118         80          0          0        288   acos.o
       864         94         80          0          0        280   asin.o
        84         16          0          0          0        372   dunder.o
        24          0          0          0          0        124   fabs.o
        48          0          0          0          0        124   fpclassify.o
       248          0          0          0          0        152   poly.o
       110          0          0          0          0        148   sqrt.o
        58          0          0          0          0        136   sqrtf.o

    ----------------------------------------------------------------------
      6164        492        160          0         96       5000   Library Totals
        26          0          0          0          0          0   (incl. Padding)

    ----------------------------------------------------------------------

      Code (inc. data)   RO Data    RW Data    ZI Data      Debug   Library Name

       926         20          0          0         96       1080   c_w.l
      2920        244          0          0          0       2296   fz_wm.l
      2292        228        160          0          0       1624   m_wm.l

    ----------------------------------------------------------------------
      6164        492        160          0         96       5000   Library Totals

    ----------------------------------------------------------------------

==============================================================================


      Code (inc. data)   RO Data    RW Data    ZI Data      Debug   

     40472        858       1160        628      26548     419399   Grand Totals
     40472        858       1160        256      26548     419399   ELF Image Totals (compressed)
     40472        858       1160        256          0          0   ROM Totals

==============================================================================

    Total RO  Size (Code + RO Data)                41632 (  40.66kB)
    Total RW  Size (RW Data + ZI Data)             27176 (  26.54kB)
    Total ROM Size (Code + RO Data + RW Data)      41888 (  40.91kB)

==============================================================================

