Component: ARM Compiler 5.06 update 7 (build 960) Tool: armlink [4d3601]

==============================================================================

Section Cross References

    startup_stm32f407xx.o(STACK) refers (Special) to heapauxi.o(.text) for __use_two_region_memory
    startup_stm32f407xx.o(HEAP) refers (Special) to heapauxi.o(.text) for __use_two_region_memory
    startup_stm32f407xx.o(RESET) refers (Special) to heapauxi.o(.text) for __use_two_region_memory
    startup_stm32f407xx.o(RESET) refers to startup_stm32f407xx.o(STACK) for __initial_sp
    startup_stm32f407xx.o(RESET) refers to startup_stm32f407xx.o(.text) for Reset_Handler
    startup_stm32f407xx.o(RESET) refers to stm32f4xx_it.o(i.NMI_Handler) for NMI_Handler
    startup_stm32f407xx.o(RESET) refers to stm32f4xx_it.o(i.HardFault_Handler) for HardFault_Handler
    startup_stm32f407xx.o(RESET) refers to stm32f4xx_it.o(i.MemManage_Handler) for MemManage_Handler
    startup_stm32f407xx.o(RESET) refers to stm32f4xx_it.o(i.BusFault_Handler) for BusFault_Handler
    startup_stm32f407xx.o(RESET) refers to stm32f4xx_it.o(i.UsageFault_Handler) for UsageFault_Handler
    startup_stm32f407xx.o(RESET) refers to port.o(.emb_text) for SVC_Handler
    startup_stm32f407xx.o(RESET) refers to stm32f4xx_it.o(i.DebugMon_Handler) for DebugMon_Handler
    startup_stm32f407xx.o(RESET) refers to port.o(i.SysTick_Handler) for SysTick_Handler
    startup_stm32f407xx.o(RESET) refers to stm32f4xx_it.o(i.DMA1_Stream2_IRQHandler) for DMA1_Stream2_IRQHandler
    startup_stm32f407xx.o(RESET) refers to stm32f4xx_it.o(i.CAN1_TX_IRQHandler) for CAN1_TX_IRQHandler
    startup_stm32f407xx.o(RESET) refers to stm32f4xx_it.o(i.CAN1_RX0_IRQHandler) for CAN1_RX0_IRQHandler
    startup_stm32f407xx.o(RESET) refers to stm32f4xx_it.o(i.TIM2_IRQHandler) for TIM2_IRQHandler
    startup_stm32f407xx.o(RESET) refers to stm32f4xx_it.o(i.UART4_IRQHandler) for UART4_IRQHandler
    startup_stm32f407xx.o(RESET) refers to stm32f4xx_it.o(i.CAN2_TX_IRQHandler) for CAN2_TX_IRQHandler
    startup_stm32f407xx.o(RESET) refers to stm32f4xx_it.o(i.CAN2_RX1_IRQHandler) for CAN2_RX1_IRQHandler
    startup_stm32f407xx.o(RESET) refers to stm32f4xx_it.o(i.OTG_FS_IRQHandler) for OTG_FS_IRQHandler
    startup_stm32f407xx.o(.text) refers (Special) to heapauxi.o(.text) for __use_two_region_memory
    startup_stm32f407xx.o(.text) refers to system_stm32f4xx.o(i.SystemInit) for SystemInit
    startup_stm32f407xx.o(.text) refers to __main.o(!!!main) for __main
    startup_stm32f407xx.o(.text) refers to startup_stm32f407xx.o(HEAP) for Heap_Mem
    startup_stm32f407xx.o(.text) refers to startup_stm32f407xx.o(STACK) for Stack_Mem
    candrive.o(i.CAN_Receive_DataFrame) refers to rt_memclr_w.o(.text) for __aeabi_memclr4
    candrive.o(i.CAN_Receive_DataFrame) refers to stm32f4xx_hal_can.o(i.HAL_CAN_GetRxMessage) for HAL_CAN_GetRxMessage
    candrive.o(i.CAN_Send_StdDataFrame) refers to rt_memcpy_w.o(.text) for __aeabi_memcpy4
    candrive.o(i.CAN_Send_StdDataFrame) refers to stm32f4xx_hal_can.o(i.HAL_CAN_AddTxMessage) for HAL_CAN_AddTxMessage
    candrive.o(i.CAN_Send_StdDataFrame) refers to candrive.o(.constdata) for .constdata
    candrive.o(i.CanFilter_Init) refers to stm32f4xx_hal_can.o(i.HAL_CAN_ConfigFilter) for HAL_CAN_ConfigFilter
    crc.o(i.Get_CRC16_Check_Sum) refers to crc.o(.constdata) for .constdata
    crc.o(i.Get_CRC8_Check_Sum) refers to crc.o(.constdata) for .constdata
    crc.o(i.Verify_CRC16_Check_Sum) refers to crc.o(i.Get_CRC16_Check_Sum) for Get_CRC16_Check_Sum
    crc.o(i.Verify_CRC8_Check_Sum) refers to crc.o(i.Get_CRC8_Check_Sum) for Get_CRC8_Check_Sum
    iirfilter.o(i.IIRFilterDelete) refers to h1_free.o(.text) for free
    iirfilter.o(i.IIRFilterInit) refers to h1_alloc.o(.text) for malloc
    motor.o(i.MotorSend) refers to candrive.o(i.CAN_Send_StdDataFrame) for CAN_Send_StdDataFrame
    printfdmabuffer.o(i.PrintBufferDeInit) refers to h1_free.o(.text) for free
    printfdmabuffer.o(i.PrintBufferFlush) refers to stm32f4xx_hal_uart.o(i.HAL_UART_Transmit_DMA) for HAL_UART_Transmit_DMA
    printfdmabuffer.o(i.PrintBufferFlush) refers to usbd_cdc_if.o(i.CDC_Transmit_FS) for CDC_Transmit_FS
    printfdmabuffer.o(i.PrintBufferFlush) refers to usb_device.o(.bss) for hUsbDeviceFS
    printfdmabuffer.o(i.PrintBufferFlush) refers to printfdmabuffer.o(.data) for .data
    printfdmabuffer.o(i.PrintBufferInit) refers to h1_alloc.o(.text) for malloc
    printfdmabuffer.o(i.PrintBufferInit_VCOM) refers to h1_alloc.o(.text) for malloc
    printfdmabuffer.o(i.PrintBuffer_USBTransmitCplt) refers to printfdmabuffer.o(.data) for .data
    printfdmabuffer.o(i.fputc) refers to stm32f4xx_hal_uart.o(i.HAL_UART_Transmit) for HAL_UART_Transmit
    printfdmabuffer.o(i.fputc) refers to printfdmabuffer.o(i.PrintBufferFlush) for PrintBufferFlush
    printfdmabuffer.o(i.fputc) refers to printfdmabuffer.o(i.PushBuffer) for PushBuffer
    printfdmabuffer.o(i.fputc) refers to printfdmabuffer.o(.data) for .data
[...]
    I2C1_EV_IRQHandler                       0x08000343   Thumb Code     0  startup_stm32f407xx.o(.text)
    I2C2_ER_IRQHandler                       0x08000343   Thumb Code     0  startup_stm32f407xx.o(.text)
    I2C2_EV_IRQHandler                       0x08000343   Thumb Code     0  startup_stm32f407xx.o(.text)
    I2C3_ER_IRQHandler                       0x08000343   Thumb Code     0  startup_stm32f407xx.o(.text)
    I2C3_EV_IRQHandler                       0x08000343   Thumb Code     0  startup_stm32f407xx.o(.text)
    OTG_FS_WKUP_IRQHandler                   0x08000343   Thumb Code     0  startup_stm32f407xx.o(.text)
    OTG_HS_EP1_IN_IRQHandler                 0x08000343   Thumb Code     0  startup_stm32f407xx.o(.text)
    OTG_HS_EP1_OUT_IRQHandler                0x08000343   Thumb Code     0  startup_stm32f407xx.o(.text)
    OTG_HS_IRQHandler                        0x08000343   Thumb Code     0  startup_stm32f407xx.o(.text)
    OTG_HS_WKUP_IRQHandler                   0x08000343   Thumb Code     0  startup_stm32f407xx.o(.text)
    PVD_IRQHandler                           0x08000343   Thumb Code     0  startup_stm32f407xx.o(.text)
    RCC_IRQHandler                           0x08000343   Thumb Code     0  startup_stm32f407xx.o(.text)
    RTC_Alarm_IRQHandler                     0x08000343   Thumb Code     0  startup_stm32f407xx.o(.text)
    RTC_WKUP_IRQHandler                      0x08000343   Thumb Code     0  startup_stm32f407xx.o(.text)
    SDIO_IRQHandler                          0x08000343   Thumb Code     0  startup_stm32f407xx.o(.text)
    SPI1_IRQHandler                          0x08000343   Thumb Code     0  startup_stm32f407xx.o(.text)
    SPI2_IRQHandler                          0x08000343   Thumb Code     0  startup_stm32f407xx.o(.text)
    SPI3_IRQHandler                          0x08000343   Thumb Code     0  startup_stm32f407xx.o(.text)
    TAMP_STAMP_IRQHandler                    0x08000343   Thumb Code     0  startup_stm32f407xx.o(.text)
    TIM1_BRK_TIM9_IRQHandler                 0x08000343   Thumb Code     0  startup_stm32f407xx.o(.text)
    TIM1_CC_IRQHandler                       0x08000343   Thumb Code     0  startup_stm32f407xx.o(.text)
    TIM1_TRG_COM_TIM11_IRQHandler            0x08000343   Thumb Code     0  startup_stm32f407xx.o(.text)
    TIM1_UP_TIM10_IRQHandler                 0x08000343   Thumb Code     0  startup_stm32f407xx.o(.text)
    TIM3_IRQHandler                          0x08000343   Thumb Code     0  startup_stm32f407xx.o(.text)
    TIM4_IRQHandler                          0x08000343   Thumb Code     0  startup_stm32f407xx.o(.text)
    TIM5_IRQHandler                          0x08000343   Thumb Code     0  startup_stm32f407xx.o(.text)
    TIM6_DAC_IRQHandler                      0x08000343   Thumb Code     0  startup_stm32f407xx.o(.text)
    TIM7_IRQHandler                          0x08000343   Thumb Code     0  startup_stm32f407xx.o(.text)
    TIM8_BRK_TIM12_IRQHandler                0x08000343   Thumb Code     0  startup_stm32f407xx.o(.text)
    TIM8_CC_IRQHandler                       0x08000343   Thumb Code     0  startup_stm32f407xx.o(.text)
    TIM8_TRG_COM_TIM14_IRQHandler            0x08000343   Thumb Code     0  startup_stm32f407xx.o(.text)
    TIM8_UP_TIM13_IRQHandler                 0x08000343   Thumb Code     0  startup_stm32f407xx.o(.text)
    UART5_IRQHandler                         0x08000343   Thumb Code     0  startup_stm32f407xx.o(.text)
    USART1_IRQHandler                        0x08000343   Thumb Code     0  startup_stm32f407xx.o(.text)
    USART2_IRQHandler                        0x08000343   Thumb Code     0  startup_stm32f407xx.o(.text)
    USART3_IRQHandler                        0x08000343   Thumb Code     0  startup_stm32f407xx.o(.text)
    USART6_IRQHandler                        0x08000343   Thumb Code     0  startup_stm32f407xx.o(.text)
    WWDG_IRQHandler                          0x08000343   Thumb Code     0  startup_stm32f407xx.o(.text)
    __user_initial_stackheap                 0x08000345   Thumb Code     0  startup_stm32f407xx.o(.text)
    __aeabi_uldivmod                         0x08000369   Thumb Code     0  lludivv7m.o(.text)
    _ll_udiv                                 0x08000369   Thumb Code   238  lludivv7m.o(.text)
    __aeabi_memcpy                           0x08000457   Thumb Code     0  rt_memcpy_v6.o(.text)
    __rt_memcpy                              0x08000457   Thumb Code   138  rt_memcpy_v6.o(.text)
    _memcpy_lastbytes                        0x080004bd   Thumb Code     0  rt_memcpy_v6.o(.text)
    __aeabi_memcpy4                          0x080004e1   Thumb Code     0  rt_memcpy_w.o(.text)
    __aeabi_memcpy8                          0x080004e1   Thumb Code     0  rt_memcpy_w.o(.text)
    __rt_memcpy_w                            0x080004e1   Thumb Code   100  rt_memcpy_w.o(.text)
    _memcpy_lastbytes_aligned                0x08000529   Thumb Code     0  rt_memcpy_w.o(.text)
    __aeabi_memclr4                          0x08000545   Thumb Code     0  rt_memclr_w.o(.text)
    __aeabi_memclr8                          0x08000545   Thumb Code     0  rt_memclr_w.o(.text)
    __rt_memclr_w                            0x08000545   Thumb Code    78  rt_memclr_w.o(.text)
    _memset_w                                0x08000549   Thumb Code     0  rt_memclr_w.o(.text)
    __use_two_region_memory                  0x08000593   Thumb Code     2  heapauxi.o(.text)
    __rt_heap_escrow                         0x08000595   Thumb Code     2  heapauxi.o(.text)
    __rt_heap_expand                         0x08000597   Thumb Code     2  heapauxi.o(.text)
    __user_libspace                          0x08000599   Thumb Code     8  libspace.o(.text)
    __user_perproc_libspace                  0x08000599   Thumb Code     0  libspace.o(.text)
    __user_perthread_libspace                0x08000599   Thumb Code     0  libspace.o(.text)
    __user_setup_stackheap                   0x080005a1   Thumb Code    74  sys_stackheap_outer.o(.text)
    exit                                     0x080005eb   Thumb Code    18  exit.o(.text)
    BusFault_Handler                         0x080005fd   Thumb Code     2  stm32f4xx_it.o(i.BusFault_Handler)
    CAN1_RX0_IRQHandler                      0x08000601   Thumb Code     6  stm32f4xx_it.o(i.CAN1_RX0_IRQHandler)
    CAN1_TX_IRQHandler                       0x0800060d   Thumb Code     6  stm32f4xx_it.o(i.CAN1_TX_IRQHandler)
    CAN2_RX1_IRQHandler                      0x08000619   Thumb Code     6  stm32f4xx_it.o(i.CAN2_RX1_IRQHandler)
    CAN2_TX_IRQHandler                       0x08000625   Thumb Code     6  stm32f4xx_it.o(i.CAN2_TX_IRQHandler)
    CAN_RoboModule_DRV_Mode_Choice           0x08000631   Thumb Code    32  robomodule_drv.o(i.CAN_RoboModule_DRV_Mode_Choice)
    CAN_RoboModule_DRV_Reset                 0x08000659   Thumb Code    22  robomodule_drv.o(i.CAN_RoboModule_DRV_Reset)
    CAN_RoboModule_DRV_Velocity_Mode         0x08000679   Thumb Code    84  robomodule_drv.o(i.CAN_RoboModule_DRV_Velocity_Mode)
    CAN_Send_StdDataFrame                    0x080006d9   Thumb Code    42  candrive.o(i.CAN_Send_StdDataFrame)
    CanFilter_Init                           0x08000761   Thumb Code    60  candrive.o(i.CanFilter_Init)
    DMA1_Stream2_IRQHandler                  0x080007a5   Thumb Code     6  stm32f4xx_it.o(i.DMA1_Stream2_IRQHandler)
    DebugMon_Handler                         0x08000855   Thumb Code     2  stm32f4xx_it.o(i.DebugMon_Handler)
    Dog_Task                                 0x08000857   Thumb Code    12  mytask.o(i.Dog_Task)
    Error_Handler                            0x08000863   Thumb Code     4  main.o(i.Error_Handler)
    FeedDog_CallBack                         0x08000867   Thumb Code     2  watchdog.o(i.FeedDog_CallBack)
    Feed_Dog                                 0x08000869   Thumb Code    12  watchdog.o(i.Feed_Dog)
    Get_CRC16_Check_Sum                      0x08000875   Thumb Code    38  crc.o(i.Get_CRC16_Check_Sum)
    HAL_CAN_ActivateNotification             0x080008d9   Thumb Code    36  stm32f4xx_hal_can.o(i.HAL_CAN_ActivateNotification)
    HAL_CAN_AddTxMessage                     0x080008fd   Thumb Code   208  stm32f4xx_hal_can.o(i.HAL_CAN_AddTxMessage)
    HAL_CAN_ConfigFilter                     0x080009cd   Thumb Code   262  stm32f4xx_hal_can.o(i.HAL_CAN_ConfigFilter)
    HAL_CAN_ErrorCallback                    0x08000ad9   Thumb Code     2  stm32f4xx_hal_can.o(i.HAL_CAN_ErrorCallback)
    HAL_CAN_IRQHandler                       0x08000adb   Thumb Code   508  stm32f4xx_hal_can.o(i.HAL_CAN_IRQHandler)
    HAL_CAN_Init                             0x08000cd7   Thumb Code   282  stm32f4xx_hal_can.o(i.HAL_CAN_Init)
    HAL_CAN_MspInit                          0x08000df1   Thumb Code   258  can.o(i.HAL_CAN_MspInit)
    HAL_CAN_RxFifo0FullCallback              0x08000f0d   Thumb Code     2  stm32f4xx_hal_can.o(i.HAL_CAN_RxFifo0FullCallback)
    HAL_CAN_RxFifo0MsgPendingCallback        0x08000f0f   Thumb Code     2  stm32f4xx_hal_can.o(i.HAL_CAN_RxFifo0MsgPendingCallback)
    HAL_CAN_RxFifo1FullCallback              0x08000f11   Thumb Code     2  stm32f4xx_hal_can.o(i.HAL_CAN_RxFifo1FullCallback)
    HAL_CAN_RxFifo1MsgPendingCallback        0x08000f13   Thumb Code     2  stm32f4xx_hal_can.o(i.HAL_CAN_RxFifo1MsgPendingCallback)
    HAL_CAN_SleepCallback                    0x08000f15   Thumb Code     2  stm32f4xx_hal_can.o(i.HAL_CAN_SleepCallback)
    HAL_CAN_Start                            0x08000f19   Thumb Code    88  stm32f4xx_hal_can.o(i.HAL_CAN_Start)
    HAL_CAN_TxMailbox0AbortCallback          0x08000f71   Thumb Code     2  stm32f4xx_hal_can.o(i.HAL_CAN_TxMailbox0AbortCallback)
    HAL_CAN_TxMailbox0CompleteCallback       0x08000f73   Thumb Code     2  stm32f4xx_hal_can.o(i.HAL_CAN_TxMailbox0CompleteCallback)
    HAL_CAN_TxMailbox1AbortCallback          0x08000f75   Thumb Code     2  stm32f4xx_hal_can.o(i.HAL_CAN_TxMailbox1AbortCallback)
    HAL_CAN_TxMailbox1CompleteCallback       0x08000f77   Thumb Code     2  stm32f4xx_hal_can.o(i.HAL_CAN_TxMailbox1CompleteCallback)
    HAL_CAN_TxMailbox2AbortCallback          0x08000f79   Thumb Code     2  stm32f4xx_hal_can.o(i.HAL_CAN_TxMailbox2AbortCallback)
    HAL_CAN_TxMailbox2CompleteCallback       0x08000f7b   Thumb Code     2  stm32f4xx_hal_can.o(i.HAL_CAN_TxMailbox2CompleteCallback)
    HAL_CAN_WakeUpFromRxMsgCallback          0x08000f7d   Thumb Code     2  stm32f4xx_hal_can.o(i.HAL_CAN_WakeUpFromRxMsgCallback)
    HAL_DMA_Abort                            0x08000f7f   Thumb Code   146  stm32f4xx_hal_dma.o(i.HAL_DMA_Abort)
    HAL_DMA_Abort_IT                         0x08001011   Thumb Code    36  stm32f4xx_hal_dma.o(i.HAL_DMA_Abort_IT)
    HAL_DMA_IRQHandler                       0x08001035   Thumb Code   412  stm32f4xx_hal_dma.o(i.HAL_DMA_IRQHandler)
    HAL_DMA_Init                             0x080011d5   Thumb Code   206  stm32f4xx_hal_dma.o(i.HAL_DMA_Init)
    HAL_DMA_Start_IT                         0x080012a9   Thumb Code   110  stm32f4xx_hal_dma.o(i.HAL_DMA_Start_IT)
    HAL_Delay                                0x08001319   Thumb Code    32  stm32f4xx_hal.o(i.HAL_Delay)
    HAL_GPIO_Init                            0x0800133d   Thumb Code   450  stm32f4xx_hal_gpio.o(i.HAL_GPIO_Init)
    HAL_GPIO_WritePin                        0x0800152d   Thumb Code    10  stm32f4xx_hal_gpio.o(i.HAL_GPIO_WritePin)
    HAL_GetTick                              0x08001539   Thumb Code     6  stm32f4xx_hal.o(i.HAL_GetTick)
    HAL_IncTick                              0x08001545   Thumb Code    12  stm32f4xx_hal.o(i.HAL_IncTick)
    HAL_Init                                 0x08001555   Thumb Code    48  stm32f4xx_hal.o(i.HAL_Init)
    HAL_InitTick                             0x08001589   Thumb Code   134  stm32f4xx_hal_timebase_tim.o(i.HAL_InitTick)
    HAL_MspInit                              0x08001621   Thumb Code    52  stm32f4xx_hal_msp.o(i.HAL_MspInit)
    HAL_NVIC_EnableIRQ                       0x08001659   Thumb Code    26  stm32f4xx_hal_cortex.o(i.HAL_NVIC_EnableIRQ)
    HAL_NVIC_SetPriority                     0x08001675   Thumb Code    60  stm32f4xx_hal_cortex.o(i.HAL_NVIC_SetPriority)
    HAL_NVIC_SetPriorityGrouping             0x080016b5   Thumb Code    26  stm32f4xx_hal_cortex.o(i.HAL_NVIC_SetPriorityGrouping)
    HAL_PCDEx_LPM_Callback                   0x080016d9   Thumb Code     2  stm32f4xx_hal_pcd_ex.o(i.HAL_PCDEx_LPM_Callback)
    HAL_PCDEx_SetRxFiFo                      0x080016db   Thumb Code     8  stm32f4xx_hal_pcd_ex.o(i.HAL_PCDEx_SetRxFiFo)
    HAL_PCDEx_SetTxFiFo                      0x080016e3   Thumb Code    68  stm32f4xx_hal_pcd_ex.o(i.HAL_PCDEx_SetTxFiFo)
    HAL_PCD_ConnectCallback                  0x08001727   Thumb Code     8  usbd_conf.o(i.HAL_PCD_ConnectCallback)
    HAL_PCD_DataInStageCallback              0x0800172f   Thumb Code    18  usbd_conf.o(i.HAL_PCD_DataInStageCallback)
    HAL_PCD_DataOutStageCallback             0x08001741   Thumb Code    20  usbd_conf.o(i.HAL_PCD_DataOutStageCallback)
    HAL_PCD_DisconnectCallback               0x08001755   Thumb Code     8  usbd_conf.o(i.HAL_PCD_DisconnectCallback)
    HAL_PCD_EP_Abort                         0x0800175d   Thumb Code    30  stm32f4xx_hal_pcd.o(i.HAL_PCD_EP_Abort)
    HAL_PCD_EP_Close                         0x0800177b   Thumb Code    74  stm32f4xx_hal_pcd.o(i.HAL_PCD_EP_Close)
    HAL_PCD_EP_ClrStall                      0x080017c5   Thumb Code    90  stm32f4xx_hal_pcd.o(i.HAL_PCD_EP_ClrStall)
    HAL_PCD_EP_GetRxCount                    0x0800181f   Thumb Code    18  stm32f4xx_hal_pcd.o(i.HAL_PCD_EP_GetRxCount)
    HAL_PCD_EP_Open                          0x08001831   Thumb Code    94  stm32f4xx_hal_pcd.o(i.HAL_PCD_EP_Open)
    HAL_PCD_EP_Receive                       0x0800188f   Thumb Code    56  stm32f4xx_hal_pcd.o(i.HAL_PCD_EP_Receive)
    HAL_PCD_EP_SetStall                      0x080018c7   Thumb Code   114  stm32f4xx_hal_pcd.o(i.HAL_PCD_EP_SetStall)
    HAL_PCD_EP_Transmit                      0x08001939   Thumb Code    50  stm32f4xx_hal_pcd.o(i.HAL_PCD_EP_Transmit)
    HAL_PCD_IRQHandler                       0x0800196d   Thumb Code  1372  stm32f4xx_hal_pcd.o(i.HAL_PCD_IRQHandler)
    HAL_PCD_ISOINIncompleteCallback          0x08001ec9   Thumb Code     8  usbd_conf.o(i.HAL_PCD_ISOINIncompleteCallback)
    HAL_PCD_ISOOUTIncompleteCallback         0x08001ed1   Thumb Code     8  usbd_conf.o(i.HAL_PCD_ISOOUTIncompleteCallback)
    HAL_PCD_Init                             0x08001ed9   Thumb Code   204  stm32f4xx_hal_pcd.o(i.HAL_PCD_Init)
    HAL_PCD_MspInit                          0x08001fa5   Thumb Code   116  usbd_conf.o(i.HAL_PCD_MspInit)
    HAL_PCD_ResetCallback                    0x08002029   Thumb Code    46  usbd_conf.o(i.HAL_PCD_ResetCallback)
    HAL_PCD_ResumeCallback                   0x08002057   Thumb Code     8  usbd_conf.o(i.HAL_PCD_ResumeCallback)
    HAL_PCD_SOFCallback                      0x0800205f   Thumb Code     8  usbd_conf.o(i.HAL_PCD_SOFCallback)
    HAL_PCD_SetAddress                       0x08002067   Thumb Code    38  stm32f4xx_hal_pcd.o(i.HAL_PCD_SetAddress)
    HAL_PCD_SetupStageCallback               0x0800208d   Thumb Code    14  usbd_conf.o(i.HAL_PCD_SetupStageCallback)
    HAL_PCD_Start                            0x0800209b   Thumb Code    66  stm32f4xx_hal_pcd.o(i.HAL_PCD_Start)
    HAL_PCD_SuspendCallback                  0x080020dd   Thumb Code    44  usbd_conf.o(i.HAL_PCD_SuspendCallback)
    HAL_RCC_ClockConfig                      0x0800210d   Thumb Code   288  stm32f4xx_hal_rcc.o(i.HAL_RCC_ClockConfig)
    HAL_RCC_GetClockConfig                   0x08002241   Thumb Code    54  stm32f4xx_hal_rcc.o(i.HAL_RCC_GetClockConfig)
    HAL_RCC_GetHCLKFreq                      0x08002281   Thumb Code     6  stm32f4xx_hal_rcc.o(i.HAL_RCC_GetHCLKFreq)
    HAL_RCC_GetPCLK1Freq                     0x0800228d   Thumb Code    20  stm32f4xx_hal_rcc.o(i.HAL_RCC_GetPCLK1Freq)
    HAL_RCC_GetPCLK2Freq                     0x080022ad   Thumb Code    20  stm32f4xx_hal_rcc.o(i.HAL_RCC_GetPCLK2Freq)
    HAL_RCC_GetSysClockFreq                  0x080022cd   Thumb Code    88  stm32f4xx_hal_rcc.o(i.HAL_RCC_GetSysClockFreq)
    HAL_RCC_OscConfig                        0x08002331   Thumb Code   856  stm32f4xx_hal_rcc.o(i.HAL_RCC_OscConfig)
    HAL_TIMEx_BreakCallback                  0x0800269d   Thumb Code     2  stm32f4xx_hal_tim_ex.o(i.HAL_TIMEx_BreakCallback)
    HAL_TIMEx_CommutCallback                 0x0800269f   Thumb Code     2  stm32f4xx_hal_tim_ex.o(i.HAL_TIMEx_CommutCallback)
    HAL_TIM_Base_Init                        0x080026a1   Thumb Code    90  stm32f4xx_hal_tim.o(i.HAL_TIM_Base_Init)
    HAL_TIM_Base_MspInit                     0x080026fb   Thumb Code     2  stm32f4xx_hal_tim.o(i.HAL_TIM_Base_MspInit)
    HAL_TIM_Base_Start_IT                    0x080026fd   Thumb Code   100  stm32f4xx_hal_tim.o(i.HAL_TIM_Base_Start_IT)
    HAL_TIM_IC_CaptureCallback               0x0800277d   Thumb Code     2  stm32f4xx_hal_tim.o(i.HAL_TIM_IC_CaptureCallback)
    HAL_TIM_IRQHandler                       0x0800277f   Thumb Code   304  stm32f4xx_hal_tim.o(i.HAL_TIM_IRQHandler)
    HAL_TIM_OC_DelayElapsedCallback          0x080028af   Thumb Code     2  stm32f4xx_hal_tim.o(i.HAL_TIM_OC_DelayElapsedCallback)
    HAL_TIM_PWM_PulseFinishedCallback        0x080028b1   Thumb Code     2  stm32f4xx_hal_tim.o(i.HAL_TIM_PWM_PulseFinishedCallback)
    HAL_TIM_PeriodElapsedCallback            0x080028b3   Thumb Code    14  main.o(i.HAL_TIM_PeriodElapsedCallback)
    HAL_TIM_TriggerCallback                  0x080028c1   Thumb Code     2  stm32f4xx_hal_tim.o(i.HAL_TIM_TriggerCallback)
    HAL_UARTEx_RxEventCallback               0x080028c3   Thumb Code     2  stm32f4xx_hal_uart.o(i.HAL_UARTEx_RxEventCallback)
    HAL_UART_DMAStop                         0x080028c5   Thumb Code   112  stm32f4xx_hal_uart.o(i.HAL_UART_DMAStop)
    HAL_UART_ErrorCallback                   0x08002935   Thumb Code     2  stm32f4xx_hal_uart.o(i.HAL_UART_ErrorCallback)
    HAL_UART_IRQHandler                      0x08002939   Thumb Code   618  stm32f4xx_hal_uart.o(i.HAL_UART_IRQHandler)
    HAL_UART_Init                            0x08002ba9   Thumb Code   100  stm32f4xx_hal_uart.o(i.HAL_UART_Init)
    HAL_UART_MspInit                         0x08002c0d   Thumb Code   154  usart.o(i.HAL_UART_MspInit)
    HAL_UART_Receive_DMA                     0x08002cbd   Thumb Code    28  stm32f4xx_hal_uart.o(i.HAL_UART_Receive_DMA)
    HAL_UART_RxCpltCallback                  0x08002cd9   Thumb Code     2  stm32f4xx_hal_uart.o(i.HAL_UART_RxCpltCallback)
    HAL_UART_RxHalfCpltCallback              0x08002cdb   Thumb Code     2  stm32f4xx_hal_uart.o(i.HAL_UART_RxHalfCpltCallback)
    HAL_UART_TxCpltCallback                  0x08002cdd   Thumb Code     2  stm32f4xx_hal_uart.o(i.HAL_UART_TxCpltCallback)
    HardFault_Handler                        0x08002cdf   Thumb Code     2  stm32f4xx_it.o(i.HardFault_Handler)
    MX_CAN1_Init                             0x08002d21   Thumb Code    58  can.o(i.MX_CAN1_Init)
    MX_CAN2_Init                             0x08002d65   Thumb Code    58  can.o(i.MX_CAN2_Init)
    MX_DMA_Init                              0x08002da9   Thumb Code    40  dma.o(i.MX_DMA_Init)
    MX_FREERTOS_Init                         0x08002dd5   Thumb Code    30  freertos_1.o(i.MX_FREERTOS_Init)
    MX_GPIO_Init                             0x08002dfd   Thumb Code   142  gpio.o(i.MX_GPIO_Init)
    MX_UART4_Init                            0x08002e95   Thumb Code    48  usart.o(i.MX_UART4_Init)
    MX_USB_DEVICE_Init                       0x08002ecd   Thumb Code    66  usb_device.o(i.MX_USB_DEVICE_Init)
    MemManage_Handler                        0x08002f21   Thumb Code     2  stm32f4xx_it.o(i.MemManage_Handler)
    Motor_Task                               0x08002f25   Thumb Code   470  mytask.o(i.Motor_Task)
    NMI_Handler                              0x08003125   Thumb Code     2  stm32f4xx_it.o(i.NMI_Handler)
    OTG_FS_IRQHandler                        0x08003129   Thumb Code     6  stm32f4xx_it.o(i.OTG_FS_IRQHandler)
    RAMP_self                                0x080032a3   Thumb Code    88  mytask.o(i.RAMP_self)
    StartDefaultTask                         0x080032fd   Thumb Code   120  freertos_1.o(i.StartDefaultTask)
    SysTick_Handler                          0x08003385   Thumb Code    38  port.o(i.SysTick_Handler)
    SystemClock_Config                       0x080033b1   Thumb Code   142  main.o(i.SystemClock_Config)
    SystemInit                               0x08003449   Thumb Code    12  system_stm32f4xx.o(i.SystemInit)
    TIM2_IRQHandler                          0x08003459   Thumb Code     6  stm32f4xx_it.o(i.TIM2_IRQHandler)
    TIM_Base_SetConfig                       0x08003465   Thumb Code   170  stm32f4xx_hal_tim.o(i.TIM_Base_SetConfig)
    Task_Creat                               0x0800353d   Thumb Code    40  mytask.o(i.Task_Creat)
    UART4_IRQHandler                         0x08003581   Thumb Code   130  stm32f4xx_it.o(i.UART4_IRQHandler)
    UART_Start_Receive_DMA                   0x08003955   Thumb Code   130  stm32f4xx_hal_uart.o(i.UART_Start_Receive_DMA)
    USBD_CDC_GetDeviceQualifierDescriptor    0x08003b69   Thumb Code     8  usbd_cdc.o(i.USBD_CDC_GetDeviceQualifierDescriptor)
    USBD_CDC_ReceivePacket                   0x08003d8d   Thumb Code    66  usbd_cdc.o(i.USBD_CDC_ReceivePacket)
    USBD_CDC_RegisterInterface               0x08003dd5   Thumb Code    24  usbd_cdc.o(i.USBD_CDC_RegisterInterface)
    USBD_CDC_SetRxBuffer                     0x08003ded   Thumb Code    28  usbd_cdc.o(i.USBD_CDC_SetRxBuffer)
    USBD_CDC_SetTxBuffer                     0x08003e09   Thumb Code    32  usbd_cdc.o(i.USBD_CDC_SetTxBuffer)
    USBD_ClrClassConfig                      0x08003f39   Thumb Code    20  usbd_core.o(i.USBD_ClrClassConfig)
    USBD_CoreFindEP                          0x08003f73   Thumb Code     4  usbd_core.o(i.USBD_CoreFindEP)
    USBD_CoreFindIF                          0x08003f77   Thumb Code     4  usbd_core.o(i.USBD_CoreFindIF)
    USBD_CtlContinueRx                       0x08003f7b   Thumb Code    16  usbd_ioreq.o(i.USBD_CtlContinueRx)
    USBD_CtlContinueSendData                 0x08003f8b   Thumb Code    16  usbd_ioreq.o(i.USBD_CtlContinueSendData)
    USBD_CtlError                            0x08003f9b   Thumb Code    24  usbd_ctlreq.o(i.USBD_CtlError)
    USBD_CtlPrepareRx                        0x08003fb3   Thumb Code    30  usbd_ioreq.o(i.USBD_CtlPrepareRx)
    USBD_CtlReceiveStatus                    0x08003fd1   Thumb Code    22  usbd_ioreq.o(i.USBD_CtlReceiveStatus)
    USBD_CtlSendData                         0x08003fe7   Thumb Code    26  usbd_ioreq.o(i.USBD_CtlSendData)
    USBD_CtlSendStatus                       0x08004001   Thumb Code    22  usbd_ioreq.o(i.USBD_CtlSendStatus)
    USBD_FS_ConfigStrDescriptor              0x08004019   Thumb Code    32  usbd_desc.o(i.USBD_FS_ConfigStrDescriptor)
    USBD_FS_DeviceDescriptor                 0x08004049   Thumb Code     8  usbd_desc.o(i.USBD_FS_DeviceDescriptor)
    USBD_FS_InterfaceStrDescriptor           0x08004055   Thumb Code    32  usbd_desc.o(i.USBD_FS_InterfaceStrDescriptor)
    USBD_FS_LangIDStrDescriptor              0x08004089   Thumb Code     8  usbd_desc.o(i.USBD_FS_LangIDStrDescriptor)
    USBD_FS_ManufacturerStrDescriptor        0x08004095   Thumb Code    16  usbd_desc.o(i.USBD_FS_ManufacturerStrDescriptor)
    USBD_FS_ProductStrDescriptor             0x080040bd   Thumb Code    32  usbd_desc.o(i.USBD_FS_ProductStrDescriptor)
    USBD_FS_SerialStrDescriptor              0x080040f9   Thumb Code    14  usbd_desc.o(i.USBD_FS_SerialStrDescriptor)
    USBD_GetEpDesc                           0x080042f5   Thumb Code    60  usbd_core.o(i.USBD_GetEpDesc)
    USBD_GetNextDesc                         0x08004349   Thumb Code    14  usbd_core.o(i.USBD_GetNextDesc)
    USBD_GetString                           0x0800438d   Thumb Code    68  usbd_ctlreq.o(i.USBD_GetString)
    USBD_Get_USB_Status                      0x080043d1   Thumb Code    36  usbd_conf.o(i.USBD_Get_USB_Status)
    USBD_Init                                0x080043f5   Thumb Code    40  usbd_core.o(i.USBD_Init)
    USBD_LL_ClearStallEP                     0x0800441d   Thumb Code    18  usbd_conf.o(i.USBD_LL_ClearStallEP)
    USBD_LL_CloseEP                          0x0800442f   Thumb Code    18  usbd_conf.o(i.USBD_LL_CloseEP)
    USBD_LL_DataInStage                      0x08004441   Thumb Code   220  usbd_core.o(i.USBD_LL_DataInStage)
    USBD_LL_DataOutStage                     0x0800451d   Thumb Code   208  usbd_core.o(i.USBD_LL_DataOutStage)
    USBD_LL_DevConnected                     0x080045ed   Thumb Code     4  usbd_core.o(i.USBD_LL_DevConnected)
    USBD_LL_DevDisconnected                  0x080045f1   Thumb Code    32  usbd_core.o(i.USBD_LL_DevDisconnected)
    USBD_LL_GetRxDataSize                    0x08004611   Thumb Code     8  usbd_conf.o(i.USBD_LL_GetRxDataSize)
    USBD_LL_Init                             0x08004619   Thumb Code    92  usbd_conf.o(i.USBD_LL_Init)
    USBD_LL_IsStallEP                        0x08004679   Thumb Code    32  usbd_conf.o(i.USBD_LL_IsStallEP)
    USBD_LL_IsoINIncomplete                  0x08004699   Thumb Code    42  usbd_core.o(i.USBD_LL_IsoINIncomplete)
    USBD_LL_IsoOUTIncomplete                 0x080046c3   Thumb Code    42  usbd_core.o(i.USBD_LL_IsoOUTIncomplete)
    USBD_LL_OpenEP                           0x080046ed   Thumb Code    24  usbd_conf.o(i.USBD_LL_OpenEP)
    USBD_LL_PrepareReceive                   0x08004705   Thumb Code    18  usbd_conf.o(i.USBD_LL_PrepareReceive)
    USBD_LL_Reset                            0x08004717   Thumb Code    96  usbd_core.o(i.USBD_LL_Reset)
    USBD_LL_Resume                           0x08004777   Thumb Code    20  usbd_core.o(i.USBD_LL_Resume)
    USBD_LL_SOF                              0x0800478b   Thumb Code    26  usbd_core.o(i.USBD_LL_SOF)
    USBD_LL_SetSpeed                         0x080047a5   Thumb Code     6  usbd_core.o(i.USBD_LL_SetSpeed)
    USBD_LL_SetUSBAddress                    0x080047ab   Thumb Code    18  usbd_conf.o(i.USBD_LL_SetUSBAddress)
    USBD_LL_SetupStage                       0x080047bd   Thumb Code   100  usbd_core.o(i.USBD_LL_SetupStage)
    USBD_LL_StallEP                          0x08004821   Thumb Code    18  usbd_conf.o(i.USBD_LL_StallEP)
    USBD_LL_Start                            0x08004833   Thumb Code    18  usbd_conf.o(i.USBD_LL_Start)
    USBD_LL_Suspend                          0x08004845   Thumb Code    26  usbd_core.o(i.USBD_LL_Suspend)
    USBD_LL_Transmit                         0x0800485f   Thumb Code    18  usbd_conf.o(i.USBD_LL_Transmit)
    USBD_ParseSetupRequest                   0x08004871   Thumb Code    50  usbd_ctlreq.o(i.USBD_ParseSetupRequest)
    USBD_RegisterClass                       0x080048a3   Thumb Code    58  usbd_core.o(i.USBD_RegisterClass)
    USBD_RunTestMode                         0x080048dd   Thumb Code     4  usbd_core.o(i.USBD_RunTestMode)
    USBD_SetClassConfig                      0x08004939   Thumb Code    20  usbd_core.o(i.USBD_SetClassConfig)
    USBD_Start                               0x08004a4d   Thumb Code     4  usbd_core.o(i.USBD_Start)
    USBD_StdDevReq                           0x08004a51   Thumb Code   118  usbd_ctlreq.o(i.USBD_StdDevReq)
    USBD_StdEPReq                            0x08004ac7   Thumb Code   558  usbd_ctlreq.o(i.USBD_StdEPReq)
    USBD_StdItfReq                           0x08004cf5   Thumb Code   142  usbd_ctlreq.o(i.USBD_StdItfReq)
    USBD_static_free                         0x08004d83   Thumb Code     2  usbd_conf.o(i.USBD_static_free)
    USBD_static_malloc                       0x08004d85   Thumb Code     4  usbd_conf.o(i.USBD_static_malloc)
    USB_ActivateEndpoint                     0x08004d8d   Thumb Code   122  stm32f4xx_ll_usb.o(i.USB_ActivateEndpoint)
    USB_ActivateSetup                        0x08004e0d   Thumb Code    28  stm32f4xx_ll_usb.o(i.USB_ActivateSetup)
    USB_CoreInit                             0x08004e29   Thumb Code   126  stm32f4xx_ll_usb.o(i.USB_CoreInit)
    USB_DeactivateEndpoint                   0x08004ee9   Thumb Code   194  stm32f4xx_ll_usb.o(i.USB_DeactivateEndpoint)
    USB_DevConnect                           0x08004fb5   Thumb Code    28  stm32f4xx_ll_usb.o(i.USB_DevConnect)
    USB_DevDisconnect                        0x08004fd1   Thumb Code    28  stm32f4xx_ll_usb.o(i.USB_DevDisconnect)
    USB_DevInit                              0x08004fed   Thumb Code   370  stm32f4xx_ll_usb.o(i.USB_DevInit)
    USB_DisableGlobalInt                     0x08005169   Thumb Code    12  stm32f4xx_ll_usb.o(i.USB_DisableGlobalInt)
    USB_EP0_OutStart                         0x08005175   Thumb Code    84  stm32f4xx_ll_usb.o(i.USB_EP0_OutStart)
    USB_EPClearStall                         0x080051cd   Thumb Code    88  stm32f4xx_ll_usb.o(i.USB_EPClearStall)
    USB_EPSetStall                           0x08005225   Thumb Code    88  stm32f4xx_ll_usb.o(i.USB_EPSetStall)
    USB_EPStartXfer                          0x0800527d   Thumb Code   554  stm32f4xx_ll_usb.o(i.USB_EPStartXfer)
    USB_EPStopXfer                           0x080054ad   Thumb Code   158  stm32f4xx_ll_usb.o(i.USB_EPStopXfer)
    USB_EnableGlobalInt                      0x0800554b   Thumb Code    12  stm32f4xx_ll_usb.o(i.USB_EnableGlobalInt)
    USB_FlushRxFifo                          0x08005557   Thumb Code    56  stm32f4xx_ll_usb.o(i.USB_FlushRxFifo)
    USB_FlushTxFifo                          0x0800558f   Thumb Code    60  stm32f4xx_ll_usb.o(i.USB_FlushTxFifo)
    USB_GetDevSpeed                          0x080055cb   Thumb Code    26  stm32f4xx_ll_usb.o(i.USB_GetDevSpeed)
    USB_GetMode                              0x080055e5   Thumb Code     8  stm32f4xx_ll_usb.o(i.USB_GetMode)
    USB_ReadDevAllInEpInterrupt              0x080055ed   Thumb Code    14  stm32f4xx_ll_usb.o(i.USB_ReadDevAllInEpInterrupt)
    USB_ReadDevAllOutEpInterrupt             0x080055fb   Thumb Code    14  stm32f4xx_ll_usb.o(i.USB_ReadDevAllOutEpInterrupt)
    USB_ReadDevInEPInterrupt                 0x08005609   Thumb Code    36  stm32f4xx_ll_usb.o(i.USB_ReadDevInEPInterrupt)
    USB_ReadDevOutEPInterrupt                0x0800562d   Thumb Code    16  stm32f4xx_ll_usb.o(i.USB_ReadDevOutEPInterrupt)
    USB_ReadInterrupts                       0x0800563d   Thumb Code     8  stm32f4xx_ll_usb.o(i.USB_ReadInterrupts)
    USB_ReadPacket                           0x08005645   Thumb Code    62  stm32f4xx_ll_usb.o(i.USB_ReadPacket)
    USB_SetCurrentMode                       0x08005683   Thumb Code    92  stm32f4xx_ll_usb.o(i.USB_SetCurrentMode)
    USB_SetDevAddress                        0x080056df   Thumb Code    34  stm32f4xx_ll_usb.o(i.USB_SetDevAddress)
    USB_SetTurnaroundTime                    0x08005701   Thumb Code   158  stm32f4xx_ll_usb.o(i.USB_SetTurnaroundTime)
    USB_WritePacket                          0x080057e9   Thumb Code    40  stm32f4xx_ll_usb.o(i.USB_WritePacket)
    UsageFault_Handler                       0x08005811   Thumb Code     2  stm32f4xx_it.o(i.UsageFault_Handler)
    VCOMM_CallBack                           0x08005815   Thumb Code   312  mytask.o(i.VCOMM_CallBack)
    VCOMM_Error_CallBack                     0x08005979   Thumb Code     2  vcomcomm.o(i.VCOMM_Error_CallBack)
    VCOMM_Receive_FS                         0x0800597b   Thumb Code    80  vcomcomm.o(i.VCOMM_Receive_FS)
    Verify_CRC16_Check_Sum                   0x080059cb   Thumb Code    14  crc.o(i.Verify_CRC16_Check_Sum)
    WatchDog_CallBack                        0x080059d9   Thumb Code    64  mytask.o(i.WatchDog_CallBack)
    WatchDog_Init                            0x08005a25   Thumb Code    20  watchdog.o(i.WatchDog_Init)
    WatchDog_Polling                         0x08005a3d   Thumb Code    48  watchdog.o(i.WatchDog_Polling)
    _sys_exit                                0x08005a91   Thumb Code     2  printfdmabuffer.o(i._sys_exit)
    main                                     0x08005a95   Thumb Code   100  main.o(i.main)
    osKernelStart                            0x08005b19   Thumb Code    10  cmsis_os.o(i.osKernelStart)
    osThreadCreate                           0x08005b23   Thumb Code    84  cmsis_os.o(i.osThreadCreate)
    pvPortMalloc                             0x08005ec5   Thumb Code   216  heap_4.o(i.pvPortMalloc)
    pxPortInitialiseStack                    0x08005fa1   Thumb Code    40  port.o(i.pxPortInitialiseStack)
    uxListRemove                             0x08005fcd   Thumb Code    38  list.o(i.uxListRemove)
    vApplicationGetIdleTaskMemory            0x08005ff5   Thumb Code    16  freertos_1.o(i.vApplicationGetIdleTaskMemory)
    vListInitialise                          0x08006009   Thumb Code    22  list.o(i.vListInitialise)
    vListInitialiseItem                      0x0800601f   Thumb Code     6  list.o(i.vListInitialiseItem)
    vListInsert                              0x08006025   Thumb Code    48  list.o(i.vListInsert)
    vListInsertEnd                           0x08006055   Thumb Code    24  list.o(i.vListInsertEnd)
    vPortEnterCritical                       0x0800606d   Thumb Code    54  port.o(i.vPortEnterCritical)
    vPortExitCritical                        0x080060ad   Thumb Code    34  port.o(i.vPortExitCritical)
    vPortFree                                0x080060d5   Thumb Code    94  heap_4.o(i.vPortFree)
    vPortSetupTimerInterrupt                 0x08006139   Thumb Code    32  port.o(i.vPortSetupTimerInterrupt)
    vTaskDelay                               0x0800615d   Thumb Code    66  tasks.o(i.vTaskDelay)
    vTaskDelete                              0x080061a9   Thumb Code   158  tasks.o(i.vTaskDelete)
    vTaskStartScheduler                      0x08006255   Thumb Code    90  tasks.o(i.vTaskStartScheduler)
    vTaskSuspendAll                          0x080062c1   Thumb Code    10  tasks.o(i.vTaskSuspendAll)
    vTaskSwitchContext                       0x080062d1   Thumb Code    82  tasks.o(i.vTaskSwitchContext)
    xPortStartScheduler                      0x0800632d   Thumb Code   222  port.o(i.xPortStartScheduler)
    xTaskCreate                              0x08006421   Thumb Code    90  tasks.o(i.xTaskCreate)
    xTaskCreateStatic                        0x0800647b   Thumb Code    86  tasks.o(i.xTaskCreateStatic)
    xTaskIncrementTick                       0x080064d1   Thumb Code   194  tasks.o(i.xTaskIncrementTick)
    xTaskResumeAll                           0x0800659d   Thumb Code   182  tasks.o(i.xTaskResumeAll)
    __aeabi_dadd                             0x08006661   Thumb Code     0  daddsub_clz.o(x$fpl$dadd)
    _dadd                                    0x08006661   Thumb Code   332  daddsub_clz.o(x$fpl$dadd)
    __aeabi_d2iz                             0x080067b1   Thumb Code     0  dfix.o(x$fpl$dfix)
    _dfix                                    0x080067b1   Thumb Code    94  dfix.o(x$fpl$dfix)
    __aeabi_i2d                              0x0800680f   Thumb Code     0  dflt_clz.o(x$fpl$dflt)
    _dflt                                    0x0800680f   Thumb Code    46  dflt_clz.o(x$fpl$dflt)
    __aeabi_dmul                             0x0800683d   Thumb Code     0  dmul.o(x$fpl$dmul)
    _dmul                                    0x0800683d   Thumb Code   332  dmul.o(x$fpl$dmul)
    __fpl_dnaninf                            0x08006991   Thumb Code   156  dnaninf.o(x$fpl$dnaninf)
    __fpl_dretinf                            0x08006a2d   Thumb Code    12  dretinf.o(x$fpl$dretinf)
    __aeabi_dsub                             0x08006a39   Thumb Code     0  daddsub_clz.o(x$fpl$dsub)
    _dsub                                    0x08006a39   Thumb Code   464  daddsub_clz.o(x$fpl$dsub)
    _fp_init                                 0x08006c0d   Thumb Code    10  fpinit.o(x$fpl$fpinit)
    __fplib_config_fpu_vfp                   0x08006c15   Thumb Code     0  fpinit.o(x$fpl$fpinit)
    __fplib_config_pureend_doubles           0x08006c15   Thumb Code     0  fpinit.o(x$fpl$fpinit)
    __I$use$fp                               0x08006c16   Number         0  usenofp.o(x$fpl$usenofp)
    AHBPrescTable                            0x08006f54   Data          16  system_stm32f4xx.o(.constdata)
    APBPrescTable                            0x08006f64   Data           8  system_stm32f4xx.o(.constdata)
    Region$$Table$$Base                      0x08006f78   Number         0  anon$$obj.o(Region$$Table)
    Region$$Table$$Limit                     0x08006f98   Number         0  anon$$obj.o(Region$$Table)
    flag                                     0x20000008   Data           4  mytask.o(.data)
    flag1                                    0x2000000c   Data           4  mytask.o(.data)
    a                                        0x20000010   Data           4  mytask.o(.data)
    b                                        0x20000014   Data           4  mytask.o(.data)
    counter                                  0x20000018   Data           4  mytask.o(.data)
    Remote_dog                               0x2000001c   Data           8  main.o(.data)
    defaultTaskHandle                        0x20000024   Data           4  freertos_1.o(.data)
    uwTickFreq                               0x2000002c   Data           1  stm32f4xx_hal.o(.data)
    uwTickPrio                               0x20000030   Data           4  stm32f4xx_hal.o(.data)
    uwTick                                   0x20000034   Data           4  stm32f4xx_hal.o(.data)
    SystemCoreClock                          0x20000038   Data           4  system_stm32f4xx.o(.data)
    pxCurrentTCB                             0x2000003c   Data           4  tasks.o(.data)
    FS_Desc                                  0x200000a4   Data          28  usbd_desc.o(.data)
    USBD_LangIDDesc                          0x200000c0   Data           4  usbd_desc.o(.data)
    USBD_FS_DeviceDesc                       0x200000c4   Data          18  usbd_desc.o(.data)
    USBD_StringSerial                        0x200000d8   Data          26  usbd_desc.o(.data)
    USBD_Interface_fops_FS                   0x200000f4   Data          20  usbd_cdc_if.o(.data)
    USBD_CDC                                 0x20000160   Data          56  usbd_cdc.o(.data)
    VCOMCOMM_Data                            0x20000198   Data          24  mytask.o(.bss)
    MI                                       0x200001b0   Data          24  mytask.o(.bss)
    MII                                      0x200001c8   Data          24  mytask.o(.bss)
    MIII                                     0x200001e0   Data          24  mytask.o(.bss)
    RemoteData                               0x200001f8   Data          21  dataprocess.o(.bss)
    Remote_Control                           0x20000210   Data          16  dataprocess.o(.bss)
    usart4_dma_buff                          0x20000220   Data          21  main.o(.bss)
    hcan1                                    0x2000048c   Data          40  can.o(.bss)
    hcan2                                    0x200004b4   Data          40  can.o(.bss)
    huart4                                   0x200004dc   Data          72  usart.o(.bss)
    hdma_uart4_rx                            0x20000524   Data          96  usart.o(.bss)
    htim2                                    0x20000584   Data          72  stm32f4xx_hal_timebase_tim.o(.bss)
    hUsbDeviceFS                             0x200042bc   Data         732  usb_device.o(.bss)
    USBD_StrDesc                             0x20004598   Data         512  usbd_desc.o(.bss)
    UserRxBufferFS                           0x20004798   Data        2048  usbd_cdc_if.o(.bss)
    UserTxBufferFS                           0x20004f98   Data        2048  usbd_cdc_if.o(.bss)
    hpcd_USB_OTG_FS                          0x200059b8   Data        1252  usbd_conf.o(.bss)
    __libspace_start                         0x20005e9c   Data          96  libspace.o(.bss)
    __temporary_stack_top$libspace           0x20005efc   Data           0  libspace.o(.bss)



==============================================================================

Memory Map of the image

  Image Entry point : 0x08000189

  Load Region LR_IROM1 (Base: 0x08000000, Size: 0x00007130, Max: 0x00080000, ABSOLUTE, COMPRESSED[0x00007054])

    Execution Region ER_IROM1 (Exec base: 0x08000000, Load base: 0x08000000, Size: 0x00006f98, Max: 0x00080000, ABSOLUTE)

    Exec Addr    Load Addr    Size         Type   Attr      Idx    E Section Name        Object

    0x08000000   0x08000000   0x00000188   Data   RO            3    RESET               startup_stm32f407xx.o
    0x08000188   0x08000188   0x00000008   Code   RO         7028  * !!!main             c_w.l(__main.o)
    0x08000190   0x08000190   0x00000034   Code   RO         7266    !!!scatter          c_w.l(__scatter.o)
    0x080001c4   0x080001c4   0x0000005a   Code   RO         7264    !!dczerorl2         c_w.l(__dczerorl2.o)
    0x0800021e   0x0800021e   0x00000002   PAD
    0x08000220   0x08000220   0x0000001c   Code   RO         7268    !!handler_zi        c_w.l(__scatter_zi.o)
    0x0800023c   0x0800023c   0x00000002   Code   RO         7203    .ARM.Collect$$libinit$$00000000  c_w.l(libinit.o)
    0x0800023e   0x0800023e   0x00000004   Code   RO         7084    .ARM.Collect$$libinit$$00000001  c_w.l(libinit2.o)
    0x08000242   0x08000242   0x00000000   Code   RO         7087    .ARM.Collect$$libinit$$00000004  c_w.l(libinit2.o)
    0x08000242   0x08000242   0x00000000   Code   RO         7090    .ARM.Collect$$libinit$$0000000A  c_w.l(libinit2.o)
    0x08000242   0x08000242   0x00000000   Code   RO         7092    .ARM.Collect$$libinit$$0000000C  c_w.l(libinit2.o)
    0x08000242   0x08000242   0x00000000   Code   RO         7094    .ARM.Collect$$libinit$$0000000E  c_w.l(libinit2.o)
    0x08000242   0x08000242   0x00000000   Code   RO         7097    .ARM.Collect$$libinit$$00000011  c_w.l(libinit2.o)
    0x08000242   0x08000242   0x00000000   Code   RO         7099    .ARM.Collect$$libinit$$00000013  c_w.l(libinit2.o)
    0x08000242   0x08000242   0x00000000   Code   RO         7101    .ARM.Collect$$libinit$$00000015  c_w.l(libinit2.o)
    0x08000242   0x08000242   0x00000000   Code   RO         7103    .ARM.Collect$$libinit$$00000017  c_w.l(libinit2.o)
    0x08000242   0x08000242   0x00000000   Code   RO         7105    .ARM.Collect$$libinit$$00000019  c_w.l(libinit2.o)
    0x08000242   0x08000242   0x00000000   Code   RO         7107    .ARM.Collect$$libinit$$0000001B  c_w.l(libinit2.o)
    0x08000242   0x08000242   0x00000000   Code   RO         7109    .ARM.Collect$$libinit$$0000001D  c_w.l(libinit2.o)
    0x08000242   0x08000242   0x00000000   Code   RO         7111    .ARM.Collect$$libinit$$0000001F  c_w.l(libinit2.o)
    0x08000242   0x08000242   0x00000000   Code   RO         7113    .ARM.Collect$$libinit$$00000021  c_w.l(libinit2.o)
    0x08000242   0x08000242   0x00000000   Code   RO         7115    .ARM.Collect$$libinit$$00000023  c_w.l(libinit2.o)
    0x08000242   0x08000242   0x00000000   Code   RO         7117    .ARM.Collect$$libinit$$00000025  c_w.l(libinit2.o)
    0x08000242   0x08000242   0x00000000   Code   RO         7121    .ARM.Collect$$libinit$$0000002C  c_w.l(libinit2.o)
    0x08000242   0x08000242   0x00000000   Code   RO         7123    .ARM.Collect$$libinit$$0000002E  c_w.l(libinit2.o)
    0x08000242   0x08000242   0x00000000   Code   RO         7125    .ARM.Collect$$libinit$$00000030  c_w.l(libinit2.o)
    0x08000242   0x08000242   0x00000000   Code   RO         7127    .ARM.Collect$$libinit$$00000032  c_w.l(libinit2.o)
    0x08000242   0x08000242   0x00000002   Code   RO         7128    .ARM.Collect$$libinit$$00000033  c_w.l(libinit2.o)
    0x08000244   0x08000244   0x00000002   Code   RO         7261    .ARM.Collect$$libshutdown$$00000000  c_w.l(libshutdown.o)
    0x08000246   0x08000246   0x00000000   Code   RO         7217    .ARM.Collect$$libshutdown$$00000002  c_w.l(libshutdown2.o)
    0x08000246   0x08000246   0x00000000   Code   RO         7219    .ARM.Collect$$libshutdown$$00000004  c_w.l(libshutdown2.o)
    0x08000246   0x08000246   0x00000000   Code   RO         7221    .ARM.Collect$$libshutdown$$00000006  c_w.l(libshutdown2.o)
    0x08000246   0x08000246   0x00000000   Code   RO         7224    .ARM.Collect$$libshutdown$$00000009  c_w.l(libshutdown2.o)
    0x08000246   0x08000246   0x00000000   Code   RO         7227    .ARM.Collect$$libshutdown$$0000000C  c_w.l(libshutdown2.o)
    0x08000246   0x08000246   0x00000000   Code   RO         7229    .ARM.Collect$$libshutdown$$0000000E  c_w.l(libshutdown2.o)
    0x08000246   0x08000246   0x00000000   Code   RO         7232    .ARM.Collect$$libshutdown$$00000011  c_w.l(libshutdown2.o)
    0x08000246   0x08000246   0x00000002   Code   RO         7233    .ARM.Collect$$libshutdown$$00000012  c_w.l(libshutdown2.o)
    0x08000248   0x08000248   0x00000000   Code   RO         7050    .ARM.Collect$$rtentry$$00000000  c_w.l(__rtentry.o)
    0x08000248   0x08000248   0x00000000   Code   RO         7140    .ARM.Collect$$rtentry$$00000002  c_w.l(__rtentry2.o)
    0x08000248   0x08000248   0x00000006   Code   RO         7152    .ARM.Collect$$rtentry$$00000004  c_w.l(__rtentry4.o)
    0x0800024e   0x0800024e   0x00000000   Code   RO         7142    .ARM.Collect$$rtentry$$00000009  c_w.l(__rtentry2.o)
    0x0800024e   0x0800024e   0x00000004   Code   RO         7143    .ARM.Collect$$rtentry$$0000000A  c_w.l(__rtentry2.o)
    0x08000252   0x08000252   0x00000000   Code   RO         7145    .ARM.Collect$$rtentry$$0000000C  c_w.l(__rtentry2.o)
    0x08000252   0x08000252   0x00000008   Code   RO         7146    .ARM.Collect$$rtentry$$0000000D  c_w.l(__rtentry2.o)
    0x0800025a   0x0800025a   0x00000002   Code   RO         7204    .ARM.Collect$$rtexit$$00000000  c_w.l(rtexit.o)
    0x0800025c   0x0800025c   0x00000000   Code   RO         7237    .ARM.Collect$$rtexit$$00000002  c_w.l(rtexit2.o)
    0x0800025c   0x0800025c   0x00000004   Code   RO         7238    .ARM.Collect$$rtexit$$00000003  c_w.l(rtexit2.o)
    0x08000260   0x08000260   0x00000006   Code   RO         7239    .ARM.Collect$$rtexit$$00000004  c_w.l(rtexit2.o)
    0x08000266   0x08000266   0x00000002   PAD
    0x08000268   0x08000268   0x000000be   Code   RO         6060    .emb_text           port.o
    0x08000326   0x08000326   0x00000002   PAD
    0x08000328   0x08000328   0x00000040   Code   RO            4    .text               startup_stm32f407xx.o
    0x08000368   0x08000368   0x000000ee   Code   RO         7016    .text               c_w.l(lludivv7m.o)
    0x08000456   0x08000456   0x0000008a   Code   RO         7018    .text               c_w.l(rt_memcpy_v6.o)
    0x080004e0   0x080004e0   0x00000064   Code   RO         7020    .text               c_w.l(rt_memcpy_w.o)
    0x08000544   0x08000544   0x0000004e   Code   RO         7024    .text               c_w.l(rt_memclr_w.o)
    0x08000592   0x08000592   0x00000006   Code   RO         7026    .text               c_w.l(heapauxi.o)
    0x08000598   0x08000598   0x00000008   Code   RO         7136    .text               c_w.l(libspace.o)
    0x080005a0   0x080005a0   0x0000004a   Code   RO         7178    .text               c_w.l(sys_stackheap_outer.o)
    0x080005ea   0x080005ea   0x00000012   Code   RO         7184    .text               c_w.l(exit.o)
    0x080005fc   0x080005fc   0x00000002   Code   RO         1343    i.BusFault_Handler  stm32f4xx_it.o
    0x080005fe   0x080005fe   0x00000002   PAD
    0x08000600   0x08000600   0x0000000c   Code   RO         1344    i.CAN1_RX0_IRQHandler  stm32f4xx_it.o
    0x0800060c   0x0800060c   0x0000000c   Code   RO         1345    i.CAN1_TX_IRQHandler  stm32f4xx_it.o
    0x08000618   0x08000618   0x0000000c   Code   RO         1346    i.CAN2_RX1_IRQHandler  stm32f4xx_it.o
    0x08000624   0x08000624   0x0000000c   Code   RO         1347    i.CAN2_TX_IRQHandler  stm32f4xx_it.o
    0x08000630   0x08000630   0x00000028   Code   RO          714    i.CAN_RoboModule_DRV_Mode_Choice  robomodule_drv.o
    0x08000658   0x08000658   0x00000020   Code   RO          719    i.CAN_RoboModule_DRV_Reset  robomodule_drv.o
    0x08000678   0x08000678   0x00000060   Code   RO          721    i.CAN_RoboModule_DRV_Velocity_Mode  robomodule_drv.o
    0x080006d8   0x080006d8   0x00000030   Code   RO           14    i.CAN_Send_StdDataFrame  candrive.o
    0x08000708   0x08000708   0x00000008   Code   RO         6262    i.CDC_Control_FS    usbd_cdc_if.o
    0x08000710   0x08000710   0x00000004   Code   RO         6263    i.CDC_DeInit_FS     usbd_cdc_if.o
    0x08000714   0x08000714   0x00000024   Code   RO         6264    i.CDC_Init_FS       usbd_cdc_if.o
    0x08000738   0x08000738   0x00000024   Code   RO         6265    i.CDC_Receive_FS    usbd_cdc_if.o
    0x0800075c   0x0800075c   0x00000004   Code   RO         6266    i.CDC_TransmitCplt_FS  usbd_cdc_if.o
    0x08000760   0x08000760   0x00000044   Code   RO           15    i.CanFilter_Init    candrive.o
    0x080007a4   0x080007a4   0x0000000c   Code   RO         1348    i.DMA1_Stream2_IRQHandler  stm32f4xx_it.o
    0x080007b0   0x080007b0   0x00000028   Code   RO         2559    i.DMA_CalcBaseAndBitshift  stm32f4xx_hal_dma.o
    0x080007d8   0x080007d8   0x00000054   Code   RO         2560    i.DMA_CheckFifoParam  stm32f4xx_hal_dma.o
    0x0800082c   0x0800082c   0x00000028   Code   RO         2561    i.DMA_SetConfig     stm32f4xx_hal_dma.o
    0x08000854   0x08000854   0x00000002   Code   RO         1349    i.DebugMon_Handler  stm32f4xx_it.o
    0x08000856   0x08000856   0x0000000c   Code   RO          933    i.Dog_Task          mytask.o
    0x08000862   0x08000862   0x00000004   Code   RO         1083    i.Error_Handler     main.o
    0x08000866   0x08000866   0x00000002   Code   RO          880    i.FeedDog_CallBack  watchdog.o
    0x08000868   0x08000868   0x0000000c   Code   RO          881    i.Feed_Dog          watchdog.o
    0x08000874   0x08000874   0x0000002c   Code   RO          218    i.Get_CRC16_Check_Sum  crc.o
    0x080008a0   0x080008a0   0x00000038   Code   RO         6171    i.Get_SerialNum     usbd_desc.o
    0x080008d8   0x080008d8   0x00000024   Code   RO         3239    i.HAL_CAN_ActivateNotification  stm32f4xx_hal_can.o
    0x080008fc   0x080008fc   0x000000d0   Code   RO         3240    i.HAL_CAN_AddTxMessage  stm32f4xx_hal_can.o
    0x080009cc   0x080009cc   0x0000010c   Code   RO         3241    i.HAL_CAN_ConfigFilter  stm32f4xx_hal_can.o
    0x08000ad8   0x08000ad8   0x00000002   Code   RO         3244    i.HAL_CAN_ErrorCallback  stm32f4xx_hal_can.o
    0x08000ada   0x08000ada   0x000001fc   Code   RO         3251    i.HAL_CAN_IRQHandler  stm32f4xx_hal_can.o
    0x08000cd6   0x08000cd6   0x0000011a   Code   RO         3252    i.HAL_CAN_Init      stm32f4xx_hal_can.o
    0x08000df0   0x08000df0   0x0000011c   Code   RO         1229    i.HAL_CAN_MspInit   can.o
    0x08000f0c   0x08000f0c   0x00000002   Code   RO         3259    i.HAL_CAN_RxFifo0FullCallback  stm32f4xx_hal_can.o
    0x08000f0e   0x08000f0e   0x00000002   Code   RO         3260    i.HAL_CAN_RxFifo0MsgPendingCallback  stm32f4xx_hal_can.o
    0x08000f10   0x08000f10   0x00000002   Code   RO         3261    i.HAL_CAN_RxFifo1FullCallback  stm32f4xx_hal_can.o
    0x08000f12   0x08000f12   0x00000002   Code   RO         3262    i.HAL_CAN_RxFifo1MsgPendingCallback  stm32f4xx_hal_can.o
    0x08000f14   0x08000f14   0x00000002   Code   RO         3263    i.HAL_CAN_SleepCallback  stm32f4xx_hal_can.o
    0x08000f16   0x08000f16   0x00000002   PAD
    0x08000f18   0x08000f18   0x00000058   Code   RO         3264    i.HAL_CAN_Start     stm32f4xx_hal_can.o
    0x08000f70   0x08000f70   0x00000002   Code   RO         3266    i.HAL_CAN_TxMailbox0AbortCallback  stm32f4xx_hal_can.o
    0x08000f72   0x08000f72   0x00000002   Code   RO         3267    i.HAL_CAN_TxMailbox0CompleteCallback  stm32f4xx_hal_can.o
    0x08000f74   0x08000f74   0x00000002   Code   RO         3268    i.HAL_CAN_TxMailbox1AbortCallback  stm32f4xx_hal_can.o
    0x08000f76   0x08000f76   0x00000002   Code   RO         3269    i.HAL_CAN_TxMailbox1CompleteCallback  stm32f4xx_hal_can.o
    0x08000f78   0x08000f78   0x00000002   Code   RO         3270    i.HAL_CAN_TxMailbox2AbortCallback  stm32f4xx_hal_can.o
    0x08000f7a   0x08000f7a   0x00000002   Code   RO         3271    i.HAL_CAN_TxMailbox2CompleteCallback  stm32f4xx_hal_can.o
    0x08000f7c   0x08000f7c   0x00000002   Code   RO         3273    i.HAL_CAN_WakeUpFromRxMsgCallback  stm32f4xx_hal_can.o
    0x08000f7e   0x08000f7e   0x00000092   Code   RO         2562    i.HAL_DMA_Abort     stm32f4xx_hal_dma.o
    0x08001010   0x08001010   0x00000024   Code   RO         2563    i.HAL_DMA_Abort_IT  stm32f4xx_hal_dma.o
    0x08001034   0x08001034   0x000001a0   Code   RO         2567    i.HAL_DMA_IRQHandler  stm32f4xx_hal_dma.o
    0x080011d4   0x080011d4   0x000000d4   Code   RO         2568    i.HAL_DMA_Init      stm32f4xx_hal_dma.o
    0x080012a8   0x080012a8   0x0000006e   Code   RO         2572    i.HAL_DMA_Start_IT  stm32f4xx_hal_dma.o
    0x08001316   0x08001316   0x00000002   PAD
    0x08001318   0x08001318   0x00000024   Code   RO         2987    i.HAL_Delay         stm32f4xx_hal.o
    0x0800133c   0x0800133c   0x000001f0   Code   RO         2455    i.HAL_GPIO_Init     stm32f4xx_hal_gpio.o
    0x0800152c   0x0800152c   0x0000000a   Code   RO         2459    i.HAL_GPIO_WritePin  stm32f4xx_hal_gpio.o
    0x08001536   0x08001536   0x00000002   PAD
    0x08001538   0x08001538   0x0000000c   Code   RO         2993    i.HAL_GetTick       stm32f4xx_hal.o
    0x08001544   0x08001544   0x00000010   Code   RO         2999    i.HAL_IncTick       stm32f4xx_hal.o
    0x08001554   0x08001554   0x00000034   Code   RO         3000    i.HAL_Init          stm32f4xx_hal.o
    0x08001588   0x08001588   0x00000098   Code   RO         1476    i.HAL_InitTick      stm32f4xx_hal_timebase_tim.o
    0x08001620   0x08001620   0x00000038   Code   RO         1452    i.HAL_MspInit       stm32f4xx_hal_msp.o
    0x08001658   0x08001658   0x0000001a   Code   RO         2845    i.HAL_NVIC_EnableIRQ  stm32f4xx_hal_cortex.o
    0x08001672   0x08001672   0x00000002   PAD
    0x08001674   0x08001674   0x00000040   Code   RO         2851    i.HAL_NVIC_SetPriority  stm32f4xx_hal_cortex.o
    0x080016b4   0x080016b4   0x00000024   Code   RO         2852    i.HAL_NVIC_SetPriorityGrouping  stm32f4xx_hal_cortex.o
    0x080016d8   0x080016d8   0x00000002   Code   RO         1754    i.HAL_PCDEx_LPM_Callback  stm32f4xx_hal_pcd_ex.o
    0x080016da   0x080016da   0x00000008   Code   RO         1755    i.HAL_PCDEx_SetRxFiFo  stm32f4xx_hal_pcd_ex.o
    0x080016e2   0x080016e2   0x00000044   Code   RO         1756    i.HAL_PCDEx_SetTxFiFo  stm32f4xx_hal_pcd_ex.o
    0x08001726   0x08001726   0x00000008   Code   RO         6322    i.HAL_PCD_ConnectCallback  usbd_conf.o
    0x0800172e   0x0800172e   0x00000012   Code   RO         6323    i.HAL_PCD_DataInStageCallback  usbd_conf.o
    0x08001740   0x08001740   0x00000014   Code   RO         6324    i.HAL_PCD_DataOutStageCallback  usbd_conf.o
    0x08001754   0x08001754   0x00000008   Code   RO         6325    i.HAL_PCD_DisconnectCallback  usbd_conf.o
    0x0800175c   0x0800175c   0x0000001e   Code   RO         1524    i.HAL_PCD_EP_Abort  stm32f4xx_hal_pcd.o
    0x0800177a   0x0800177a   0x0000004a   Code   RO         1525    i.HAL_PCD_EP_Close  stm32f4xx_hal_pcd.o
    0x080017c4   0x080017c4   0x0000005a   Code   RO         1526    i.HAL_PCD_EP_ClrStall  stm32f4xx_hal_pcd.o
    0x0800181e   0x0800181e   0x00000012   Code   RO         1528    i.HAL_PCD_EP_GetRxCount  stm32f4xx_hal_pcd.o
    0x08001830   0x08001830   0x0000005e   Code   RO         1529    i.HAL_PCD_EP_Open   stm32f4xx_hal_pcd.o
    0x0800188e   0x0800188e   0x00000038   Code   RO         1530    i.HAL_PCD_EP_Receive  stm32f4xx_hal_pcd.o
    0x080018c6   0x080018c6   0x00000072   Code   RO         1531    i.HAL_PCD_EP_SetStall  stm32f4xx_hal_pcd.o
    0x08001938   0x08001938   0x00000032   Code   RO         1532    i.HAL_PCD_EP_Transmit  stm32f4xx_hal_pcd.o
    0x0800196a   0x0800196a   0x00000002   PAD
    0x0800196c   0x0800196c   0x0000055c   Code   RO         1534    i.HAL_PCD_IRQHandler  stm32f4xx_hal_pcd.o
    0x08001ec8   0x08001ec8   0x00000008   Code   RO         6326    i.HAL_PCD_ISOINIncompleteCallback  usbd_conf.o
    0x08001ed0   0x08001ed0   0x00000008   Code   RO         6327    i.HAL_PCD_ISOOUTIncompleteCallback  usbd_conf.o
    0x08001ed8   0x08001ed8   0x000000cc   Code   RO         1537    i.HAL_PCD_Init      stm32f4xx_hal_pcd.o
    0x08001fa4   0x08001fa4   0x00000084   Code   RO         6329    i.HAL_PCD_MspInit   usbd_conf.o
    0x08002028   0x08002028   0x0000002e   Code   RO         6330    i.HAL_PCD_ResetCallback  usbd_conf.o
    0x08002056   0x08002056   0x00000008   Code   RO         6331    i.HAL_PCD_ResumeCallback  usbd_conf.o
    0x0800205e   0x0800205e   0x00000008   Code   RO         6332    i.HAL_PCD_SOFCallback  usbd_conf.o
    0x08002066   0x08002066   0x00000026   Code   RO         1543    i.HAL_PCD_SetAddress  stm32f4xx_hal_pcd.o
    0x0800208c   0x0800208c   0x0000000e   Code   RO         6333    i.HAL_PCD_SetupStageCallback  usbd_conf.o
    0x0800209a   0x0800209a   0x00000042   Code   RO         1546    i.HAL_PCD_Start     stm32f4xx_hal_pcd.o
    0x080020dc   0x080020dc   0x00000030   Code   RO         6334    i.HAL_PCD_SuspendCallback  usbd_conf.o
    0x0800210c   0x0800210c   0x00000134   Code   RO         2101    i.HAL_RCC_ClockConfig  stm32f4xx_hal_rcc.o
    0x08002240   0x08002240   0x00000040   Code   RO         2105    i.HAL_RCC_GetClockConfig  stm32f4xx_hal_rcc.o
    0x08002280   0x08002280   0x0000000c   Code   RO         2106    i.HAL_RCC_GetHCLKFreq  stm32f4xx_hal_rcc.o
    0x0800228c   0x0800228c   0x00000020   Code   RO         2108    i.HAL_RCC_GetPCLK1Freq  stm32f4xx_hal_rcc.o
    0x080022ac   0x080022ac   0x00000020   Code   RO         2109    i.HAL_RCC_GetPCLK2Freq  stm32f4xx_hal_rcc.o
    0x080022cc   0x080022cc   0x00000064   Code   RO         2110    i.HAL_RCC_GetSysClockFreq  stm32f4xx_hal_rcc.o
    0x08002330   0x08002330   0x0000036c   Code   RO         2113    i.HAL_RCC_OscConfig  stm32f4xx_hal_rcc.o
    0x0800269c   0x0800269c   0x00000002   Code   RO         4178    i.HAL_TIMEx_BreakCallback  stm32f4xx_hal_tim_ex.o
    0x0800269e   0x0800269e   0x00000002   Code   RO         4179    i.HAL_TIMEx_CommutCallback  stm32f4xx_hal_tim_ex.o
    0x080026a0   0x080026a0   0x0000005a   Code   RO         3474    i.HAL_TIM_Base_Init  stm32f4xx_hal_tim.o
    0x080026fa   0x080026fa   0x00000002   Code   RO         3476    i.HAL_TIM_Base_MspInit  stm32f4xx_hal_tim.o
    0x080026fc   0x080026fc   0x00000080   Code   RO         3479    i.HAL_TIM_Base_Start_IT  stm32f4xx_hal_tim.o
    0x0800277c   0x0800277c   0x00000002   Code   RO         3508    i.HAL_TIM_IC_CaptureCallback  stm32f4xx_hal_tim.o
    0x0800277e   0x0800277e   0x00000130   Code   RO         3522    i.HAL_TIM_IRQHandler  stm32f4xx_hal_tim.o
    0x080028ae   0x080028ae   0x00000002   Code   RO         3525    i.HAL_TIM_OC_DelayElapsedCallback  stm32f4xx_hal_tim.o
    0x080028b0   0x080028b0   0x00000002   Code   RO         3552    i.HAL_TIM_PWM_PulseFinishedCallback  stm32f4xx_hal_tim.o
    0x080028b2   0x080028b2   0x0000000e   Code   RO         1084    i.HAL_TIM_PeriodElapsedCallback  main.o
    0x080028c0   0x080028c0   0x00000002   Code   RO         3565    i.HAL_TIM_TriggerCallback  stm32f4xx_hal_tim.o
    0x080028c2   0x080028c2   0x00000002   Code   RO         4457    i.HAL_UARTEx_RxEventCallback  stm32f4xx_hal_uart.o
    0x080028c4   0x080028c4   0x00000070   Code   RO         4469    i.HAL_UART_DMAStop  stm32f4xx_hal_uart.o
    0x08002934   0x08002934   0x00000002   Code   RO         4471    i.HAL_UART_ErrorCallback  stm32f4xx_hal_uart.o
    0x08002936   0x08002936   0x00000002   PAD
    0x08002938   0x08002938   0x00000270   Code   RO         4474    i.HAL_UART_IRQHandler  stm32f4xx_hal_uart.o
    0x08002ba8   0x08002ba8   0x00000064   Code   RO         4475    i.HAL_UART_Init     stm32f4xx_hal_uart.o
    0x08002c0c   0x08002c0c   0x000000b0   Code   RO         1302    i.HAL_UART_MspInit  usart.o
    0x08002cbc   0x08002cbc   0x0000001c   Code   RO         4479    i.HAL_UART_Receive_DMA  stm32f4xx_hal_uart.o
    0x08002cd8   0x08002cd8   0x00000002   Code   RO         4481    i.HAL_UART_RxCpltCallback  stm32f4xx_hal_uart.o
    0x08002cda   0x08002cda   0x00000002   Code   RO         4482    i.HAL_UART_RxHalfCpltCallback  stm32f4xx_hal_uart.o
    0x08002cdc   0x08002cdc   0x00000002   Code   RO         4486    i.HAL_UART_TxCpltCallback  stm32f4xx_hal_uart.o
    0x08002cde   0x08002cde   0x00000002   Code   RO         1350    i.HardFault_Handler  stm32f4xx_it.o
    0x08002ce0   0x08002ce0   0x0000003e   Code   RO         6172    i.IntToUnicode      usbd_desc.o
    0x08002d1e   0x08002d1e   0x00000002   PAD
    0x08002d20   0x08002d20   0x00000044   Code   RO         1230    i.MX_CAN1_Init      can.o
    0x08002d64   0x08002d64   0x00000044   Code   RO         1231    i.MX_CAN2_Init      can.o
    0x08002da8   0x08002da8   0x0000002c   Code   RO         1277    i.MX_DMA_Init       dma.o
    0x08002dd4   0x08002dd4   0x00000028   Code   RO         1182    i.MX_FREERTOS_Init  freertos_1.o
    0x08002dfc   0x08002dfc   0x00000098   Code   RO         1158    i.MX_GPIO_Init      gpio.o
    0x08002e94   0x08002e94   0x00000038   Code   RO         1303    i.MX_UART4_Init     usart.o
    0x08002ecc   0x08002ecc   0x00000054   Code   RO         6140    i.MX_USB_DEVICE_Init  usb_device.o
    0x08002f20   0x08002f20   0x00000002   Code   RO         1351    i.MemManage_Handler  stm32f4xx_it.o
    0x08002f22   0x08002f22   0x00000002   PAD
    0x08002f24   0x08002f24   0x00000200   Code   RO          934    i.Motor_Task        mytask.o
    0x08003124   0x08003124   0x00000002   Code   RO         1352    i.NMI_Handler       stm32f4xx_it.o
    0x08003126   0x08003126   0x00000002   PAD
    0x08003128   0x08003128   0x0000000c   Code   RO         1353    i.OTG_FS_IRQHandler  stm32f4xx_it.o
    0x08003134   0x08003134   0x000000cc   Code   RO         1550    i.PCD_EP_OutXfrComplete_int  stm32f4xx_hal_pcd.o
    0x08003200   0x08003200   0x000000a2   Code   RO         1551    i.PCD_WriteEmptyTxFifo  stm32f4xx_hal_pcd.o
    0x080032a2   0x080032a2   0x00000058   Code   RO          935    i.RAMP_self         mytask.o
    0x080032fa   0x080032fa   0x00000002   PAD
    0x080032fc   0x080032fc   0x00000088   Code   RO         1183    i.StartDefaultTask  freertos_1.o
    0x08003384   0x08003384   0x0000002c   Code   RO         6061    i.SysTick_Handler   port.o
    0x080033b0   0x080033b0   0x00000098   Code   RO         1085    i.SystemClock_Config  main.o
    0x08003448   0x08003448   0x00000010   Code   RO         4809    i.SystemInit        system_stm32f4xx.o
    0x08003458   0x08003458   0x0000000c   Code   RO         1354    i.TIM2_IRQHandler   stm32f4xx_it.o
    0x08003464   0x08003464   0x000000d8   Code   RO         3567    i.TIM_Base_SetConfig  stm32f4xx_hal_tim.o
    0x0800353c   0x0800353c   0x00000044   Code   RO          936    i.Task_Creat        mytask.o
    0x08003580   0x08003580   0x0000009c   Code   RO         1355    i.UART4_IRQHandler  stm32f4xx_it.o
    0x0800361c   0x0800361c   0x00000010   Code   RO         4488    i.UART_DMAAbortOnError  stm32f4xx_hal_uart.o
    0x0800362c   0x0800362c   0x0000004a   Code   RO         4489    i.UART_DMAError     stm32f4xx_hal_uart.o
    0x08003676   0x08003676   0x00000086   Code   RO         4490    i.UART_DMAReceiveCplt  stm32f4xx_hal_uart.o
    0x080036fc   0x080036fc   0x0000001e   Code   RO         4492    i.UART_DMARxHalfCplt  stm32f4xx_hal_uart.o
    0x0800371a   0x0800371a   0x0000004e   Code   RO         4498    i.UART_EndRxTransfer  stm32f4xx_hal_uart.o
    0x08003768   0x08003768   0x0000001c   Code   RO         4499    i.UART_EndTxTransfer  stm32f4xx_hal_uart.o
    0x08003784   0x08003784   0x000000c2   Code   RO         4500    i.UART_Receive_IT   stm32f4xx_hal_uart.o
    0x08003846   0x08003846   0x00000002   PAD
    0x08003848   0x08003848   0x0000010c   Code   RO         4501    i.UART_SetConfig    stm32f4xx_hal_uart.o
    0x08003954   0x08003954   0x00000090   Code   RO         4502    i.UART_Start_Receive_DMA  stm32f4xx_hal_uart.o
    0x080039e4   0x080039e4   0x00000078   Code   RO         6849    i.USBD_CDC_DataIn   usbd_cdc.o
    0x08003a5c   0x08003a5c   0x0000003e   Code   RO         6850    i.USBD_CDC_DataOut  usbd_cdc.o
    0x08003a9a   0x08003a9a   0x00000002   PAD
    0x08003a9c   0x08003a9c   0x00000094   Code   RO         6851    i.USBD_CDC_DeInit   usbd_cdc.o
    0x08003b30   0x08003b30   0x00000038   Code   RO         6852    i.USBD_CDC_EP0_RxReady  usbd_cdc.o
    0x08003b68   0x08003b68   0x0000000c   Code   RO         6853    i.USBD_CDC_GetDeviceQualifierDescriptor  usbd_cdc.o
    0x08003b74   0x08003b74   0x0000003c   Code   RO         6854    i.USBD_CDC_GetFSCfgDesc  usbd_cdc.o
    0x08003bb0   0x08003bb0   0x00000040   Code   RO         6855    i.USBD_CDC_GetHSCfgDesc  usbd_cdc.o
    0x08003bf0   0x08003bf0   0x0000003c   Code   RO         6856    i.USBD_CDC_GetOtherSpeedCfgDesc  usbd_cdc.o
    0x08003c2c   0x08003c2c   0x00000160   Code   RO         6857    i.USBD_CDC_Init     usbd_cdc.o
    0x08003d8c   0x08003d8c   0x00000048   Code   RO         6858    i.USBD_CDC_ReceivePacket  usbd_cdc.o
    0x08003dd4   0x08003dd4   0x00000018   Code   RO         6859    i.USBD_CDC_RegisterInterface  usbd_cdc.o
    0x08003dec   0x08003dec   0x0000001c   Code   RO         6860    i.USBD_CDC_SetRxBuffer  usbd_cdc.o
    0x08003e08   0x08003e08   0x00000020   Code   RO         6861    i.USBD_CDC_SetTxBuffer  usbd_cdc.o
    0x08003e28   0x08003e28   0x00000110   Code   RO         6862    i.USBD_CDC_Setup    usbd_cdc.o
    0x08003f38   0x08003f38   0x00000014   Code   RO         6529    i.USBD_ClrClassConfig  usbd_core.o
    0x08003f4c   0x08003f4c   0x00000026   Code   RO         6691    i.USBD_ClrFeature   usbd_ctlreq.o
    0x08003f72   0x08003f72   0x00000004   Code   RO         6530    i.USBD_CoreFindEP   usbd_core.o
    0x08003f76   0x08003f76   0x00000004   Code   RO         6531    i.USBD_CoreFindIF   usbd_core.o
    0x08003f7a   0x08003f7a   0x00000010   Code   RO         6789    i.USBD_CtlContinueRx  usbd_ioreq.o
    0x08003f8a   0x08003f8a   0x00000010   Code   RO         6790    i.USBD_CtlContinueSendData  usbd_ioreq.o
    0x08003f9a   0x08003f9a   0x00000018   Code   RO         6692    i.USBD_CtlError     usbd_ctlreq.o
    0x08003fb2   0x08003fb2   0x0000001e   Code   RO         6791    i.USBD_CtlPrepareRx  usbd_ioreq.o
    0x08003fd0   0x08003fd0   0x00000016   Code   RO         6792    i.USBD_CtlReceiveStatus  usbd_ioreq.o
    0x08003fe6   0x08003fe6   0x0000001a   Code   RO         6793    i.USBD_CtlSendData  usbd_ioreq.o
    0x08004000   0x08004000   0x00000016   Code   RO         6794    i.USBD_CtlSendStatus  usbd_ioreq.o
    0x08004016   0x08004016   0x00000002   PAD
    0x08004018   0x08004018   0x00000030   Code   RO         6173    i.USBD_FS_ConfigStrDescriptor  usbd_desc.o
    0x08004048   0x08004048   0x0000000c   Code   RO         6174    i.USBD_FS_DeviceDescriptor  usbd_desc.o
    0x08004054   0x08004054   0x00000034   Code   RO         6175    i.USBD_FS_InterfaceStrDescriptor  usbd_desc.o
    0x08004088   0x08004088   0x0000000c   Code   RO         6176    i.USBD_FS_LangIDStrDescriptor  usbd_desc.o
    0x08004094   0x08004094   0x00000028   Code   RO         6177    i.USBD_FS_ManufacturerStrDescriptor  usbd_desc.o
    0x080040bc   0x080040bc   0x0000003c   Code   RO         6178    i.USBD_FS_ProductStrDescriptor  usbd_desc.o
    0x080040f8   0x080040f8   0x00000014   Code   RO         6179    i.USBD_FS_SerialStrDescriptor  usbd_desc.o
    0x0800410c   0x0800410c   0x00000034   Code   RO         6693    i.USBD_GetConfig    usbd_ctlreq.o
    0x08004140   0x08004140   0x000001b4   Code   RO         6694    i.USBD_GetDescriptor  usbd_ctlreq.o
    0x080042f4   0x080042f4   0x0000003c   Code   RO         6533    i.USBD_GetEpDesc    usbd_core.o
    0x08004330   0x08004330   0x00000018   Code   RO         6695    i.USBD_GetLen       usbd_ctlreq.o
    0x08004348   0x08004348   0x0000000e   Code   RO         6534    i.USBD_GetNextDesc  usbd_core.o
    0x08004356   0x08004356   0x00000036   Code   RO         6696    i.USBD_GetStatus    usbd_ctlreq.o
    0x0800438c   0x0800438c   0x00000044   Code   RO         6697    i.USBD_GetString    usbd_ctlreq.o
    0x080043d0   0x080043d0   0x00000024   Code   RO         6335    i.USBD_Get_USB_Status  usbd_conf.o
    0x080043f4   0x080043f4   0x00000028   Code   RO         6535    i.USBD_Init         usbd_core.o
    0x0800441c   0x0800441c   0x00000012   Code   RO         6336    i.USBD_LL_ClearStallEP  usbd_conf.o
    0x0800442e   0x0800442e   0x00000012   Code   RO         6337    i.USBD_LL_CloseEP   usbd_conf.o
    0x08004440   0x08004440   0x000000dc   Code   RO         6536    i.USBD_LL_DataInStage  usbd_core.o
    0x0800451c   0x0800451c   0x000000d0   Code   RO         6537    i.USBD_LL_DataOutStage  usbd_core.o
    0x080045ec   0x080045ec   0x00000004   Code   RO         6538    i.USBD_LL_DevConnected  usbd_core.o
    0x080045f0   0x080045f0   0x00000020   Code   RO         6539    i.USBD_LL_DevDisconnected  usbd_core.o
    0x08004610   0x08004610   0x00000008   Code   RO         6341    i.USBD_LL_GetRxDataSize  usbd_conf.o
    0x08004618   0x08004618   0x00000060   Code   RO         6342    i.USBD_LL_Init      usbd_conf.o
    0x08004678   0x08004678   0x00000020   Code   RO         6343    i.USBD_LL_IsStallEP  usbd_conf.o
    0x08004698   0x08004698   0x0000002a   Code   RO         6540    i.USBD_LL_IsoINIncomplete  usbd_core.o
    0x080046c2   0x080046c2   0x0000002a   Code   RO         6541    i.USBD_LL_IsoOUTIncomplete  usbd_core.o
    0x080046ec   0x080046ec   0x00000018   Code   RO         6344    i.USBD_LL_OpenEP    usbd_conf.o
    0x08004704   0x08004704   0x00000012   Code   RO         6345    i.USBD_LL_PrepareReceive  usbd_conf.o
    0x08004716   0x08004716   0x00000060   Code   RO         6542    i.USBD_LL_Reset     usbd_core.o
    0x08004776   0x08004776   0x00000014   Code   RO         6543    i.USBD_LL_Resume    usbd_core.o
    0x0800478a   0x0800478a   0x0000001a   Code   RO         6544    i.USBD_LL_SOF       usbd_core.o
    0x080047a4   0x080047a4   0x00000006   Code   RO         6545    i.USBD_LL_SetSpeed  usbd_core.o
    0x080047aa   0x080047aa   0x00000012   Code   RO         6346    i.USBD_LL_SetUSBAddress  usbd_conf.o
    0x080047bc   0x080047bc   0x00000064   Code   RO         6546    i.USBD_LL_SetupStage  usbd_core.o
    0x08004820   0x08004820   0x00000012   Code   RO         6347    i.USBD_LL_StallEP   usbd_conf.o
    0x08004832   0x08004832   0x00000012   Code   RO         6348    i.USBD_LL_Start     usbd_conf.o
    0x08004844   0x08004844   0x0000001a   Code   RO         6547    i.USBD_LL_Suspend   usbd_core.o
    0x0800485e   0x0800485e   0x00000012   Code   RO         6350    i.USBD_LL_Transmit  usbd_conf.o
    0x08004870   0x08004870   0x00000032   Code   RO         6698    i.USBD_ParseSetupRequest  usbd_ctlreq.o
    0x080048a2   0x080048a2   0x0000003a   Code   RO         6548    i.USBD_RegisterClass  usbd_core.o
    0x080048dc   0x080048dc   0x00000004   Code   RO         6549    i.USBD_RunTestMode  usbd_core.o
    0x080048e0   0x080048e0   0x00000058   Code   RO         6699    i.USBD_SetAddress   usbd_ctlreq.o
    0x08004938   0x08004938   0x00000014   Code   RO         6550    i.USBD_SetClassConfig  usbd_core.o
    0x0800494c   0x0800494c   0x000000dc   Code   RO         6700    i.USBD_SetConfig    usbd_ctlreq.o
    0x08004a28   0x08004a28   0x00000024   Code   RO         6701    i.USBD_SetFeature   usbd_ctlreq.o
    0x08004a4c   0x08004a4c   0x00000004   Code   RO         6551    i.USBD_Start        usbd_core.o
    0x08004a50   0x08004a50   0x00000076   Code   RO         6702    i.USBD_StdDevReq    usbd_ctlreq.o
    0x08004ac6   0x08004ac6   0x0000022e   Code   RO         6703    i.USBD_StdEPReq     usbd_ctlreq.o
    0x08004cf4   0x08004cf4   0x0000008e   Code   RO         6704    i.USBD_StdItfReq    usbd_ctlreq.o
    0x08004d82   0x08004d82   0x00000002   Code   RO         6351    i.USBD_static_free  usbd_conf.o
    0x08004d84   0x08004d84   0x00000008   Code   RO         6352    i.USBD_static_malloc  usbd_conf.o
    0x08004d8c   0x08004d8c   0x00000080   Code   RO         1796    i.USB_ActivateEndpoint  stm32f4xx_ll_usb.o
    0x08004e0c   0x08004e0c   0x0000001c   Code   RO         1798    i.USB_ActivateSetup  stm32f4xx_ll_usb.o
    0x08004e28   0x08004e28   0x00000084   Code   RO         1800    i.USB_CoreInit      stm32f4xx_ll_usb.o
    0x08004eac   0x08004eac   0x0000003c   Code   RO         1801    i.USB_CoreReset     stm32f4xx_ll_usb.o
    0x08004ee8   0x08004ee8   0x000000cc   Code   RO         1804    i.USB_DeactivateEndpoint  stm32f4xx_ll_usb.o
    0x08004fb4   0x08004fb4   0x0000001c   Code   RO         1805    i.USB_DevConnect    stm32f4xx_ll_usb.o
    0x08004fd0   0x08004fd0   0x0000001c   Code   RO         1806    i.USB_DevDisconnect  stm32f4xx_ll_usb.o
    0x08004fec   0x08004fec   0x0000017c   Code   RO         1807    i.USB_DevInit       stm32f4xx_ll_usb.o
    0x08005168   0x08005168   0x0000000c   Code   RO         1808    i.USB_DisableGlobalInt  stm32f4xx_ll_usb.o
    0x08005174   0x08005174   0x00000058   Code   RO         1811    i.USB_EP0_OutStart  stm32f4xx_ll_usb.o
    0x080051cc   0x080051cc   0x00000058   Code   RO         1812    i.USB_EPClearStall  stm32f4xx_ll_usb.o
    0x08005224   0x08005224   0x00000058   Code   RO         1813    i.USB_EPSetStall    stm32f4xx_ll_usb.o
    0x0800527c   0x0800527c   0x00000230   Code   RO         1814    i.USB_EPStartXfer   stm32f4xx_ll_usb.o
    0x080054ac   0x080054ac   0x0000009e   Code   RO         1815    i.USB_EPStopXfer    stm32f4xx_ll_usb.o
    0x0800554a   0x0800554a   0x0000000c   Code   RO         1816    i.USB_EnableGlobalInt  stm32f4xx_ll_usb.o
    0x08005556   0x08005556   0x00000038   Code   RO         1817    i.USB_FlushRxFifo   stm32f4xx_ll_usb.o
    0x0800558e   0x0800558e   0x0000003c   Code   RO         1818    i.USB_FlushTxFifo   stm32f4xx_ll_usb.o
    0x080055ca   0x080055ca   0x0000001a   Code   RO         1820    i.USB_GetDevSpeed   stm32f4xx_ll_usb.o
    0x080055e4   0x080055e4   0x00000008   Code   RO         1822    i.USB_GetMode       stm32f4xx_ll_usb.o
    0x080055ec   0x080055ec   0x0000000e   Code   RO         1830    i.USB_ReadDevAllInEpInterrupt  stm32f4xx_ll_usb.o
    0x080055fa   0x080055fa   0x0000000e   Code   RO         1831    i.USB_ReadDevAllOutEpInterrupt  stm32f4xx_ll_usb.o
    0x08005608   0x08005608   0x00000024   Code   RO         1832    i.USB_ReadDevInEPInterrupt  stm32f4xx_ll_usb.o
    0x0800562c   0x0800562c   0x00000010   Code   RO         1833    i.USB_ReadDevOutEPInterrupt  stm32f4xx_ll_usb.o
    0x0800563c   0x0800563c   0x00000008   Code   RO         1834    i.USB_ReadInterrupts  stm32f4xx_ll_usb.o
    0x08005644   0x08005644   0x0000003e   Code   RO         1835    i.USB_ReadPacket    stm32f4xx_ll_usb.o
    0x08005682   0x08005682   0x0000005c   Code   RO         1837    i.USB_SetCurrentMode  stm32f4xx_ll_usb.o
    0x080056de   0x080056de   0x00000022   Code   RO         1838    i.USB_SetDevAddress  stm32f4xx_ll_usb.o
    0x08005700   0x08005700   0x000000e8   Code   RO         1840    i.USB_SetTurnaroundTime  stm32f4xx_ll_usb.o
    0x080057e8   0x080057e8   0x00000028   Code   RO         1843    i.USB_WritePacket   stm32f4xx_ll_usb.o
    0x08005810   0x08005810   0x00000002   Code   RO         1356    i.UsageFault_Handler  stm32f4xx_it.o
    0x08005812   0x08005812   0x00000002   PAD
    0x08005814   0x08005814   0x00000164   Code   RO          937    i.VCOMM_CallBack    mytask.o
    0x08005978   0x08005978   0x00000002   Code   RO          830    i.VCOMM_Error_CallBack  vcomcomm.o
    0x0800597a   0x0800597a   0x00000050   Code   RO          831    i.VCOMM_Receive_FS  vcomcomm.o
    0x080059ca   0x080059ca   0x0000000e   Code   RO          220    i.Verify_CRC16_Check_Sum  crc.o
    0x080059d8   0x080059d8   0x0000004c   Code   RO          938    i.WatchDog_CallBack  mytask.o
    0x08005a24   0x08005a24   0x00000018   Code   RO          883    i.WatchDog_Init     watchdog.o
    0x08005a3c   0x08005a3c   0x00000034   Code   RO          884    i.WatchDog_Polling  watchdog.o
    0x08005a70   0x08005a70   0x00000020   Code   RO         2858    i.__NVIC_SetPriority  stm32f4xx_hal_cortex.o
    0x08005a90   0x08005a90   0x00000002   Code   RO          453    i._sys_exit         printfdmabuffer.o
    0x08005a92   0x08005a92   0x00000002   PAD
    0x08005a94   0x08005a94   0x00000078   Code   RO         1086    i.main              main.o
    0x08005b0c   0x08005b0c   0x0000000c   Code   RO         5626    i.makeFreeRtosPriority  cmsis_os.o
    0x08005b18   0x08005b18   0x0000000a   Code   RO         5631    i.osKernelStart     cmsis_os.o
    0x08005b22   0x08005b22   0x00000054   Code   RO         5665    i.osThreadCreate    cmsis_os.o
    0x08005b76   0x08005b76   0x00000002   PAD
    0x08005b78   0x08005b78   0x00000070   Code   RO         5308    i.prvAddCurrentTaskToDelayedList  tasks.o
    0x08005be8   0x08005be8   0x000000d0   Code   RO         5309    i.prvAddNewTaskToReadyList  tasks.o
    0x08005cb8   0x08005cb8   0x00000034   Code   RO         5310    i.prvDeleteTCB      tasks.o
    0x08005cec   0x08005cec   0x0000004c   Code   RO         5993    i.prvHeapInit       heap_4.o
    0x08005d38   0x08005d38   0x00000060   Code   RO         5311    i.prvIdleTask       tasks.o
    0x08005d98   0x08005d98   0x00000098   Code   RO         5312    i.prvInitialiseNewTask  tasks.o
    0x08005e30   0x08005e30   0x0000004c   Code   RO         5994    i.prvInsertBlockIntoFreeList  heap_4.o
    0x08005e7c   0x08005e7c   0x00000020   Code   RO         5313    i.prvResetNextTaskUnblockTime  tasks.o
    0x08005e9c   0x08005e9c   0x00000028   Code   RO         6062    i.prvTaskExitError  port.o
    0x08005ec4   0x08005ec4   0x000000dc   Code   RO         5995    i.pvPortMalloc      heap_4.o
    0x08005fa0   0x08005fa0   0x0000002c   Code   RO         6063    i.pxPortInitialiseStack  port.o
    0x08005fcc   0x08005fcc   0x00000026   Code   RO         4947    i.uxListRemove      list.o
    0x08005ff2   0x08005ff2   0x00000002   PAD
    0x08005ff4   0x08005ff4   0x00000014   Code   RO         1184    i.vApplicationGetIdleTaskMemory  freertos_1.o
    0x08006008   0x08006008   0x00000016   Code   RO         4948    i.vListInitialise   list.o
    0x0800601e   0x0800601e   0x00000006   Code   RO         4949    i.vListInitialiseItem  list.o
    0x08006024   0x08006024   0x00000030   Code   RO         4950    i.vListInsert       list.o
    0x08006054   0x08006054   0x00000018   Code   RO         4951    i.vListInsertEnd    list.o
    0x0800606c   0x0800606c   0x00000040   Code   RO         6065    i.vPortEnterCritical  port.o
    0x080060ac   0x080060ac   0x00000028   Code   RO         6066    i.vPortExitCritical  port.o
    0x080060d4   0x080060d4   0x00000064   Code   RO         5996    i.vPortFree         heap_4.o
    0x08006138   0x08006138   0x00000024   Code   RO         6067    i.vPortSetupTimerInterrupt  port.o
    0x0800615c   0x0800615c   0x0000004c   Code   RO         5322    i.vTaskDelay        tasks.o
    0x080061a8   0x080061a8   0x000000ac   Code   RO         5323    i.vTaskDelete       tasks.o
    0x08006254   0x08006254   0x0000006c   Code   RO         5335    i.vTaskStartScheduler  tasks.o
    0x080062c0   0x080062c0   0x00000010   Code   RO         5337    i.vTaskSuspendAll   tasks.o
    0x080062d0   0x080062d0   0x0000005c   Code   RO         5338    i.vTaskSwitchContext  tasks.o
    0x0800632c   0x0800632c   0x000000f4   Code   RO         6069    i.xPortStartScheduler  port.o
    0x08006420   0x08006420   0x0000005a   Code   RO         5341    i.xTaskCreate       tasks.o
    0x0800647a   0x0800647a   0x00000056   Code   RO         5342    i.xTaskCreateStatic  tasks.o
    0x080064d0   0x080064d0   0x000000cc   Code   RO         5349    i.xTaskIncrementTick  tasks.o
    0x0800659c   0x0800659c   0x000000c4   Code   RO         5355    i.xTaskResumeAll    tasks.o
    0x08006660   0x08006660   0x00000150   Code   RO         7030    x$fpl$dadd          fz_wm.l(daddsub_clz.o)
    0x080067b0   0x080067b0   0x0000005e   Code   RO         7036    x$fpl$dfix          fz_wm.l(dfix.o)
    0x0800680e   0x0800680e   0x0000002e   Code   RO         7041    x$fpl$dflt          fz_wm.l(dflt_clz.o)
    0x0800683c   0x0800683c   0x00000154   Code   RO         7046    x$fpl$dmul          fz_wm.l(dmul.o)
    0x08006990   0x08006990   0x0000009c   Code   RO         7129    x$fpl$dnaninf       fz_wm.l(dnaninf.o)
    0x08006a2c   0x08006a2c   0x0000000c   Code   RO         7131    x$fpl$dretinf       fz_wm.l(dretinf.o)
    0x08006a38   0x08006a38   0x000001d4   Code   RO         7032    x$fpl$dsub          fz_wm.l(daddsub_clz.o)
    0x08006c0c   0x08006c0c   0x0000000a   Code   RO         7173    x$fpl$fpinit        fz_wm.l(fpinit.o)
    0x08006c16   0x08006c16   0x00000000   Code   RO         7133    x$fpl$usenofp       fz_wm.l(usenofp.o)
    0x08006c16   0x08006c16   0x00000002   PAD
    0x08006c18   0x08006c18   0x00000018   Data   RO           16    .constdata          candrive.o
    0x08006c30   0x08006c30   0x00000300   Data   RO          222    .constdata          crc.o
    0x08006f30   0x08006f30   0x0000001c   Data   RO         1186    .constdata          freertos_1.o
    0x08006f4c   0x08006f4c   0x00000008   Data   RO         2574    .constdata          stm32f4xx_hal_dma.o
    0x08006f54   0x08006f54   0x00000010   Data   RO         4810    .constdata          system_stm32f4xx.o
    0x08006f64   0x08006f64   0x00000008   Data   RO         4811    .constdata          system_stm32f4xx.o
    0x08006f6c   0x08006f6c   0x0000000c   Data   RO         1187    .conststring        freertos_1.o
    0x08006f78   0x08006f78   0x00000020   Data   RO         7262    Region$$Table       anon$$obj.o


    Execution Region RW_IRAM1 (Exec base: 0x20000000, Load base: 0x08006f98, Size: 0x00006500, Max: 0x0001c000, ABSOLUTE, COMPRESSED[0x000000bc])

    Exec Addr    Load Addr    Size         Type   Attr      Idx    E Section Name        Object

    0x20000000   COMPRESSED   0x00000008   Data   RW          885    .data               watchdog.o
    0x20000008   COMPRESSED   0x00000014   Data   RW          940    .data               mytask.o
    0x2000001c   COMPRESSED   0x00000008   Data   RW         1088    .data               main.o
    0x20000024   COMPRESSED   0x00000004   Data   RW         1188    .data               freertos_1.o
    0x20000028   COMPRESSED   0x00000004   Data   RW         1233    .data               can.o
    0x2000002c   COMPRESSED   0x0000000c   Data   RW         3007    .data               stm32f4xx_hal.o
    0x20000038   COMPRESSED   0x00000004   Data   RW         4812    .data               system_stm32f4xx.o
    0x2000003c   COMPRESSED   0x0000003c   Data   RW         5358    .data               tasks.o
    0x20000078   COMPRESSED   0x00000020   Data   RW         6002    .data               heap_4.o
    0x20000098   COMPRESSED   0x0000000c   Data   RW         6070    .data               port.o
    0x200000a4   COMPRESSED   0x0000001c   Data   RW         6181    .data               usbd_desc.o
    0x200000c0   COMPRESSED   0x00000032   Data   RW         6182    .data               usbd_desc.o
    0x200000f2   COMPRESSED   0x00000002   PAD
    0x200000f4   COMPRESSED   0x00000014   Data   RW         6269    .data               usbd_cdc_if.o
    0x20000108   COMPRESSED   0x00000001   Data   RW         6705    .data               usbd_ctlreq.o
    0x20000109   COMPRESSED   0x00000003   PAD
    0x2000010c   COMPRESSED   0x00000053   Data   RW         6864    .data               usbd_cdc.o
    0x2000015f   COMPRESSED   0x00000001   PAD
    0x20000160   COMPRESSED   0x00000038   Data   RW         6865    .data               usbd_cdc.o
    0x20000198        -       0x00000060   Zero   RW          939    .bss                mytask.o
    0x200001f8        -       0x00000015   Zero   RW         1061    .bss                dataprocess.o
    0x2000020d   COMPRESSED   0x00000003   PAD
    0x20000210        -       0x00000010   Zero   RW         1062    .bss                dataprocess.o
    0x20000220        -       0x00000015   Zero   RW         1087    .bss                main.o
    0x20000235   COMPRESSED   0x00000003   PAD
    0x20000238        -       0x00000254   Zero   RW         1185    .bss                freertos_1.o
    0x2000048c        -       0x00000050   Zero   RW         1232    .bss                can.o
    0x200004dc        -       0x000000a8   Zero   RW         1304    .bss                usart.o
    0x20000584        -       0x00000048   Zero   RW         1479    .bss                stm32f4xx_hal_timebase_tim.o
    0x200005cc        -       0x000000f0   Zero   RW         5357    .bss                tasks.o
    0x200006bc        -       0x00003c00   Zero   RW         6001    .bss                heap_4.o
    0x200042bc        -       0x000002dc   Zero   RW         6141    .bss                usb_device.o
    0x20004598        -       0x00000200   Zero   RW         6180    .bss                usbd_desc.o
    0x20004798        -       0x00001000   Zero   RW         6268    .bss                usbd_cdc_if.o
    0x20005798        -       0x00000704   Zero   RW         6353    .bss                usbd_conf.o
    0x20005e9c        -       0x00000060   Zero   RW         7137    .bss                c_w.l(libspace.o)
    0x20005efc   COMPRESSED   0x00000004   PAD
    0x20005f00        -       0x00000200   Zero   RW            2    HEAP                startup_stm32f407xx.o
    0x20006100        -       0x00000400   Zero   RW            1    STACK               startup_stm32f407xx.o


    Execution Region RW_IRAM2 (Exec base: 0x2001c000, Load base: 0x08007054, Size: 0x00000000, Max: 0x00004000, ABSOLUTE)

    **** No section assigned to this execution region ****


==============================================================================

Image component sizes


      Code (inc. data)   RO Data    RW Data    ZI Data      Debug   Object Name

       420         46          0          4         80       2470   can.o
       116         14         24          0          0     711733   candrive.o
         0          0          0          0          0      10488   chassis.o
       106          0          0          0          0      22599   cmsis_os.o
        58          6        768          0          0       2494   crc.o
         0          0          0          0         37        260   dataprocess.o
        44          4          0          0          0        766   dma.o
         0          0          0          0          0      16872   event_groups.o
       196         30         40          4        596       2628   freertos_1.o
       152         10          0          0          0        987   gpio.o
       472         24          0         32      15360       7387   heap_4.o
       138          0          0          0          0       3522   list.o
       290         30          0          8         21       7509   main.o
      1112        126          0         20         96      33485   mytask.o
       702         72          0         12          0      10948   port.o
         2          0          0          0          0       8055   printfdmabuffer.o
       168         30          0          0          0       2983   robomodule_drv.o
        64         26        392          0       1536        840   startup_stm32f407xx.o
       116         18          0         12          0       8690   stm32f4xx_hal.o
      1416          6          0          0          0      13736   stm32f4xx_hal_can.o
       158         14          0          0          0      33014   stm32f4xx_hal_cortex.o
      1084         16          8          0          0       7310   stm32f4xx_hal_dma.o
       506         46          0          0          0       2180   stm32f4xx_hal_gpio.o
        56          4          0          0          0        858   stm32f4xx_hal_msp.o
      2572         12          0          0          0      13488   stm32f4xx_hal_pcd.o
        78          0          0          0          0       2385   stm32f4xx_hal_pcd_ex.o
      1424         92          0          0          0       6345   stm32f4xx_hal_rcc.o
       748         74          0          0          0       7464   stm32f4xx_hal_tim.o
         4          0          0          0          0       1617   stm32f4xx_hal_tim_ex.o
       152         18          0          0         72       1467   stm32f4xx_hal_timebase_tim.o
      1840         30          0          0          0      13805   stm32f4xx_hal_uart.o
       252         68          0          0          0       6602   stm32f4xx_it.o
      2692        116          0          0          0      23120   stm32f4xx_ll_usb.o
        16          4         24          4          0       1115   system_stm32f4xx.o
      1692        126          0         60        240      20292   tasks.o
       232         30          0          0        168       1766   usart.o
        84         18          0          0        732        804   usb_device.o
      1362         36          0        139          0      13799   usbd_cdc.o
        88         16          0         20       4096       3434   usbd_cdc_if.o
       658         28          0          0       1796      16756   usbd_conf.o
      1050          0          0          0          0      16293   usbd_core.o
      1908         28          0          1          0      17936   usbd_ctlreq.o
       362        110          0         78        512       6909   usbd_desc.o
       132          0          0          0          0       4492   usbd_ioreq.o
        82          0          0          0          0       1637   vcomcomm.o
        90          8          0          8          0       2897   watchdog.o

    ----------------------------------------------------------------------
     24932       1336       1288        408      25348    1096237   Object Totals
         0          0         32          0          0          0   (incl. Generated)
        38          0          0          6          6          0   (incl. Padding)

    ----------------------------------------------------------------------

      Code (inc. data)   RO Data    RW Data    ZI Data      Debug   Library Member Name

        90          0          0          0          0          0   __dczerorl2.o
         8          0          0          0          0         68   __main.o
         0          0          0          0          0          0   __rtentry.o
        12          0          0          0          0          0   __rtentry2.o
         6          0          0          0          0          0   __rtentry4.o
        52          8          0          0          0          0   __scatter.o
        28          0          0          0          0          0   __scatter_zi.o
        18          0          0          0          0         80   exit.o
         6          0          0          0          0        152   heapauxi.o
         2          0          0          0          0          0   libinit.o
         6          0          0          0          0          0   libinit2.o
         2          0          0          0          0          0   libshutdown.o
         2          0          0          0          0          0   libshutdown2.o
         8          4          0          0         96         68   libspace.o
       238          0          0          0          0        100   lludivv7m.o
        78          0          0          0          0         80   rt_memclr_w.o
       138          0          0          0          0         68   rt_memcpy_v6.o
       100          0          0          0          0         80   rt_memcpy_w.o
         2          0          0          0          0          0   rtexit.o
        10          0          0          0          0          0   rtexit2.o
        74          0          0          0          0         80   sys_stackheap_outer.o
       804         16          0          0          0        368   daddsub_clz.o
        94          4          0          0          0        140   dfix.o
        46          0          0          0          0        116   dflt_clz.o
       340         12          0          0          0        152   dmul.o
       156          4          0          0          0        140   dnaninf.o
        12          0          0          0          0        116   dretinf.o
        10          0          0          0          0        116   fpinit.o
         0          0          0          0          0          0   usenofp.o

    ----------------------------------------------------------------------
      2348         48          0          0        100       1924   Library Totals
         6          0          0          0          4          0   (incl. Padding)

    ----------------------------------------------------------------------

      Code (inc. data)   RO Data    RW Data    ZI Data      Debug   Library Name

       880         12          0          0         96        776   c_w.l
      1462         36          0          0          0       1148   fz_wm.l

    ----------------------------------------------------------------------
      2348         48          0          0        100       1924   Library Totals

    ----------------------------------------------------------------------

==============================================================================


      Code (inc. data)   RO Data    RW Data    ZI Data      Debug   

     27280       1384       1288        408      25448    1068101   Grand Totals
     27280       1384       1288        188      25448    1068101   ELF Image Totals (compressed)
     27280       1384       1288        188          0          0   ROM Totals

==============================================================================

    Total RO  Size (Code + RO Data)                28568 (  27.90kB)
    Total RW  Size (RW Data + ZI Data)             25856 (  25.25kB)
    Total ROM Size (Code + RO Data + RW Data)      28756 (  28.08kB)

==============================================================================

