Component: ARM Compiler 6.16 Tool: armlink [5dfeaa00]

==============================================================================

Section Cross References

    startup_stm32f407xx.o(RESET) refers to startup_stm32f407xx.o(STACK) for __initial_sp
    startup_stm32f407xx.o(RESET) refers to startup_stm32f407xx.o(.text) for Reset_Handler
    startup_stm32f407xx.o(RESET) refers to stm32f4xx_it.o(.text.NMI_Handler) for NMI_Handler
    startup_stm32f407xx.o(RESET) refers to stm32f4xx_it.o(.text.HardFault_Handler) for HardFault_Handler
    startup_stm32f407xx.o(RESET) refers to stm32f4xx_it.o(.text.MemManage_Handler) for MemManage_Handler
    startup_stm32f407xx.o(RESET) refers to stm32f4xx_it.o(.text.BusFault_Handler) for BusFault_Handler
    startup_stm32f407xx.o(RESET) refers to stm32f4xx_it.o(.text.UsageFault_Handler) for UsageFault_Handler
    startup_stm32f407xx.o(RESET) refers to port.o(.text.SVC_Handler) for SVC_Handler
    startup_stm32f407xx.o(RESET) refers to stm32f4xx_it.o(.text.DebugMon_Handler) for DebugMon_Handler
    startup_stm32f407xx.o(RESET) refers to port.o(.text.PendSV_Handler) for PendSV_Handler
    startup_stm32f407xx.o(RESET) refers to port.o(.text.SysTick_Handler) for SysTick_Handler
    startup_stm32f407xx.o(RESET) refers to stm32f4xx_it.o(.text.DMA1_Stream2_IRQHandler) for DMA1_Stream2_IRQHandler
    startup_stm32f407xx.o(RESET) refers to stm32f4xx_it.o(.text.CAN1_TX_IRQHandler) for CAN1_TX_IRQHandler
    startup_stm32f407xx.o(RESET) refers to stm32f4xx_it.o(.text.CAN1_RX0_IRQHandler) for CAN1_RX0_IRQHandler
    startup_stm32f407xx.o(RESET) refers to stm32f4xx_it.o(.text.TIM2_IRQHandler) for TIM2_IRQHandler
    startup_stm32f407xx.o(RESET) refers to stm32f4xx_it.o(.text.UART4_IRQHandler) for UART4_IRQHandler
    startup_stm32f407xx.o(RESET) refers to stm32f4xx_it.o(.text.CAN2_TX_IRQHandler) for CAN2_TX_IRQHandler
    startup_stm32f407xx.o(RESET) refers to stm32f4xx_it.o(.text.CAN2_RX1_IRQHandler) for CAN2_RX1_IRQHandler
    startup_stm32f407xx.o(RESET) refers to stm32f4xx_it.o(.text.OTG_FS_IRQHandler) for OTG_FS_IRQHandler
    startup_stm32f407xx.o(.text) refers to system_stm32f4xx.o(.text.SystemInit) for SystemInit
    startup_stm32f407xx.o(.text) refers to entry.o(.ARM.Collect$$$$00000000) for __main
    task_init.o(.text.task_Init) refers to candrive.o(.text.CanFilter_Init) for CanFilter_Init
    task_init.o(.text.task_Init) refers to stm32f4xx_hal_can.o(.text.HAL_CAN_Start) for HAL_CAN_Start
    task_init.o(.text.task_Init) refers to stm32f4xx_hal_can.o(.text.HAL_CAN_ActivateNotification) for HAL_CAN_ActivateNotification
    task_init.o(.text.task_Init) refers to servos_task.o(.text.vBlue_Brick_Init) for vBlue_Brick_Init
    task_init.o(.text.task_Init) refers to task_init.o(.text.RGB_init) for RGB_init
    task_init.o(.text.task_Init) refers to port.o(.text.vPortEnterCritical) for vPortEnterCritical
    task_init.o(.text.task_Init) refers to port.o(.text.vPortExitCritical) for vPortExitCritical
    task_init.o(.text.task_Init) refers to can.o(.bss.hcan1) for hcan1
    task_init.o(.text.task_Init) refers to can.o(.bss.hcan2) for hcan2
    task_init.o(.text.task_Init) refers to pid_task.o(.bss.PID_Handler) for PID_Handler
    task_init.o(.text.task_Init) refers to pid_task.o(.text.PID_Task) for PID_Task
    task_init.o(.text.task_Init) refers to tasks.o(.text.xTaskCreate) for xTaskCreate
    task_init.o(.text.task_Init) refers to pid_task.o(.bss.Angle_Handler) for Angle_Handler
    task_init.o(.text.task_Init) refers to pid_task.o(.text.Angle_Task) for Angle_Task
    task_init.o(.text.task_Init) refers to servos_task.o(.bss.Lanuch_Handler) for Lanuch_Handler
    task_init.o(.text.task_Init) refers to servos_task.o(.text.Lanuch_Task) for Lanuch_Task
    task_init.o(.text.task_Init) refers to pid_task.o(.bss.vN5055_Handle) for vN5055_Handle
    task_init.o(.text.task_Init) refers to pid_task.o(.text.vN5055_task) for vN5055_task
    task_init.o(.ARM.exidx.text.task_Init) refers to task_init.o(.text.task_Init) for [Anonymous Symbol]
    task_init.o(.text.RGB_init) refers to stm32f4xx_hal_gpio.o(.text.HAL_GPIO_WritePin) for HAL_GPIO_WritePin
    task_init.o(.ARM.exidx.text.RGB_init) refers to task_init.o(.text.RGB_init) for [Anonymous Symbol]
    pid_task.o(.text.PID_Task) refers to tasks.o(.text.xTaskGetTickCount) for xTaskGetTickCount
    pid_task.o(.text.PID_Task) refers to pid_task.o(.text.OUTLINED_FUNCTION_0) for OUTLINED_FUNCTION_0
    pid_task.o(.text.PID_Task) refers to pid_task.o(.text.OUTLINED_FUNCTION_4) for OUTLINED_FUNCTION_4
    pid_task.o(.text.PID_Task) refers to pid_task.o(.text.OUTLINED_FUNCTION_3) for OUTLINED_FUNCTION_3
    pid_task.o(.text.PID_Task) refers to motor.o(.text.MotorSend) for MotorSend
    pid_task.o(.text.PID_Task) refers to pid_task.o(.text.OUTLINED_FUNCTION_6) for OUTLINED_FUNCTION_6
    pid_task.o(.text.PID_Task) refers to pid_task.o(.text.OUTLINED_FUNCTION_5) for OUTLINED_FUNCTION_5
[...]
    USBD_LL_SetUSBAddress                    0x080055bd   Thumb Code    16  usbd_conf.o(.text.USBD_LL_SetUSBAddress)
    USBD_LL_SetupStage                       0x080055cd   Thumb Code    88  usbd_core.o(.text.USBD_LL_SetupStage)
    USBD_LL_StallEP                          0x08005625   Thumb Code    16  usbd_conf.o(.text.USBD_LL_StallEP)
    USBD_LL_Start                            0x08005635   Thumb Code    16  usbd_conf.o(.text.USBD_LL_Start)
    USBD_LL_Suspend                          0x08005645   Thumb Code    28  usbd_core.o(.text.USBD_LL_Suspend)
    USBD_LL_Transmit                         0x08005661   Thumb Code    16  usbd_conf.o(.text.USBD_LL_Transmit)
    USBD_ParseSetupRequest                   0x08005671   Thumb Code    40  usbd_ctlreq.o(.text.USBD_ParseSetupRequest)
    USBD_RegisterClass                       0x08005699   Thumb Code    66  usbd_core.o(.text.USBD_RegisterClass)
    USBD_SetClassConfig                      0x08005725   Thumb Code    18  usbd_core.o(.text.USBD_SetClassConfig)
    USBD_Start                               0x0800581d   Thumb Code     8  usbd_core.o(.text.USBD_Start)
    USBD_StdDevReq                           0x08005825   Thumb Code   118  usbd_ctlreq.o(.text.USBD_StdDevReq)
    USBD_StdEPReq                            0x0800589d   Thumb Code   384  usbd_ctlreq.o(.text.USBD_StdEPReq)
    USBD_StdItfReq                           0x08005a1d   Thumb Code   124  usbd_ctlreq.o(.text.USBD_StdItfReq)
    USBD_static_free                         0x08005a99   Thumb Code     2  usbd_conf.o(.text.USBD_static_free)
    USBD_static_malloc                       0x08005a9d   Thumb Code    10  usbd_conf.o(.text.USBD_static_malloc)
    USB_ActivateEndpoint                     0x08005aa9   Thumb Code   108  stm32f4xx_ll_usb.o(.text.USB_ActivateEndpoint)
    USB_ActivateSetup                        0x08005b19   Thumb Code    26  stm32f4xx_ll_usb.o(.text.USB_ActivateSetup)
    USB_CoreInit                             0x08005b35   Thumb Code   128  stm32f4xx_ll_usb.o(.text.USB_CoreInit)
    USB_DeactivateEndpoint                   0x08005bf9   Thumb Code   104  stm32f4xx_ll_usb.o(.text.USB_DeactivateEndpoint)
    USB_DevConnect                           0x08005c65   Thumb Code    24  stm32f4xx_ll_usb.o(.text.USB_DevConnect)
    USB_DevDisconnect                        0x08005c7d   Thumb Code    24  stm32f4xx_ll_usb.o(.text.USB_DevDisconnect)
    USB_DevInit                              0x08005c95   Thumb Code   388  stm32f4xx_ll_usb.o(.text.USB_DevInit)
    USB_DisableGlobalInt                     0x08005e21   Thumb Code    12  stm32f4xx_ll_usb.o(.text.USB_DisableGlobalInt)
    USB_EP0_OutStart                         0x08005e2d   Thumb Code    84  stm32f4xx_ll_usb.o(.text.USB_EP0_OutStart)
    USB_EPClearStall                         0x08005e85   Thumb Code    48  stm32f4xx_ll_usb.o(.text.USB_EPClearStall)
    USB_EPSetStall                           0x08005eb5   Thumb Code    54  stm32f4xx_ll_usb.o(.text.USB_EPSetStall)
    USB_EPStartXfer                          0x08005eed   Thumb Code   416  stm32f4xx_ll_usb.o(.text.USB_EPStartXfer)
    USB_EPStopXfer                           0x08006091   Thumb Code   108  stm32f4xx_ll_usb.o(.text.USB_EPStopXfer)
    USB_EnableGlobalInt                      0x080060fd   Thumb Code    12  stm32f4xx_ll_usb.o(.text.USB_EnableGlobalInt)
    USB_FlushRxFifo                          0x08006109   Thumb Code    58  stm32f4xx_ll_usb.o(.text.USB_FlushRxFifo)
    USB_FlushTxFifo                          0x08006143   Thumb Code    64  stm32f4xx_ll_usb.o(.text.USB_FlushTxFifo)
    USB_GetDevSpeed                          0x08006183   Thumb Code    30  stm32f4xx_ll_usb.o(.text.USB_GetDevSpeed)
    USB_GetMode                              0x080061a1   Thumb Code     8  stm32f4xx_ll_usb.o(.text.USB_GetMode)
    USB_ReadDevAllInEpInterrupt              0x080061a9   Thumb Code    14  stm32f4xx_ll_usb.o(.text.USB_ReadDevAllInEpInterrupt)
    USB_ReadDevAllOutEpInterrupt             0x080061b7   Thumb Code    14  stm32f4xx_ll_usb.o(.text.USB_ReadDevAllOutEpInterrupt)
    USB_ReadDevInEPInterrupt                 0x080061c5   Thumb Code    36  stm32f4xx_ll_usb.o(.text.USB_ReadDevInEPInterrupt)
    USB_ReadDevOutEPInterrupt                0x080061e9   Thumb Code    16  stm32f4xx_ll_usb.o(.text.USB_ReadDevOutEPInterrupt)
    USB_ReadInterrupts                       0x080061f9   Thumb Code     8  stm32f4xx_ll_usb.o(.text.USB_ReadInterrupts)
    USB_ReadPacket                           0x08006201   Thumb Code    54  stm32f4xx_ll_usb.o(.text.USB_ReadPacket)
    USB_SetCurrentMode                       0x08006237   Thumb Code   102  stm32f4xx_ll_usb.o(.text.USB_SetCurrentMode)
    USB_SetDevAddress                        0x0800629d   Thumb Code    32  stm32f4xx_ll_usb.o(.text.USB_SetDevAddress)
    USB_SetTurnaroundTime                    0x080062bd   Thumb Code   168  stm32f4xx_ll_usb.o(.text.USB_SetTurnaroundTime)
    USB_WritePacket                          0x080063ad   Thumb Code    34  stm32f4xx_ll_usb.o(.text.USB_WritePacket)
    UsageFault_Handler                       0x080063cf   Thumb Code     2  stm32f4xx_it.o(.text.UsageFault_Handler)
    VCOMM_CallBack                           0x080063d1   Thumb Code    12  pid_task.o(.text.VCOMM_CallBack)
    VCOMM_Error_CallBack                     0x080063e1   Thumb Code     2  vcomcomm.o(.text.VCOMM_Error_CallBack)
    VCOMM_Receive_FS                         0x080063e3   Thumb Code    86  vcomcomm.o(.text.VCOMM_Receive_FS)
    Verify_CRC16_Check_Sum                   0x08006439   Thumb Code    14  crc.o(.text.Verify_CRC16_Check_Sum)
    jiaqu                                    0x0800646d   Thumb Code   100  pid_task.o(.text.jiaqu)
    main                                     0x080064d9   Thumb Code   120  main.o(.text.main)
    odrive_can_write                         0x08006569   Thumb Code   212  odrive_set.o(.text.odrive_can_write)
    osDelay                                  0x08006649   Thumb Code    16  cmsis_os.o(.text.osDelay)
    osKernelStart                            0x08006659   Thumb Code    10  cmsis_os.o(.text.osKernelStart)
    osThreadCreate                           0x08006663   Thumb Code    84  cmsis_os.o(.text.osThreadCreate)
    pvPortMalloc                             0x08006aa9   Thumb Code   300  heap_4.o(.text.pvPortMalloc)
    pvTaskIncrementMutexHeldCount            0x08006bdd   Thumb Code    20  tasks.o(.text.pvTaskIncrementMutexHeldCount)
    pxPortInitialiseStack                    0x08006bf5   Thumb Code    32  port.o(.text.pxPortInitialiseStack)
    setPos_put                               0x08006c19   Thumb Code    62  servos_task.o(.text.setPos_put)
    task_Init                                0x08006c59   Thumb Code   136  task_init.o(.text.task_Init)
    uxListRemove                             0x08006d3d   Thumb Code    34  list.o(.text.uxListRemove)
    vApplicationGetIdleTaskMemory            0x08006d61   Thumb Code    16  freertos.o(.text.vApplicationGetIdleTaskMemory)
    vBlue_Brick_Init                         0x08006d79   Thumb Code    76  servos_task.o(.text.vBlue_Brick_Init)
    vListInitialise                          0x08006dcd   Thumb Code    22  list.o(.text.vListInitialise)
    vListInitialiseItem                      0x08006de3   Thumb Code     6  list.o(.text.vListInitialiseItem)
    vListInsert                              0x08006de9   Thumb Code    46  list.o(.text.vListInsert)
    vListInsertEnd                           0x08006e17   Thumb Code    26  list.o(.text.vListInsertEnd)
    vN5055_task                              0x08006e31   Thumb Code    84  pid_task.o(.text.vN5055_task)
    vPortEnterCritical                       0x08006ea9   Thumb Code    56  port.o(.text.vPortEnterCritical)
    vPortExitCritical                        0x08006ee1   Thumb Code    40  port.o(.text.vPortExitCritical)
    vPortFree                                0x08006f0d   Thumb Code   112  heap_4.o(.text.vPortFree)
    vPortSetupTimerInterrupt                 0x08006f81   Thumb Code    32  port.o(.text.vPortSetupTimerInterrupt)
    vPuttor_task                             0x08006fa9   Thumb Code    72  servos_task.o(.text.vPuttor_task)
    vTaskDelay                               0x08006ff5   Thumb Code    64  tasks.o(.text.vTaskDelay)
    vTaskDelayUntil                          0x08007035   Thumb Code   136  tasks.o(.text.vTaskDelayUntil)
    vTaskDelete                              0x080070bd   Thumb Code   156  tasks.o(.text.vTaskDelete)
    vTaskInternalSetTimeOutState             0x0800715d   Thumb Code    12  tasks.o(.text.vTaskInternalSetTimeOutState)
    vTaskMissedYield                         0x08007169   Thumb Code     8  tasks.o(.text.vTaskMissedYield)
    vTaskPlaceOnEventList                    0x08007171   Thumb Code    48  tasks.o(.text.vTaskPlaceOnEventList)
    vTaskPriorityDisinheritAfterTimeout      0x080071a1   Thumb Code   144  tasks.o(.text.vTaskPriorityDisinheritAfterTimeout)
    vTaskStartScheduler                      0x08007231   Thumb Code    84  tasks.o(.text.vTaskStartScheduler)
    vTaskSuspendAll                          0x08007291   Thumb Code    12  tasks.o(.text.vTaskSuspendAll)
    vTaskSwitchContext                       0x0800729d   Thumb Code    88  tasks.o(.text.vTaskSwitchContext)
    xPortStartScheduler                      0x080072fd   Thumb Code   204  port.o(.text.xPortStartScheduler)
    xQueueGenericCreate                      0x080073e1   Thumb Code    62  queue.o(.text.xQueueGenericCreate)
    xQueueGenericReset                       0x08007421   Thumb Code   120  queue.o(.text.xQueueGenericReset)
    xQueueGenericSend                        0x0800749d   Thumb Code   380  queue.o(.text.xQueueGenericSend)
    xQueueSemaphoreTake                      0x08007619   Thumb Code   392  queue.o(.text.xQueueSemaphoreTake)
    xTaskCheckForTimeOut                     0x080077a5   Thumb Code   108  tasks.o(.text.xTaskCheckForTimeOut)
    xTaskCreate                              0x08007811   Thumb Code    88  tasks.o(.text.xTaskCreate)
    xTaskCreateStatic                        0x08007869   Thumb Code   112  tasks.o(.text.xTaskCreateStatic)
    xTaskGetSchedulerState                   0x080078d9   Thumb Code    24  tasks.o(.text.xTaskGetSchedulerState)
    xTaskGetTickCount                        0x080078f1   Thumb Code     8  tasks.o(.text.xTaskGetTickCount)
    xTaskIncrementTick                       0x080078f9   Thumb Code   204  tasks.o(.text.xTaskIncrementTick)
    xTaskPriorityDisinherit                  0x080079c5   Thumb Code   144  tasks.o(.text.xTaskPriorityDisinherit)
    xTaskPriorityInherit                     0x08007a55   Thumb Code   132  tasks.o(.text.xTaskPriorityInherit)
    xTaskRemoveFromEventList                 0x08007ad9   Thumb Code    88  tasks.o(.text.xTaskRemoveFromEventList)
    xTaskResumeAll                           0x08007b35   Thumb Code   184  tasks.o(.text.xTaskResumeAll)
    __ARM_fpclassify                         0x08007bf9   Thumb Code    48  fpclassify.o(i.__ARM_fpclassify)
    __hardfp_acos                            0x08007c29   Thumb Code   738  acos.o(i.__hardfp_acos)
    __hardfp_asin                            0x08007f81   Thumb Code   770  asin.o(i.__hardfp_asin)
    __hardfp_sqrtf                           0x080082e1   Thumb Code    58  sqrtf.o(i.__hardfp_sqrtf)
    __kernel_poly                            0x0800831b   Thumb Code   248  poly.o(i.__kernel_poly)
    __mathlib_dbl_infnan                     0x08008413   Thumb Code    20  dunder.o(i.__mathlib_dbl_infnan)
    __mathlib_dbl_invalid                    0x08008429   Thumb Code    24  dunder.o(i.__mathlib_dbl_invalid)
    __mathlib_dbl_underflow                  0x08008449   Thumb Code    24  dunder.o(i.__mathlib_dbl_underflow)
    __scatterload_copy                       0x08008469   Thumb Code    14  handlers.o(i.__scatterload_copy)
    __scatterload_null                       0x08008477   Thumb Code     2  handlers.o(i.__scatterload_null)
    __scatterload_zeroinit                   0x08008479   Thumb Code    14  handlers.o(i.__scatterload_zeroinit)
    __set_errno                              0x08008489   Thumb Code     6  errno.o(i.__set_errno)
    fabs                                     0x08008495   Thumb Code    24  fabs.o(i.fabs)
    sqrt                                     0x080084ad   Thumb Code   110  sqrt.o(i.sqrt)
    AHBPrescTable                            0x080085dc   Data          16  system_stm32f4xx.o(.rodata.AHBPrescTable)
    APBPrescTable                            0x080085ec   Data           8  system_stm32f4xx.o(.rodata.APBPrescTable)
    Region$$Table$$Base                      0x08008800   Number         0  anon$$obj.o(Region$$Table)
    Region$$Table$$Limit                     0x08008820   Number         0  anon$$obj.o(Region$$Table)
    put_flag                                 0x20000004   Data           2  pid_task.o(.data..L_MergedGlobals)
    x                                        0x20000008   Data           4  pid_task.o(.data..L_MergedGlobals)
    h                                        0x2000000c   Data           4  pid_task.o(.data..L_MergedGlobals)
    w1                                       0x20000010   Data           4  pid_task.o(.data..L_MergedGlobals)
    duoji_3                                  0x20000014   Data           4  pid_task.o(.data..L_MergedGlobals)
    flag1                                    0x20000018   Data           4  pid_task.o(.data..L_MergedGlobals)
    jiao_a                                   0x2000001c   Data           4  pid_task.o(.data..L_MergedGlobals)
    jiao_b                                   0x20000020   Data           4  pid_task.o(.data..L_MergedGlobals)
    time                                     0x20000024   Data           4  pid_task.o(.data..L_MergedGlobals)
    count1                                   0x20000028   Data           4  pid_task.o(.data..L_MergedGlobals)
    test_count                               0x2000002c   Data           4  pid_task.o(.data..L_MergedGlobals)
    speed_n5055_1                            0x20000030   Data           4  pid_task.o(.data..L_MergedGlobals)
    speed_n5055_2                            0x20000034   Data           4  pid_task.o(.data..L_MergedGlobals)
    expect_wheel_ramp_2006                   0x20000038   Data          16  pid_task.o(.data..L_MergedGlobals)
    arm                                      0x20000048   Data          28  pid_task.o(.data..L_MergedGlobals)
    putter                                   0x20000064   Data          24  servos_task.o(.data..L_MergedGlobals)
    G_L_t                                    0x2000007c   Data          36  servos_task.o(.data..L_MergedGlobals)
    uwTickFreq                               0x200000a0   Data           1  stm32f4xx_hal.o(.data..L_MergedGlobals)
    uwTickPrio                               0x200000a4   Data           4  stm32f4xx_hal.o(.data..L_MergedGlobals)
    FS_Desc                                  0x200000a8   Data          28  usbd_desc.o(.data.FS_Desc)
    M2006_Angle                              0x200000c4   Data         112  pid_task.o(.data.M2006_Angle)
    M2006_Speed                              0x20000134   Data         128  pid_task.o(.data.M2006_Speed)
    PID_wheel_speed                          0x200001b4   Data         128  pid_task.o(.data.PID_wheel_speed)
    SystemCoreClock                          0x20000234   Data           4  system_stm32f4xx.o(.data.SystemCoreClock)
    USBD_CDC                                 0x20000238   Data          56  usbd_cdc.o(.data.USBD_CDC)
    USBD_FS_DeviceDesc                       0x200002c0   Data          18  usbd_desc.o(.data.USBD_FS_DeviceDesc)
    USBD_Interface_fops_FS                   0x200002d4   Data          20  usbd_cdc_if.o(.data.USBD_Interface_fops_FS)
    USBD_LangIDDesc                          0x200002e8   Data           4  usbd_desc.o(.data.USBD_LangIDDesc)
    USBD_StringSerial                        0x200002ec   Data          26  usbd_desc.o(.data.USBD_StringSerial)
    getmode                                  0x20000310   Data           2  odrive_set.o(.bss..L_MergedGlobals)
    odrive_state                             0x20000314   Data           4  odrive_set.o(.bss..L_MergedGlobals)
    odrive_get_axis0                         0x20000318   Data          52  odrive_set.o(.bss..L_MergedGlobals)
    odrive_get_axis1                         0x2000034c   Data          52  odrive_set.o(.bss..L_MergedGlobals)
    pxCurrentTCB                             0x20000380   Data           4  tasks.o(.bss..L_MergedGlobals)
    high                                     0x20000420   Data           2  pid_task.o(.bss..L_MergedGlobals.1)
    pos_flag                                 0x20000422   Data           2  pid_task.o(.bss..L_MergedGlobals.1)
    pep_flag                                 0x20000424   Data           2  pid_task.o(.bss..L_MergedGlobals.1)
    LV53_distance                            0x20000426   Data           2  pid_task.o(.bss..L_MergedGlobals.1)
    Ex_v1                                    0x20000428   Data           4  pid_task.o(.bss..L_MergedGlobals.1)
    Ex_v2                                    0x2000042c   Data           4  pid_task.o(.bss..L_MergedGlobals.1)
    Ex_v3                                    0x20000430   Data           4  pid_task.o(.bss..L_MergedGlobals.1)
    Ex_v4                                    0x20000434   Data           4  pid_task.o(.bss..L_MergedGlobals.1)
    Ex_v6                                    0x20000438   Data           4  pid_task.o(.bss..L_MergedGlobals.1)
    Ex_v7                                    0x2000043c   Data           4  pid_task.o(.bss..L_MergedGlobals.1)
    Ex_v8                                    0x20000440   Data           4  pid_task.o(.bss..L_MergedGlobals.1)
    count                                    0x20000444   Data           4  pid_task.o(.bss..L_MergedGlobals.1)
    duoji_1                                  0x20000448   Data           4  pid_task.o(.bss..L_MergedGlobals.1)
    duoji_2                                  0x2000044c   Data           4  pid_task.o(.bss..L_MergedGlobals.1)
    duoji_4                                  0x20000450   Data           4  pid_task.o(.bss..L_MergedGlobals.1)
    flag2                                    0x20000454   Data           4  pid_task.o(.bss..L_MergedGlobals.1)
    duoji                                    0x20000458   Data           4  pid_task.o(.bss..L_MergedGlobals.1)
    Mode0                                    0x2000045c   Data           4  pid_task.o(.bss..L_MergedGlobals.1)
    flag_miao                                0x20000460   Data           4  pid_task.o(.bss..L_MergedGlobals.1)
    CAN1_txdata                              0x20000464   Data           8  pid_task.o(.bss..L_MergedGlobals.1)
    CAN2_txdata                              0x2000046c   Data           8  pid_task.o(.bss..L_MergedGlobals.1)
    expect_angle_2006                        0x20000474   Data          16  pid_task.o(.bss..L_MergedGlobals.1)
    expect_wheel_2006                        0x20000484   Data          16  pid_task.o(.bss..L_MergedGlobals.1)
    vPuttor_Handler                          0x20000494   Data           4  servos_task.o(.bss..L_MergedGlobals.1)
    textexp                                  0x20000498   Data           4  servos_task.o(.bss..L_MergedGlobals.1)
    odrive_set_axis0                         0x2000049c   Data          52  odrive_set.o(.bss..L_MergedGlobals.1)
    odrive_set_axis1                         0x200004d0   Data          52  odrive_set.o(.bss..L_MergedGlobals.1)
    M2006_offset                             0x2000052c   Data          16  pid_task.o(.bss..L_MergedGlobals.2)
    expect_angle_3508                        0x2000053c   Data          16  pid_task.o(.bss..L_MergedGlobals.2)
    motor_wheel_2006                         0x2000054c   Data          64  pid_task.o(.bss..L_MergedGlobals.2)
    Angle_Handler                            0x2000058c   Data           4  pid_task.o(.bss.Angle_Handler)
    CAN1_buff                                0x20000590   Data           8  candrive.o(.bss.CAN1_buff)
    CAN2_buff                                0x20000598   Data           8  candrive.o(.bss.CAN2_buff)
    Expect_Speed                             0x200005a0   Data          24  pid_task.o(.bss.Expect_Speed)
    Lanuch_Handler                           0x200005bc   Data           4  servos_task.o(.bss.Lanuch_Handler)
    PID_Handler                              0x200005c0   Data           4  pid_task.o(.bss.PID_Handler)
    USBD_StrDesc                             0x200005c8   Data         512  usbd_desc.o(.bss.USBD_StrDesc)
    UserRxBufferFS                           0x200009e8   Data        2048  usbd_cdc_if.o(.bss.UserRxBufferFS)
    UserTxBufferFS                           0x200011e8   Data        2048  usbd_cdc_if.o(.bss.UserTxBufferFS)
    defaultTaskHandle                        0x200019e8   Data           4  freertos.o(.bss.defaultTaskHandle)
    hUsbDeviceFS                             0x200019ec   Data         732  usb_device.o(.bss.hUsbDeviceFS)
    hcan1                                    0x20001cc8   Data          40  can.o(.bss.hcan1)
    hcan2                                    0x20001cf0   Data          40  can.o(.bss.hcan2)
    hdma_uart4_rx                            0x20001d18   Data          96  usart.o(.bss.hdma_uart4_rx)
    hpcd_USB_OTG_FS                          0x20001d78   Data        1252  usbd_conf.o(.bss.hpcd_USB_OTG_FS)
    htim1                                    0x2000225c   Data          72  tim.o(.bss.htim1)
    htim2                                    0x200022a4   Data          72  stm32f4xx_hal_timebase_tim.o(.bss.htim2)
    htim4                                    0x200022ec   Data          72  tim.o(.bss.htim4)
    huart4                                   0x20002334   Data          72  usart.o(.bss.huart4)
    motor_wheel_3508                         0x2000237c   Data         160  pid_task.o(.bss.motor_wheel_3508)
    myflag                                   0x2000241c   Data           4  pid_task.o(.bss.myflag)
    rx_msg_0                                 0x200024ac   Data          12  odrive_set.o(.bss.rx_msg_0)
    rx_msg_1                                 0x200024b8   Data          12  odrive_set.o(.bss.rx_msg_1)
    usart4_dma_buff                          0x200060c4   Data          35  main.o(.bss.usart4_dma_buff)
    uwTick                                   0x200060e8   Data           4  stm32f4xx_hal.o(.bss.uwTick)
    vN5055_Handle                            0x200060ec   Data           4  pid_task.o(.bss.vN5055_Handle)
    __initial_sp                             0x20006748   Data           0  startup_stm32f407xx.o(STACK)



==============================================================================

Memory Map of the image

  Image Entry point : 0x08000189

  Load Region LR_IROM1 (Base: 0x08000000, Size: 0x00008b30, Max: 0x00080000, ABSOLUTE, COMPRESSED[0x00008950])

    Execution Region ER_IROM1 (Exec base: 0x08000000, Load base: 0x08000000, Size: 0x00008820, Max: 0x00080000, ABSOLUTE)

    Exec Addr    Load Addr    Size         Type   Attr      Idx    E Section Name        Object

    0x08000000   0x08000000   0x00000188   Data   RO            3    RESET               startup_stm32f407xx.o
    0x08000188   0x08000188   0x00000000   Code   RO         2777  * .ARM.Collect$$$$00000000  mc_w.l(entry.o)
    0x08000188   0x08000188   0x00000004   Code   RO         2832    .ARM.Collect$$$$00000001  mc_w.l(entry2.o)
    0x0800018c   0x0800018c   0x00000004   Code   RO         2835    .ARM.Collect$$$$00000004  mc_w.l(entry5.o)
    0x08000190   0x08000190   0x00000000   Code   RO         2837    .ARM.Collect$$$$00000008  mc_w.l(entry7b.o)
    0x08000190   0x08000190   0x00000000   Code   RO         2839    .ARM.Collect$$$$0000000A  mc_w.l(entry8b.o)
    0x08000190   0x08000190   0x00000008   Code   RO         2840    .ARM.Collect$$$$0000000B  mc_w.l(entry9a.o)
    0x08000198   0x08000198   0x00000000   Code   RO         2842    .ARM.Collect$$$$0000000D  mc_w.l(entry10a.o)
    0x08000198   0x08000198   0x00000000   Code   RO         2844    .ARM.Collect$$$$0000000F  mc_w.l(entry11a.o)
    0x08000198   0x08000198   0x00000004   Code   RO         2833    .ARM.Collect$$$$00002712  mc_w.l(entry2.o)
    0x0800019c   0x0800019c   0x00000024   Code   RO            4    .text               startup_stm32f407xx.o
    0x080001c0   0x080001c0   0x00000062   Code   RO         2780    .text               mc_w.l(uldiv.o)
    0x08000222   0x08000222   0x00000024   Code   RO         2782    .text               mc_w.l(memcpya.o)
    0x08000246   0x08000246   0x00000024   Code   RO         2784    .text               mc_w.l(memseta.o)
    0x0800026a   0x0800026a   0x0000014e   Code   RO         2788    .text               mf_w.l(dadd.o)
    0x080003b8   0x080003b8   0x000000e4   Code   RO         2790    .text               mf_w.l(dmul.o)
    0x0800049c   0x0800049c   0x000000de   Code   RO         2792    .text               mf_w.l(ddiv.o)
    0x0800057a   0x0800057a   0x00000022   Code   RO         2794    .text               mf_w.l(dflti.o)
    0x0800059c   0x0800059c   0x0000003e   Code   RO         2796    .text               mf_w.l(dfixi.o)
    0x080005da   0x080005da   0x00000026   Code   RO         2798    .text               mf_w.l(f2d.o)
    0x08000600   0x08000600   0x00000038   Code   RO         2800    .text               mf_w.l(d2f.o)
    0x08000638   0x08000638   0x0000001e   Code   RO         2846    .text               mc_w.l(llshl.o)
    0x08000656   0x08000656   0x00000020   Code   RO         2848    .text               mc_w.l(llushr.o)
    0x08000676   0x08000676   0x00000024   Code   RO         2850    .text               mc_w.l(llsshr.o)
    0x0800069a   0x0800069a   0x00000000   Code   RO         2859    .text               mc_w.l(iusefp.o)
    0x0800069a   0x0800069a   0x0000006e   Code   RO         2860    .text               mf_w.l(fepilogue.o)
    0x08000708   0x08000708   0x000000ba   Code   RO         2862    .text               mf_w.l(depilogue.o)
    0x080007c2   0x080007c2   0x00000002   PAD
    0x080007c4   0x080007c4   0x00000024   Code   RO         2866    .text               mc_w.l(init.o)
    0x080007e8   0x080007e8   0x000000a2   Code   RO         2868    .text               mf_w.l(dsqrt.o)
    0x0800088a   0x0800088a   0x00000056   Code   RO         2878    .text               mc_w.l(__dczerorl2.o)
    0x080008e0   0x080008e0   0x00000318   Code   RO           26    .text.Angle_Task    pid_task.o
    0x08000bf8   0x08000bf8   0x00000002   Code   RO          284    .text.BusFault_Handler  stm32f4xx_it.o
    0x08000bfa   0x08000bfa   0x00000002   PAD
    0x08000bfc   0x08000bfc   0x00000008   Code   RO          294    .text.CAN1_RX0_IRQHandler  stm32f4xx_it.o
    0x08000c04   0x08000c04   0x0000000c   Code   RO          292    .text.CAN1_TX_IRQHandler  stm32f4xx_it.o
    0x08000c10   0x08000c10   0x00000008   Code   RO          302    .text.CAN2_RX1_IRQHandler  stm32f4xx_it.o
    0x08000c18   0x08000c18   0x0000000c   Code   RO          300    .text.CAN2_TX_IRQHandler  stm32f4xx_it.o
    0x08000c24   0x08000c24   0x00000034   Code   RO         2292    .text.CAN_Receive_DataFrame  candrive.o
    0x08000c58   0x08000c58   0x0000002e   Code   RO         2419    .text.CAN_RoboModule_DRV_Config  robomodule_drv.o
    0x08000c86   0x08000c86   0x00000018   Code   RO         2423    .text.CAN_RoboModule_DRV_Feedback  robomodule_drv.o
    0x08000c9e   0x08000c9e   0x00000020   Code   RO         2401    .text.CAN_RoboModule_DRV_Mode_Choice  robomodule_drv.o
    0x08000cbe   0x08000cbe   0x00000002   PAD
    0x08000cc0   0x08000cc0   0x00000038   Code   RO         2409    .text.CAN_RoboModule_DRV_Position_Mode  robomodule_drv.o
    0x08000cf8   0x08000cf8   0x00000014   Code   RO         2399    .text.CAN_RoboModule_DRV_Reset  robomodule_drv.o
    0x08000d0c   0x08000d0c   0x00000024   Code   RO         2290    .text.CAN_Send_StdDataFrame  candrive.o
    0x08000d30   0x08000d30   0x00000004   Code   RO         2509    .text.CDC_Control_FS  usbd_cdc_if.o
    0x08000d34   0x08000d34   0x00000004   Code   RO         2507    .text.CDC_DeInit_FS  usbd_cdc_if.o
    0x08000d38   0x08000d38   0x0000002c   Code   RO         2505    .text.CDC_Init_FS   usbd_cdc_if.o
    0x08000d64   0x08000d64   0x00000028   Code   RO         2511    .text.CDC_Receive_FS  usbd_cdc_if.o
    0x08000d8c   0x08000d8c   0x00000004   Code   RO         2513    .text.CDC_TransmitCplt_FS  usbd_cdc_if.o
    0x08000d90   0x08000d90   0x00000048   Code   RO         2288    .text.CanFilter_Init  candrive.o
    0x08000dd8   0x08000dd8   0x0000000c   Code   RO          290    .text.DMA1_Stream2_IRQHandler  stm32f4xx_it.o
    0x08000de4   0x08000de4   0x00000034   Code   RO          748    .text.DMA_CalcBaseAndBitshift  stm32f4xx_hal_dma.o
    0x08000e18   0x08000e18   0x00000022   Code   RO          754    .text.DMA_SetConfig  stm32f4xx_hal_dma.o
    0x08000e3a   0x08000e3a   0x00000002   Code   RO          288    .text.DebugMon_Handler  stm32f4xx_it.o
    0x08000e3c   0x08000e3c   0x00000004   Code   RO          166    .text.Error_Handler  main.o
    0x08000e40   0x08000e40   0x00000030   Code   RO         2322    .text.Get_CRC16_Check_Sum  crc.o
    0x08000e70   0x08000e70   0x00000148   Code   RO           30    .text.Get_angle     pid_task.o
    0x08000fb8   0x08000fb8   0x00000026   Code   RO         1028    .text.HAL_CAN_ActivateNotification  stm32f4xx_hal_can.o
    0x08000fde   0x08000fde   0x00000082   Code   RO         1014    .text.HAL_CAN_AddTxMessage  stm32f4xx_hal_can.o
    0x08001060   0x08001060   0x000000d0   Code   RO         1004    .text.HAL_CAN_ConfigFilter  stm32f4xx_hal_can.o
    0x08001130   0x08001130   0x00000002   Code   RO         1058    .text.HAL_CAN_ErrorCallback  stm32f4xx_hal_can.o
    0x08001132   0x08001132   0x00000004   Code   RO         1062    .text.HAL_CAN_GetError  stm32f4xx_hal_can.o
    0x08001136   0x08001136   0x00000020   Code   RO         1026    .text.HAL_CAN_GetRxFifoFillLevel  stm32f4xx_hal_can.o
    0x08001156   0x08001156   0x000000ce   Code   RO         1024    .text.HAL_CAN_GetRxMessage  stm32f4xx_hal_can.o
    0x08001224   0x08001224   0x00000028   Code   RO         1018    .text.HAL_CAN_GetTxMailboxesFreeLevel  stm32f4xx_hal_can.o
    0x0800124c   0x0800124c   0x000001f4   Code   RO         1032    .text.HAL_CAN_IRQHandler  stm32f4xx_hal_can.o
    0x08001440   0x08001440   0x000000da   Code   RO          994    .text.HAL_CAN_Init  stm32f4xx_hal_can.o
    0x0800151a   0x0800151a   0x00000002   PAD
    0x0800151c   0x0800151c   0x000000e4   Code   RO          214    .text.HAL_CAN_MspInit  can.o
    0x08001600   0x08001600   0x00000002   Code   RO         1046    .text.HAL_CAN_RxFifo0FullCallback  stm32f4xx_hal_can.o
    0x08001602   0x08001602   0x00000002   PAD
    0x08001604   0x08001604   0x000000cc   Code   RO           36    .text.HAL_CAN_RxFifo0MsgPendingCallback  pid_task.o
    0x080016d0   0x080016d0   0x00000002   Code   RO         1050    .text.HAL_CAN_RxFifo1FullCallback  stm32f4xx_hal_can.o
    0x080016d2   0x080016d2   0x00000002   PAD
    0x080016d4   0x080016d4   0x00000068   Code   RO           38    .text.HAL_CAN_RxFifo1MsgPendingCallback  pid_task.o
    0x0800173c   0x0800173c   0x00000002   Code   RO         1054    .text.HAL_CAN_SleepCallback  stm32f4xx_hal_can.o
    0x0800173e   0x0800173e   0x0000004c   Code   RO         1006    .text.HAL_CAN_Start  stm32f4xx_hal_can.o
    0x0800178a   0x0800178a   0x00000002   Code   RO         1036    .text.HAL_CAN_TxMailbox0AbortCallback  stm32f4xx_hal_can.o
    0x0800178c   0x0800178c   0x00000002   Code   RO         1034    .text.HAL_CAN_TxMailbox0CompleteCallback  stm32f4xx_hal_can.o
    0x0800178e   0x0800178e   0x00000002   Code   RO         1040    .text.HAL_CAN_TxMailbox1AbortCallback  stm32f4xx_hal_can.o
    0x08001790   0x08001790   0x00000002   Code   RO         1038    .text.HAL_CAN_TxMailbox1CompleteCallback  stm32f4xx_hal_can.o
    0x08001792   0x08001792   0x00000002   Code   RO         1044    .text.HAL_CAN_TxMailbox2AbortCallback  stm32f4xx_hal_can.o
    0x08001794   0x08001794   0x00000002   Code   RO         1042    .text.HAL_CAN_TxMailbox2CompleteCallback  stm32f4xx_hal_can.o
    0x08001796   0x08001796   0x00000002   Code   RO         1056    .text.HAL_CAN_WakeUpFromRxMsgCallback  stm32f4xx_hal_can.o
    0x08001798   0x08001798   0x00000080   Code   RO          758    .text.HAL_DMA_Abort  stm32f4xx_hal_dma.o
    0x08001818   0x08001818   0x00000158   Code   RO          764    .text.HAL_DMA_IRQHandler  stm32f4xx_hal_dma.o
    0x08001970   0x08001970   0x00000108   Code   RO          746    .text.HAL_DMA_Init  stm32f4xx_hal_dma.o
    0x08001a78   0x08001a78   0x0000005e   Code   RO          756    .text.HAL_DMA_Start_IT  stm32f4xx_hal_dma.o
    0x08001ad6   0x08001ad6   0x00000002   PAD
    0x08001ad8   0x08001ad8   0x00000020   Code   RO          920    .text.HAL_Delay     stm32f4xx_hal.o
    0x08001af8   0x08001af8   0x000001ac   Code   RO          708    .text.HAL_GPIO_Init  stm32f4xx_hal_gpio.o
    0x08001ca4   0x08001ca4   0x0000000a   Code   RO          712    .text.HAL_GPIO_ReadPin  stm32f4xx_hal_gpio.o
    0x08001cae   0x08001cae   0x0000000a   Code   RO          714    .text.HAL_GPIO_WritePin  stm32f4xx_hal_gpio.o
    0x08001cb8   0x08001cb8   0x00000008   Code   RO          912    .text.HAL_GetTick   stm32f4xx_hal.o
    0x08001cc0   0x08001cc0   0x00000018   Code   RO          910    .text.HAL_IncTick   stm32f4xx_hal.o
    0x08001cd8   0x08001cd8   0x00000034   Code   RO          900    .text.HAL_Init      stm32f4xx_hal.o
    0x08001d0c   0x08001d0c   0x00000098   Code   RO          323    .text.HAL_InitTick  stm32f4xx_hal_timebase_tim.o
    0x08001da4   0x08001da4   0x00000040   Code   RO          314    .text.HAL_MspInit   stm32f4xx_hal_msp.o
    0x08001de4   0x08001de4   0x0000001c   Code   RO          854    .text.HAL_NVIC_EnableIRQ  stm32f4xx_hal_cortex.o
    0x08001e00   0x08001e00   0x00000038   Code   RO          850    .text.HAL_NVIC_SetPriority  stm32f4xx_hal_cortex.o
    0x08001e38   0x08001e38   0x00000020   Code   RO          848    .text.HAL_NVIC_SetPriorityGrouping  stm32f4xx_hal_cortex.o
    0x08001e58   0x08001e58   0x00000002   Code   RO          436    .text.HAL_PCDEx_LPM_Callback  stm32f4xx_hal_pcd_ex.o
    0x08001e5a   0x08001e5a   0x00000008   Code   RO          434    .text.HAL_PCDEx_SetRxFiFo  stm32f4xx_hal_pcd_ex.o
    0x08001e62   0x08001e62   0x00000040   Code   RO          432    .text.HAL_PCDEx_SetTxFiFo  stm32f4xx_hal_pcd_ex.o
    0x08001ea2   0x08001ea2   0x00000002   PAD
    0x08001ea4   0x08001ea4   0x0000000c   Code   RO         2550    .text.HAL_PCD_ConnectCallback  usbd_conf.o
    0x08001eb0   0x08001eb0   0x00000018   Code   RO         2536    .text.HAL_PCD_DataInStageCallback  usbd_conf.o
    0x08001ec8   0x08001ec8   0x0000001a   Code   RO         2534    .text.HAL_PCD_DataOutStageCallback  usbd_conf.o
    0x08001ee2   0x08001ee2   0x00000002   PAD
    0x08001ee4   0x08001ee4   0x0000000c   Code   RO         2552    .text.HAL_PCD_DisconnectCallback  usbd_conf.o
    0x08001ef0   0x08001ef0   0x00000020   Code   RO          366    .text.HAL_PCD_EP_Abort  stm32f4xx_hal_pcd.o
    0x08001f10   0x08001f10   0x0000003a   Code   RO          386    .text.HAL_PCD_EP_Close  stm32f4xx_hal_pcd.o
    0x08001f4a   0x08001f4a   0x0000004c   Code   RO          396    .text.HAL_PCD_EP_ClrStall  stm32f4xx_hal_pcd.o
    0x08001f96   0x08001f96   0x00000012   Code   RO          390    .text.HAL_PCD_EP_GetRxCount  stm32f4xx_hal_pcd.o
    0x08001fa8   0x08001fa8   0x0000004c   Code   RO          384    .text.HAL_PCD_EP_Open  stm32f4xx_hal_pcd.o
    0x08001ff4   0x08001ff4   0x00000038   Code   RO          388    .text.HAL_PCD_EP_Receive  stm32f4xx_hal_pcd.o
    0x0800202c   0x0800202c   0x00000068   Code   RO          394    .text.HAL_PCD_EP_SetStall  stm32f4xx_hal_pcd.o
    0x08002094   0x08002094   0x00000034   Code   RO          392    .text.HAL_PCD_EP_Transmit  stm32f4xx_hal_pcd.o
    0x080020c8   0x080020c8   0x000006ee   Code   RO          350    .text.HAL_PCD_IRQHandler  stm32f4xx_hal_pcd.o
    0x080027b6   0x080027b6   0x00000002   PAD
    0x080027b8   0x080027b8   0x0000000c   Code   RO         2548    .text.HAL_PCD_ISOINIncompleteCallback  usbd_conf.o
    0x080027c4   0x080027c4   0x0000000c   Code   RO         2546    .text.HAL_PCD_ISOOUTIncompleteCallback  usbd_conf.o
    0x080027d0   0x080027d0   0x000000be   Code   RO          338    .text.HAL_PCD_Init  stm32f4xx_hal_pcd.o
    0x0800288e   0x0800288e   0x00000002   PAD
    0x08002890   0x08002890   0x00000088   Code   RO         2528    .text.HAL_PCD_MspInit  usbd_conf.o
    0x08002918   0x08002918   0x00000024   Code   RO         2540    .text.HAL_PCD_ResetCallback  usbd_conf.o
    0x0800293c   0x0800293c   0x0000000c   Code   RO         2544    .text.HAL_PCD_ResumeCallback  usbd_conf.o
    0x08002948   0x08002948   0x0000000c   Code   RO         2538    .text.HAL_PCD_SOFCallback  usbd_conf.o
    0x08002954   0x08002954   0x0000001a   Code   RO          382    .text.HAL_PCD_SetAddress  stm32f4xx_hal_pcd.o
    0x0800296e   0x0800296e   0x00000002   PAD
    0x08002970   0x08002970   0x00000012   Code   RO         2532    .text.HAL_PCD_SetupStageCallback  usbd_conf.o
    0x08002982   0x08002982   0x0000002e   Code   RO          346    .text.HAL_PCD_Start  stm32f4xx_hal_pcd.o
    0x080029b0   0x080029b0   0x00000034   Code   RO         2542    .text.HAL_PCD_SuspendCallback  usbd_conf.o
    0x080029e4   0x080029e4   0x00000114   Code   RO          580    .text.HAL_RCC_ClockConfig  stm32f4xx_hal_rcc.o
    0x08002af8   0x08002af8   0x00000038   Code   RO          598    .text.HAL_RCC_GetClockConfig  stm32f4xx_hal_rcc.o
    0x08002b30   0x08002b30   0x00000008   Code   RO          590    .text.HAL_RCC_GetHCLKFreq  stm32f4xx_hal_rcc.o
    0x08002b38   0x08002b38   0x00000014   Code   RO          592    .text.HAL_RCC_GetPCLK1Freq  stm32f4xx_hal_rcc.o
    0x08002b4c   0x08002b4c   0x00000020   Code   RO          594    .text.HAL_RCC_GetPCLK2Freq  stm32f4xx_hal_rcc.o
    0x08002b6c   0x08002b6c   0x0000005c   Code   RO          582    .text.HAL_RCC_GetSysClockFreq  stm32f4xx_hal_rcc.o
    0x08002bc8   0x08002bc8   0x00000328   Code   RO          578    .text.HAL_RCC_OscConfig  stm32f4xx_hal_rcc.o
    0x08002ef0   0x08002ef0   0x00000002   Code   RO         1525    .text.HAL_TIMEx_BreakCallback  stm32f4xx_hal_tim_ex.o
    0x08002ef2   0x08002ef2   0x00000002   Code   RO         1521    .text.HAL_TIMEx_CommutCallback  stm32f4xx_hal_tim_ex.o
    0x08002ef4   0x08002ef4   0x0000004e   Code   RO         1517    .text.HAL_TIMEx_ConfigBreakDeadTime  stm32f4xx_hal_tim_ex.o
    0x08002f42   0x08002f42   0x00000002   PAD
    0x08002f44   0x08002f44   0x0000006c   Code   RO         1515    .text.HAL_TIMEx_MasterConfigSynchronization  stm32f4xx_hal_tim_ex.o
    0x08002fb0   0x08002fb0   0x0000001e   Code   RO         1084    .text.HAL_TIM_Base_Init  stm32f4xx_hal_tim.o
    0x08002fce   0x08002fce   0x00000002   Code   RO         1086    .text.HAL_TIM_Base_MspInit  stm32f4xx_hal_tim.o
    0x08002fd0   0x08002fd0   0x00000078   Code   RO         1098    .text.HAL_TIM_Base_Start_IT  stm32f4xx_hal_tim.o
    0x08003048   0x08003048   0x00000002   Code   RO         1220    .text.HAL_TIM_IC_CaptureCallback  stm32f4xx_hal_tim.o
    0x0800304a   0x0800304a   0x0000010a   Code   RO         1218    .text.HAL_TIM_IRQHandler  stm32f4xx_hal_tim.o
    0x08003154   0x08003154   0x00000080   Code   RO          244    .text.HAL_TIM_MspPostInit  tim.o
    0x080031d4   0x080031d4   0x00000002   Code   RO         1222    .text.HAL_TIM_OC_DelayElapsedCallback  stm32f4xx_hal_tim.o
    0x080031d6   0x080031d6   0x00000002   PAD
    0x080031d8   0x080031d8   0x0000008a   Code   RO         1246    .text.HAL_TIM_PWM_ConfigChannel  stm32f4xx_hal_tim.o
    0x08003262   0x08003262   0x0000001e   Code   RO         1138    .text.HAL_TIM_PWM_Init  stm32f4xx_hal_tim.o
    0x08003280   0x08003280   0x00000054   Code   RO          248    .text.HAL_TIM_PWM_MspInit  tim.o
    0x080032d4   0x080032d4   0x00000002   Code   RO         1224    .text.HAL_TIM_PWM_PulseFinishedCallback  stm32f4xx_hal_tim.o
    0x080032d6   0x080032d6   0x00000002   PAD
    0x080032d8   0x080032d8   0x000000b8   Code   RO         1146    .text.HAL_TIM_PWM_Start  stm32f4xx_hal_tim.o
    0x08003390   0x08003390   0x0000000e   Code   RO          168    .text.HAL_TIM_PeriodElapsedCallback  main.o
    0x0800339e   0x0800339e   0x00000002   Code   RO         1228    .text.HAL_TIM_TriggerCallback  stm32f4xx_hal_tim.o
    0x080033a0   0x080033a0   0x00000002   Code   RO         1695    .text.HAL_UARTEx_RxEventCallback  stm32f4xx_hal_uart.o
    0x080033a2   0x080033a2   0x0000005a   Code   RO         1647    .text.HAL_UART_DMAStop  stm32f4xx_hal_uart.o
    0x080033fc   0x080033fc   0x00000002   Code   RO         1693    .text.HAL_UART_ErrorCallback  stm32f4xx_hal_uart.o
    0x080033fe   0x080033fe   0x0000002c   Code   RO         1603    .text.HAL_UART_Init  stm32f4xx_hal_uart.o
    0x0800342a   0x0800342a   0x00000002   PAD
    0x0800342c   0x0800342c   0x000000ac   Code   RO          264    .text.HAL_UART_MspInit  usart.o
    0x080034d8   0x080034d8   0x00000022   Code   RO         1639    .text.HAL_UART_Receive_DMA  stm32f4xx_hal_uart.o
    0x080034fa   0x080034fa   0x00000002   Code   RO         1701    .text.HAL_UART_RxCpltCallback  stm32f4xx_hal_uart.o
    0x080034fc   0x080034fc   0x00000002   Code   RO         1703    .text.HAL_UART_RxHalfCpltCallback  stm32f4xx_hal_uart.o
    0x080034fe   0x080034fe   0x00000002   Code   RO          280    .text.HardFault_Handler  stm32f4xx_it.o
    0x08003500   0x08003500   0x00000078   Code   RO           95    .text.Lanuch_Task   servos_task.o
    0x08003578   0x08003578   0x00000030   Code   RO         2346    .text.M2006_Receive  motor.o
    0x080035a8   0x080035a8   0x00000020   Code   RO          210    .text.MX_CAN1_Init  can.o
    0x080035c8   0x080035c8   0x00000020   Code   RO          212    .text.MX_CAN2_Init  can.o
    0x080035e8   0x080035e8   0x00000030   Code   RO          233    .text.MX_DMA_Init   dma.o
    0x08003618   0x08003618   0x00000028   Code   RO          193    .text.MX_FREERTOS_Init  freertos.o
    0x08003640   0x08003640   0x000000e4   Code   RO          180    .text.MX_GPIO_Init  gpio.o
    0x08003724   0x08003724   0x000000cc   Code   RO          242    .text.MX_TIM1_Init  tim.o
    0x080037f0   0x080037f0   0x00000070   Code   RO          246    .text.MX_TIM4_Init  tim.o
    0x08003860   0x08003860   0x00000038   Code   RO          262    .text.MX_UART4_Init  usart.o
    0x08003898   0x08003898   0x0000006e   Code   RO         2469    .text.MX_USB_DEVICE_Init  usb_device.o
    0x08003906   0x08003906   0x00000002   Code   RO          282    .text.MemManage_Handler  stm32f4xx_it.o
    0x08003908   0x08003908   0x00000032   Code   RO         2348    .text.MotorSend     motor.o
    0x0800393a   0x0800393a   0x00000002   Code   RO          278    .text.NMI_Handler   stm32f4xx_it.o
    0x0800393c   0x0800393c   0x0000000c   Code   RO          304    .text.OTG_FS_IRQHandler  stm32f4xx_it.o
    0x08003948   0x08003948   0x00000008   Code   RO           42    .text.OUTLINED_FUNCTION_0  pid_task.o
    0x08003950   0x08003950   0x0000000a   Code   RO          182    .text.OUTLINED_FUNCTION_0  gpio.o
    0x0800395a   0x0800395a   0x00000020   Code   RO          218    .text.OUTLINED_FUNCTION_0  can.o
    0x0800397a   0x0800397a   0x0000000a   Code   RO          408    .text.OUTLINED_FUNCTION_0  stm32f4xx_hal_pcd.o
    0x08003984   0x08003984   0x0000000c   Code   RO          604    .text.OUTLINED_FUNCTION_0  stm32f4xx_hal_rcc.o
    0x08003990   0x08003990   0x0000000e   Code   RO          774    .text.OUTLINED_FUNCTION_0  stm32f4xx_hal_dma.o
    0x0800399e   0x0800399e   0x0000000c   Code   RO         1066    .text.OUTLINED_FUNCTION_0  stm32f4xx_hal_can.o
    0x080039aa   0x080039aa   0x00000012   Code   RO         1723    .text.OUTLINED_FUNCTION_0  stm32f4xx_hal_uart.o
    0x080039bc   0x080039bc   0x00000006   Code   RO         1893    .text.OUTLINED_FUNCTION_0  queue.o
    0x080039c2   0x080039c2   0x00000010   Code   RO         2074    .text.OUTLINED_FUNCTION_0  tasks.o
    0x080039d2   0x080039d2   0x0000001a   Code   RO         2352    .text.OUTLINED_FUNCTION_0  motor.o
    0x080039ec   0x080039ec   0x00000016   Code   RO         2370    .text.OUTLINED_FUNCTION_0  pid.o
    0x08003a02   0x08003a02   0x00000008   Code   RO           44    .text.OUTLINED_FUNCTION_1  pid_task.o
    0x08003a0a   0x08003a0a   0x00000012   Code   RO          220    .text.OUTLINED_FUNCTION_1  can.o
    0x08003a1c   0x08003a1c   0x00000008   Code   RO          410    .text.OUTLINED_FUNCTION_1  stm32f4xx_hal_pcd.o
    0x08003a24   0x08003a24   0x00000008   Code   RO          548    .text.OUTLINED_FUNCTION_1  stm32f4xx_ll_usb.o
    0x08003a2c   0x08003a2c   0x0000000a   Code   RO          776    .text.OUTLINED_FUNCTION_1  stm32f4xx_hal_dma.o
    0x08003a36   0x08003a36   0x0000000c   Code   RO         1068    .text.OUTLINED_FUNCTION_1  stm32f4xx_hal_can.o
    0x08003a42   0x08003a42   0x0000002e   Code   RO         1318    .text.OUTLINED_FUNCTION_1  stm32f4xx_hal_tim.o
    0x08003a70   0x08003a70   0x00000008   Code   RO         1895    .text.OUTLINED_FUNCTION_1  queue.o
    0x08003a78   0x08003a78   0x00000008   Code   RO         2076    .text.OUTLINED_FUNCTION_1  tasks.o
    0x08003a80   0x08003a80   0x0000001e   Code   RO         2354    .text.OUTLINED_FUNCTION_1  motor.o
    0x08003a9e   0x08003a9e   0x00000016   Code   RO         2431    .text.OUTLINED_FUNCTION_1  robomodule_drv.o
    0x08003ab4   0x08003ab4   0x0000000a   Code   RO         1336    .text.OUTLINED_FUNCTION_10  stm32f4xx_hal_tim.o
    0x08003abe   0x08003abe   0x00000014   Code   RO         1743    .text.OUTLINED_FUNCTION_10  stm32f4xx_hal_uart.o
    0x08003ad2   0x08003ad2   0x0000000a   Code   RO         2094    .text.OUTLINED_FUNCTION_10  tasks.o
    0x08003adc   0x08003adc   0x00000006   Code   RO         2096    .text.OUTLINED_FUNCTION_11  tasks.o
    0x08003ae2   0x08003ae2   0x0000000a   Code   RO         1340    .text.OUTLINED_FUNCTION_12  stm32f4xx_hal_tim.o
    0x08003aec   0x08003aec   0x00000012   Code   RO         1749    .text.OUTLINED_FUNCTION_13  stm32f4xx_hal_uart.o
    0x08003afe   0x08003afe   0x00000006   Code   RO         1354    .text.OUTLINED_FUNCTION_19  stm32f4xx_hal_tim.o
    0x08003b04   0x08003b04   0x00000006   Code   RO         1761    .text.OUTLINED_FUNCTION_19  stm32f4xx_hal_uart.o
    0x08003b0a   0x08003b0a   0x00000008   Code   RO           46    .text.OUTLINED_FUNCTION_2  pid_task.o
    0x08003b12   0x08003b12   0x00000008   Code   RO          412    .text.OUTLINED_FUNCTION_2  stm32f4xx_hal_pcd.o
    0x08003b1a   0x08003b1a   0x0000000a   Code   RO          608    .text.OUTLINED_FUNCTION_2  stm32f4xx_hal_rcc.o
    0x08003b24   0x08003b24   0x0000000e   Code   RO         1070    .text.OUTLINED_FUNCTION_2  stm32f4xx_hal_can.o
    0x08003b32   0x08003b32   0x00000006   Code   RO         1897    .text.OUTLINED_FUNCTION_2  queue.o
    0x08003b38   0x08003b38   0x00000008   Code   RO         2078    .text.OUTLINED_FUNCTION_2  tasks.o
    0x08003b40   0x08003b40   0x0000000c   Code   RO         2433    .text.OUTLINED_FUNCTION_2  robomodule_drv.o
    0x08003b4c   0x08003b4c   0x0000000a   Code   RO         1370    .text.OUTLINED_FUNCTION_27  stm32f4xx_hal_tim.o
    0x08003b56   0x08003b56   0x0000000e   Code   RO           48    .text.OUTLINED_FUNCTION_3  pid_task.o
    0x08003b64   0x08003b64   0x0000000a   Code   RO          414    .text.OUTLINED_FUNCTION_3  stm32f4xx_hal_pcd.o
    0x08003b6e   0x08003b6e   0x0000000e   Code   RO          552    .text.OUTLINED_FUNCTION_3  stm32f4xx_ll_usb.o
    0x08003b7c   0x08003b7c   0x00000010   Code   RO         1072    .text.OUTLINED_FUNCTION_3  stm32f4xx_hal_can.o
    0x08003b8c   0x08003b8c   0x00000016   Code   RO         1729    .text.OUTLINED_FUNCTION_3  stm32f4xx_hal_uart.o
    0x08003ba2   0x08003ba2   0x00000006   Code   RO         2080    .text.OUTLINED_FUNCTION_3  tasks.o
    0x08003ba8   0x08003ba8   0x00000014   Code   RO         1380    .text.OUTLINED_FUNCTION_32  stm32f4xx_hal_tim.o
    0x08003bbc   0x08003bbc   0x00000008   Code   RO         1392    .text.OUTLINED_FUNCTION_38  stm32f4xx_hal_tim.o
    0x08003bc4   0x08003bc4   0x0000000e   Code   RO           50    .text.OUTLINED_FUNCTION_4  pid_task.o
    0x08003bd2   0x08003bd2   0x00000008   Code   RO          416    .text.OUTLINED_FUNCTION_4  stm32f4xx_hal_pcd.o
    0x08003bda   0x08003bda   0x00000012   Code   RO          554    .text.OUTLINED_FUNCTION_4  stm32f4xx_ll_usb.o
    0x08003bec   0x08003bec   0x0000000c   Code   RO         1074    .text.OUTLINED_FUNCTION_4  stm32f4xx_hal_can.o
    0x08003bf8   0x08003bf8   0x00000012   Code   RO         1731    .text.OUTLINED_FUNCTION_4  stm32f4xx_hal_uart.o
    0x08003c0a   0x08003c0a   0x00000006   Code   RO         1901    .text.OUTLINED_FUNCTION_4  queue.o
    0x08003c10   0x08003c10   0x0000000a   Code   RO         2082    .text.OUTLINED_FUNCTION_4  tasks.o
    0x08003c1a   0x08003c1a   0x0000000a   Code   RO         1406    .text.OUTLINED_FUNCTION_45  stm32f4xx_hal_tim.o
    0x08003c24   0x08003c24   0x00000010   Code   RO         1408    .text.OUTLINED_FUNCTION_46  stm32f4xx_hal_tim.o
    0x08003c34   0x08003c34   0x00000006   Code   RO         1414    .text.OUTLINED_FUNCTION_49  stm32f4xx_hal_tim.o
    0x08003c3a   0x08003c3a   0x0000000e   Code   RO           52    .text.OUTLINED_FUNCTION_5  pid_task.o
    0x08003c48   0x08003c48   0x00000008   Code   RO          418    .text.OUTLINED_FUNCTION_5  stm32f4xx_hal_pcd.o
    0x08003c50   0x08003c50   0x00000010   Code   RO          556    .text.OUTLINED_FUNCTION_5  stm32f4xx_ll_usb.o
    0x08003c60   0x08003c60   0x00000008   Code   RO         1733    .text.OUTLINED_FUNCTION_5  stm32f4xx_hal_uart.o
    0x08003c68   0x08003c68   0x00000006   Code   RO         1903    .text.OUTLINED_FUNCTION_5  queue.o
    0x08003c6e   0x08003c6e   0x00000006   Code   RO         2084    .text.OUTLINED_FUNCTION_5  tasks.o
    0x08003c74   0x08003c74   0x0000000e   Code   RO         1426    .text.OUTLINED_FUNCTION_55  stm32f4xx_hal_tim.o
    0x08003c82   0x08003c82   0x0000000a   Code   RO         1434    .text.OUTLINED_FUNCTION_59  stm32f4xx_hal_tim.o
    0x08003c8c   0x08003c8c   0x0000000e   Code   RO           54    .text.OUTLINED_FUNCTION_6  pid_task.o
    0x08003c9a   0x08003c9a   0x0000000c   Code   RO          420    .text.OUTLINED_FUNCTION_6  stm32f4xx_hal_pcd.o
    0x08003ca6   0x08003ca6   0x0000001c   Code   RO         1735    .text.OUTLINED_FUNCTION_6  stm32f4xx_hal_uart.o
    0x08003cc2   0x08003cc2   0x0000000c   Code   RO         2086    .text.OUTLINED_FUNCTION_6  tasks.o
    0x08003cce   0x08003cce   0x0000000e   Code   RO          422    .text.OUTLINED_FUNCTION_7  stm32f4xx_hal_pcd.o
    0x08003cdc   0x08003cdc   0x0000000c   Code   RO         1737    .text.OUTLINED_FUNCTION_7  stm32f4xx_hal_uart.o
    0x08003ce8   0x08003ce8   0x00000008   Code   RO         2088    .text.OUTLINED_FUNCTION_7  tasks.o
    0x08003cf0   0x08003cf0   0x0000000a   Code   RO          562    .text.OUTLINED_FUNCTION_8  stm32f4xx_ll_usb.o
    0x08003cfa   0x08003cfa   0x0000000e   Code   RO         1332    .text.OUTLINED_FUNCTION_8  stm32f4xx_hal_tim.o
    0x08003d08   0x08003d08   0x00000016   Code   RO          564    .text.OUTLINED_FUNCTION_9  stm32f4xx_ll_usb.o
    0x08003d1e   0x08003d1e   0x0000000e   Code   RO         1334    .text.OUTLINED_FUNCTION_9  stm32f4xx_hal_tim.o
    0x08003d2c   0x08003d2c   0x00000008   Code   RO         2092    .text.OUTLINED_FUNCTION_9  tasks.o
    0x08003d34   0x08003d34   0x00000076   Code   RO         2364    .text.PID_Control   pid.o
    0x08003daa   0x08003daa   0x0000006a   Code   RO         2368    .text.PID_Control_Smis  pid.o
    0x08003e14   0x08003e14   0x00000300   Code   RO           22    .text.PID_Task      pid_task.o
    0x08004114   0x08004114   0x0000000c   PAD
    0x08004120   0x08004120   0x00000064   Code   RO         2272    .text.PendSV_Handler  port.o
    0x08004184   0x08004184   0x00000054   Code   RO           24    .text.RAMP_self     pid_task.o
    0x080041d8   0x080041d8   0x00000054   Code   RO           87    .text.RAMP_selfs    servos_task.o
    0x0800422c   0x0800422c   0x0000002c   Code   RO           13    .text.RGB_init      task_init.o
    0x08004258   0x08004258   0x000000a8   Code   RO         2340    .text.RM3508_Receive  motor.o
    0x08004300   0x08004300   0x00000024   Code   RO         2256    .text.SVC_Handler   port.o
    0x08004324   0x08004324   0x00000004   Code   RO         2680    .text.SWAPBYTE      usbd_ctlreq.o
    0x08004328   0x08004328   0x0000000e   Code   RO           97    .text.Shut          servos_task.o
    0x08004336   0x08004336   0x00000016   Code   RO          195    .text.StartDefaultTask  freertos.o
    0x0800434c   0x0800434c   0x0000002c   Code   RO         2274    .text.SysTick_Handler  port.o
    0x08004378   0x08004378   0x000000a0   Code   RO          164    .text.SystemClock_Config  main.o
    0x08004418   0x08004418   0x00000010   Code   RO         1773    .text.SystemInit    system_stm32f4xx.o
    0x08004428   0x08004428   0x0000000c   Code   RO          296    .text.TIM2_IRQHandler  stm32f4xx_it.o
    0x08004434   0x08004434   0x000000e0   Code   RO         1088    .text.TIM_Base_SetConfig  stm32f4xx_hal_tim.o
    0x08004514   0x08004514   0x0000001e   Code   RO         1122    .text.TIM_CCxChannelCmd  stm32f4xx_hal_tim.o
    0x08004532   0x08004532   0x00000002   PAD
    0x08004534   0x08004534   0x00000060   Code   RO         1232    .text.TIM_OC1_SetConfig  stm32f4xx_hal_tim.o
    0x08004594   0x08004594   0x00000064   Code   RO         1234    .text.TIM_OC2_SetConfig  stm32f4xx_hal_tim.o
    0x080045f8   0x080045f8   0x00000064   Code   RO         1236    .text.TIM_OC3_SetConfig  stm32f4xx_hal_tim.o
    0x0800465c   0x0800465c   0x0000004c   Code   RO         1238    .text.TIM_OC4_SetConfig  stm32f4xx_hal_tim.o
    0x080046a8   0x080046a8   0x00000084   Code   RO          298    .text.UART4_IRQHandler  stm32f4xx_it.o
    0x0800472c   0x0800472c   0x0000004c   Code   RO         1637    .text.UART_DMAError  stm32f4xx_hal_uart.o
    0x08004778   0x08004778   0x00000078   Code   RO         1719    .text.UART_DMAReceiveCplt  stm32f4xx_hal_uart.o
    0x080047f0   0x080047f0   0x00000018   Code   RO         1721    .text.UART_DMARxHalfCplt  stm32f4xx_hal_uart.o
    0x08004808   0x08004808   0x00000048   Code   RO         1651    .text.UART_EndRxTransfer  stm32f4xx_hal_uart.o
    0x08004850   0x08004850   0x0000001c   Code   RO         1649    .text.UART_EndTxTransfer  stm32f4xx_hal_uart.o
    0x0800486c   0x0800486c   0x000000ac   Code   RO         1607    .text.UART_SetConfig  stm32f4xx_hal_uart.o
    0x08004918   0x08004918   0x0000008c   Code   RO         1641    .text.UART_Start_Receive_DMA  stm32f4xx_hal_uart.o
    0x080049a4   0x080049a4   0x00000074   Code   RO         2725    .text.USBD_CDC_DataIn  usbd_cdc.o
    0x08004a18   0x08004a18   0x0000003c   Code   RO         2727    .text.USBD_CDC_DataOut  usbd_cdc.o
    0x08004a54   0x08004a54   0x0000005a   Code   RO         2719    .text.USBD_CDC_DeInit  usbd_cdc.o
    0x08004aae   0x08004aae   0x00000002   PAD
    0x08004ab0   0x08004ab0   0x0000003a   Code   RO         2723    .text.USBD_CDC_EP0_RxReady  usbd_cdc.o
    0x08004aea   0x08004aea   0x00000002   PAD
    0x08004aec   0x08004aec   0x00000010   Code   RO         2735    .text.USBD_CDC_GetDeviceQualifierDescriptor  usbd_cdc.o
    0x08004afc   0x08004afc   0x00000052   Code   RO         2731    .text.USBD_CDC_GetFSCfgDesc  usbd_cdc.o
    0x08004b4e   0x08004b4e   0x00000002   PAD
    0x08004b50   0x08004b50   0x00000056   Code   RO         2729    .text.USBD_CDC_GetHSCfgDesc  usbd_cdc.o
    0x08004ba6   0x08004ba6   0x00000002   PAD
    0x08004ba8   0x08004ba8   0x00000052   Code   RO         2733    .text.USBD_CDC_GetOtherSpeedCfgDesc  usbd_cdc.o
    0x08004bfa   0x08004bfa   0x00000002   PAD
    0x08004bfc   0x08004bfc   0x000000d4   Code   RO         2717    .text.USBD_CDC_Init  usbd_cdc.o
    0x08004cd0   0x08004cd0   0x00000032   Code   RO         2745    .text.USBD_CDC_ReceivePacket  usbd_cdc.o
    0x08004d02   0x08004d02   0x00000002   PAD
    0x08004d04   0x08004d04   0x00000018   Code   RO         2737    .text.USBD_CDC_RegisterInterface  usbd_cdc.o
    0x08004d1c   0x08004d1c   0x0000001a   Code   RO         2741    .text.USBD_CDC_SetRxBuffer  usbd_cdc.o
    0x08004d36   0x08004d36   0x00000002   PAD
    0x08004d38   0x08004d38   0x0000001e   Code   RO         2739    .text.USBD_CDC_SetTxBuffer  usbd_cdc.o
    0x08004d56   0x08004d56   0x00000002   PAD
    0x08004d58   0x08004d58   0x0000011a   Code   RO         2721    .text.USBD_CDC_Setup  usbd_cdc.o
    0x08004e72   0x08004e72   0x00000002   PAD
    0x08004e74   0x08004e74   0x00000012   Code   RO         2614    .text.USBD_ClrClassConfig  usbd_core.o
    0x08004e86   0x08004e86   0x00000002   PAD
    0x08004e88   0x08004e88   0x00000026   Code   RO         2670    .text.USBD_ClrFeature  usbd_ctlreq.o
    0x08004eae   0x08004eae   0x00000002   PAD
    0x08004eb0   0x08004eb0   0x00000004   Code   RO         2622    .text.USBD_CoreFindEP  usbd_core.o
    0x08004eb4   0x08004eb4   0x00000004   Code   RO         2620    .text.USBD_CoreFindIF  usbd_core.o
    0x08004eb8   0x08004eb8   0x00000010   Code   RO         2701    .text.USBD_CtlContinueRx  usbd_ioreq.o
    0x08004ec8   0x08004ec8   0x00000010   Code   RO         2697    .text.USBD_CtlContinueSendData  usbd_ioreq.o
    0x08004ed8   0x08004ed8   0x00000014   Code   RO         2672    .text.USBD_CtlError  usbd_ctlreq.o
    0x08004eec   0x08004eec   0x0000001a   Code   RO         2699    .text.USBD_CtlPrepareRx  usbd_ioreq.o
    0x08004f06   0x08004f06   0x00000002   PAD
    0x08004f08   0x08004f08   0x00000016   Code   RO         2705    .text.USBD_CtlReceiveStatus  usbd_ioreq.o
    0x08004f1e   0x08004f1e   0x00000002   PAD
    0x08004f20   0x08004f20   0x0000001a   Code   RO         2695    .text.USBD_CtlSendData  usbd_ioreq.o
    0x08004f3a   0x08004f3a   0x00000002   PAD
    0x08004f3c   0x08004f3c   0x00000016   Code   RO         2703    .text.USBD_CtlSendStatus  usbd_ioreq.o
    0x08004f52   0x08004f52   0x00000002   PAD
    0x08004f54   0x08004f54   0x00000024   Code   RO         2488    .text.USBD_FS_ConfigStrDescriptor  usbd_desc.o
    0x08004f78   0x08004f78   0x0000000e   Code   RO         2478    .text.USBD_FS_DeviceDescriptor  usbd_desc.o
    0x08004f86   0x08004f86   0x00000002   PAD
    0x08004f88   0x08004f88   0x00000028   Code   RO         2490    .text.USBD_FS_InterfaceStrDescriptor  usbd_desc.o
    0x08004fb0   0x08004fb0   0x0000000e   Code   RO         2480    .text.USBD_FS_LangIDStrDescriptor  usbd_desc.o
    0x08004fbe   0x08004fbe   0x00000002   PAD
    0x08004fc0   0x08004fc0   0x0000002c   Code   RO         2482    .text.USBD_FS_ManufacturerStrDescriptor  usbd_desc.o
    0x08004fec   0x08004fec   0x00000030   Code   RO         2484    .text.USBD_FS_ProductStrDescriptor  usbd_desc.o
    0x0800501c   0x0800501c   0x0000000e   Code   RO         2486    .text.USBD_FS_SerialStrDescriptor  usbd_desc.o
    0x0800502a   0x0800502a   0x00000002   PAD
    0x0800502c   0x0800502c   0x00000030   Code   RO         2664    .text.USBD_GetConfig  usbd_ctlreq.o
    0x0800505c   0x0800505c   0x00000106   Code   RO         2658    .text.USBD_GetDescriptor  usbd_ctlreq.o
    0x08005162   0x08005162   0x00000002   PAD
    0x08005164   0x08005164   0x0000004a   Code   RO         2644    .text.USBD_GetEpDesc  usbd_core.o
    0x080051ae   0x080051ae   0x00000002   PAD
    0x080051b0   0x080051b0   0x0000001e   Code   RO         2684    .text.USBD_GetLen   usbd_ctlreq.o
    0x080051ce   0x080051ce   0x00000002   PAD
    0x080051d0   0x080051d0   0x0000000c   Code   RO         2646    .text.USBD_GetNextDesc  usbd_core.o
    0x080051dc   0x080051dc   0x00000032   Code   RO         2666    .text.USBD_GetStatus  usbd_ctlreq.o
    0x0800520e   0x0800520e   0x00000002   PAD
    0x08005210   0x08005210   0x00000044   Code   RO         2682    .text.USBD_GetString  usbd_ctlreq.o
    0x08005254   0x08005254   0x0000001a   Code   RO         2558    .text.USBD_Get_USB_Status  usbd_conf.o
    0x0800526e   0x0800526e   0x00000002   PAD
    0x08005270   0x08005270   0x0000002e   Code   RO         2600    .text.USBD_Init     usbd_core.o
    0x0800529e   0x0800529e   0x00000002   PAD
    0x080052a0   0x080052a0   0x00000010   Code   RO         2572    .text.USBD_LL_ClearStallEP  usbd_conf.o
    0x080052b0   0x080052b0   0x00000010   Code   RO         2566    .text.USBD_LL_CloseEP  usbd_conf.o
    0x080052c0   0x080052c0   0x000000b2   Code   RO         2624    .text.USBD_LL_DataInStage  usbd_core.o
    0x08005372   0x08005372   0x00000002   PAD
    0x08005374   0x08005374   0x00000078   Code   RO         2618    .text.USBD_LL_DataOutStage  usbd_core.o
    0x080053ec   0x080053ec   0x00000004   Code   RO         2640    .text.USBD_LL_DevConnected  usbd_core.o
    0x080053f0   0x080053f0   0x00000020   Code   RO         2642    .text.USBD_LL_DevDisconnected  usbd_core.o
    0x08005410   0x08005410   0x0000000c   Code   RO         2582    .text.USBD_LL_GetRxDataSize  usbd_conf.o
    0x0800541c   0x0800541c   0x0000006a   Code   RO         2554    .text.USBD_LL_Init  usbd_conf.o
    0x08005486   0x08005486   0x00000002   PAD
    0x08005488   0x08005488   0x00000020   Code   RO         2574    .text.USBD_LL_IsStallEP  usbd_conf.o
    0x080054a8   0x080054a8   0x00000026   Code   RO         2636    .text.USBD_LL_IsoINIncomplete  usbd_core.o
    0x080054ce   0x080054ce   0x00000002   PAD
    0x080054d0   0x080054d0   0x00000026   Code   RO         2638    .text.USBD_LL_IsoOUTIncomplete  usbd_core.o
    0x080054f6   0x080054f6   0x00000002   PAD
    0x080054f8   0x080054f8   0x00000016   Code   RO         2564    .text.USBD_LL_OpenEP  usbd_conf.o
    0x0800550e   0x0800550e   0x00000002   PAD
    0x08005510   0x08005510   0x00000010   Code   RO         2580    .text.USBD_LL_PrepareReceive  usbd_conf.o
    0x08005520   0x08005520   0x00000064   Code   RO         2626    .text.USBD_LL_Reset  usbd_core.o
    0x08005584   0x08005584   0x00000014   Code   RO         2632    .text.USBD_LL_Resume  usbd_core.o
    0x08005598   0x08005598   0x0000001c   Code   RO         2634    .text.USBD_LL_SOF   usbd_core.o
    0x080055b4   0x080055b4   0x00000008   Code   RO         2628    .text.USBD_LL_SetSpeed  usbd_core.o
    0x080055bc   0x080055bc   0x00000010   Code   RO         2576    .text.USBD_LL_SetUSBAddress  usbd_conf.o
    0x080055cc   0x080055cc   0x00000058   Code   RO         2616    .text.USBD_LL_SetupStage  usbd_core.o
    0x08005624   0x08005624   0x00000010   Code   RO         2570    .text.USBD_LL_StallEP  usbd_conf.o
    0x08005634   0x08005634   0x00000010   Code   RO         2560    .text.USBD_LL_Start  usbd_conf.o
    0x08005644   0x08005644   0x0000001c   Code   RO         2630    .text.USBD_LL_Suspend  usbd_core.o
    0x08005660   0x08005660   0x00000010   Code   RO         2578    .text.USBD_LL_Transmit  usbd_conf.o
    0x08005670   0x08005670   0x00000028   Code   RO         2678    .text.USBD_ParseSetupRequest  usbd_ctlreq.o
    0x08005698   0x08005698   0x00000042   Code   RO         2604    .text.USBD_RegisterClass  usbd_core.o
    0x080056da   0x080056da   0x00000002   PAD
    0x080056dc   0x080056dc   0x00000046   Code   RO         2660    .text.USBD_SetAddress  usbd_ctlreq.o
    0x08005722   0x08005722   0x00000002   PAD
    0x08005724   0x08005724   0x00000012   Code   RO         2612    .text.USBD_SetClassConfig  usbd_core.o
    0x08005736   0x08005736   0x00000002   PAD
    0x08005738   0x08005738   0x000000b8   Code   RO         2662    .text.USBD_SetConfig  usbd_ctlreq.o
    0x080057f0   0x080057f0   0x0000002a   Code   RO         2668    .text.USBD_SetFeature  usbd_ctlreq.o
    0x0800581a   0x0800581a   0x00000002   PAD
    0x0800581c   0x0800581c   0x00000008   Code   RO         2606    .text.USBD_Start    usbd_core.o
    0x08005824   0x08005824   0x00000076   Code   RO         2656    .text.USBD_StdDevReq  usbd_ctlreq.o
    0x0800589a   0x0800589a   0x00000002   PAD
    0x0800589c   0x0800589c   0x00000180   Code   RO         2676    .text.USBD_StdEPReq  usbd_ctlreq.o
    0x08005a1c   0x08005a1c   0x0000007c   Code   RO         2674    .text.USBD_StdItfReq  usbd_ctlreq.o
    0x08005a98   0x08005a98   0x00000002   Code   RO         2586    .text.USBD_static_free  usbd_conf.o
    0x08005a9a   0x08005a9a   0x00000002   PAD
    0x08005a9c   0x08005a9c   0x0000000a   Code   RO         2584    .text.USBD_static_malloc  usbd_conf.o
    0x08005aa6   0x08005aa6   0x00000002   PAD
    0x08005aa8   0x08005aa8   0x00000070   Code   RO          472    .text.USB_ActivateEndpoint  stm32f4xx_ll_usb.o
    0x08005b18   0x08005b18   0x0000001a   Code   RO          514    .text.USB_ActivateSetup  stm32f4xx_ll_usb.o
    0x08005b32   0x08005b32   0x00000002   PAD
    0x08005b34   0x08005b34   0x00000084   Code   RO          448    .text.USB_CoreInit  stm32f4xx_ll_usb.o
    0x08005bb8   0x08005bb8   0x0000003e   Code   RO          450    .text.USB_CoreReset  stm32f4xx_ll_usb.o
    0x08005bf6   0x08005bf6   0x00000002   PAD
    0x08005bf8   0x08005bf8   0x0000006c   Code   RO          476    .text.USB_DeactivateEndpoint  stm32f4xx_ll_usb.o
    0x08005c64   0x08005c64   0x00000018   Code   RO          496    .text.USB_DevConnect  stm32f4xx_ll_usb.o
    0x08005c7c   0x08005c7c   0x00000018   Code   RO          498    .text.USB_DevDisconnect  stm32f4xx_ll_usb.o
    0x08005c94   0x08005c94   0x0000018c   Code   RO          462    .text.USB_DevInit   stm32f4xx_ll_usb.o
    0x08005e20   0x08005e20   0x0000000c   Code   RO          456    .text.USB_DisableGlobalInt  stm32f4xx_ll_usb.o
    0x08005e2c   0x08005e2c   0x00000058   Code   RO          516    .text.USB_EP0_OutStart  stm32f4xx_ll_usb.o
    0x08005e84   0x08005e84   0x00000030   Code   RO          490    .text.USB_EPClearStall  stm32f4xx_ll_usb.o
    0x08005eb4   0x08005eb4   0x00000036   Code   RO          488    .text.USB_EPSetStall  stm32f4xx_ll_usb.o
    0x08005eea   0x08005eea   0x00000002   PAD
    0x08005eec   0x08005eec   0x000001a4   Code   RO          480    .text.USB_EPStartXfer  stm32f4xx_ll_usb.o
    0x08006090   0x08006090   0x0000006c   Code   RO          484    .text.USB_EPStopXfer  stm32f4xx_ll_usb.o
    0x080060fc   0x080060fc   0x0000000c   Code   RO          454    .text.USB_EnableGlobalInt  stm32f4xx_ll_usb.o
    0x08006108   0x08006108   0x0000003a   Code   RO          468    .text.USB_FlushRxFifo  stm32f4xx_ll_usb.o
    0x08006142   0x08006142   0x00000040   Code   RO          466    .text.USB_FlushTxFifo  stm32f4xx_ll_usb.o
    0x08006182   0x08006182   0x0000001e   Code   RO          470    .text.USB_GetDevSpeed  stm32f4xx_ll_usb.o
    0x080061a0   0x080061a0   0x00000008   Code   RO          460    .text.USB_GetMode   stm32f4xx_ll_usb.o
    0x080061a8   0x080061a8   0x0000000e   Code   RO          506    .text.USB_ReadDevAllInEpInterrupt  stm32f4xx_ll_usb.o
    0x080061b6   0x080061b6   0x0000000e   Code   RO          504    .text.USB_ReadDevAllOutEpInterrupt  stm32f4xx_ll_usb.o
    0x080061c4   0x080061c4   0x00000024   Code   RO          510    .text.USB_ReadDevInEPInterrupt  stm32f4xx_ll_usb.o
    0x080061e8   0x080061e8   0x00000010   Code   RO          508    .text.USB_ReadDevOutEPInterrupt  stm32f4xx_ll_usb.o
    0x080061f8   0x080061f8   0x00000008   Code   RO          500    .text.USB_ReadInterrupts  stm32f4xx_ll_usb.o
    0x08006200   0x08006200   0x00000036   Code   RO          486    .text.USB_ReadPacket  stm32f4xx_ll_usb.o
    0x08006236   0x08006236   0x00000066   Code   RO          458    .text.USB_SetCurrentMode  stm32f4xx_ll_usb.o
    0x0800629c   0x0800629c   0x00000020   Code   RO          494    .text.USB_SetDevAddress  stm32f4xx_ll_usb.o
    0x080062bc   0x080062bc   0x000000f0   Code   RO          452    .text.USB_SetTurnaroundTime  stm32f4xx_ll_usb.o
    0x080063ac   0x080063ac   0x00000022   Code   RO          482    .text.USB_WritePacket  stm32f4xx_ll_usb.o
    0x080063ce   0x080063ce   0x00000002   Code   RO          286    .text.UsageFault_Handler  stm32f4xx_it.o
    0x080063d0   0x080063d0   0x00000010   Code   RO           40    .text.VCOMM_CallBack  pid_task.o
    0x080063e0   0x080063e0   0x00000002   Code   RO         2445    .text.VCOMM_Error_CallBack  vcomcomm.o
    0x080063e2   0x080063e2   0x00000056   Code   RO         2443    .text.VCOMM_Receive_FS  vcomcomm.o
    0x08006438   0x08006438   0x0000000e   Code   RO         2324    .text.Verify_CRC16_Check_Sum  crc.o
    0x08006446   0x08006446   0x00000002   PAD
    0x08006448   0x08006448   0x00000024   Code   RO          852    .text.__NVIC_SetPriority  stm32f4xx_hal_cortex.o
    0x0800646c   0x0800646c   0x0000006c   Code   RO           28    .text.jiaqu         pid_task.o
    0x080064d8   0x080064d8   0x00000090   Code   RO          162    .text.main          main.o
    0x08006568   0x08006568   0x000000e0   Code   RO          127    .text.odrive_can_write  odrive_set.o
    0x08006648   0x08006648   0x00000010   Code   RO         2128    .text.osDelay       cmsis_os.o
    0x08006658   0x08006658   0x0000000a   Code   RO         2110    .text.osKernelStart  cmsis_os.o
    0x08006662   0x08006662   0x00000054   Code   RO         2116    .text.osThreadCreate  cmsis_os.o
    0x080066b6   0x080066b6   0x00000002   PAD
    0x080066b8   0x080066b8   0x00000068   Code   RO         1990    .text.prvAddCurrentTaskToDelayedList  tasks.o
    0x08006720   0x08006720   0x000000b8   Code   RO         1976    .text.prvAddNewTaskToReadyList  tasks.o
    0x080067d8   0x080067d8   0x00000070   Code   RO         1853    .text.prvCopyDataToQueue  queue.o
    0x08006848   0x08006848   0x00000036   Code   RO         1982    .text.prvDeleteTCB  tasks.o
    0x0800687e   0x0800687e   0x00000002   PAD
    0x08006880   0x08006880   0x00000054   Code   RO         2014    .text.prvIdleTask   tasks.o
    0x080068d4   0x080068d4   0x00000014   Code   RO         1841    .text.prvInitialiseNewQueue  queue.o
    0x080068e8   0x080068e8   0x00000086   Code   RO         1974    .text.prvInitialiseNewTask  tasks.o
    0x0800696e   0x0800696e   0x00000002   PAD
    0x08006970   0x08006970   0x00000044   Code   RO         2230    .text.prvInsertBlockIntoFreeList  heap_4.o
    0x080069b4   0x080069b4   0x00000016   Code   RO         1865    .text.prvIsQueueEmpty  queue.o
    0x080069ca   0x080069ca   0x00000002   PAD
    0x080069cc   0x080069cc   0x00000028   Code   RO         2264    .text.prvPortStartFirstTask  port.o
    0x080069f4   0x080069f4   0x00000020   Code   RO         1984    .text.prvResetNextTaskUnblockTime  tasks.o
    0x08006a14   0x08006a14   0x00000030   Code   RO         2254    .text.prvTaskExitError  port.o
    0x08006a44   0x08006a44   0x00000062   Code   RO         1855    .text.prvUnlockQueue  queue.o
    0x08006aa6   0x08006aa6   0x00000002   PAD
    0x08006aa8   0x08006aa8   0x00000134   Code   RO         2228    .text.pvPortMalloc  heap_4.o
    0x08006bdc   0x08006bdc   0x00000018   Code   RO         2058    .text.pvTaskIncrementMutexHeldCount  tasks.o
    0x08006bf4   0x08006bf4   0x00000024   Code   RO         2252    .text.pxPortInitialiseStack  port.o
    0x08006c18   0x08006c18   0x0000003e   Code   RO           89    .text.setPos_put    servos_task.o
    0x08006c56   0x08006c56   0x00000002   PAD
    0x08006c58   0x08006c58   0x000000e4   Code   RO           11    .text.task_Init     task_init.o
    0x08006d3c   0x08006d3c   0x00000022   Code   RO         1827    .text.uxListRemove  list.o
    0x08006d5e   0x08006d5e   0x00000002   PAD
    0x08006d60   0x08006d60   0x00000018   Code   RO          191    .text.vApplicationGetIdleTaskMemory  freertos.o
    0x08006d78   0x08006d78   0x00000054   Code   RO           91    .text.vBlue_Brick_Init  servos_task.o
    0x08006dcc   0x08006dcc   0x00000016   Code   RO         1819    .text.vListInitialise  list.o
    0x08006de2   0x08006de2   0x00000006   Code   RO         1821    .text.vListInitialiseItem  list.o
    0x08006de8   0x08006de8   0x0000002e   Code   RO         1825    .text.vListInsert   list.o
    0x08006e16   0x08006e16   0x0000001a   Code   RO         1823    .text.vListInsertEnd  list.o
    0x08006e30   0x08006e30   0x00000064   Code   RO           32    .text.vN5055_task   pid_task.o
    0x08006e94   0x08006e94   0x00000014   Code   RO         2262    .text.vPortEnableVFP  port.o
    0x08006ea8   0x08006ea8   0x00000038   Code   RO         2268    .text.vPortEnterCritical  port.o
    0x08006ee0   0x08006ee0   0x0000002c   Code   RO         2270    .text.vPortExitCritical  port.o
    0x08006f0c   0x08006f0c   0x00000074   Code   RO         2232    .text.vPortFree     heap_4.o
    0x08006f80   0x08006f80   0x00000028   Code   RO         2260    .text.vPortSetupTimerInterrupt  port.o
    0x08006fa8   0x08006fa8   0x0000004c   Code   RO           93    .text.vPuttor_task  servos_task.o
    0x08006ff4   0x08006ff4   0x00000040   Code   RO         1994    .text.vTaskDelay    tasks.o
    0x08007034   0x08007034   0x00000088   Code   RO         1986    .text.vTaskDelayUntil  tasks.o
    0x080070bc   0x080070bc   0x000000a0   Code   RO         1980    .text.vTaskDelete   tasks.o
    0x0800715c   0x0800715c   0x0000000c   Code   RO         2040    .text.vTaskInternalSetTimeOutState  tasks.o
    0x08007168   0x08007168   0x00000008   Code   RO         2044    .text.vTaskMissedYield  tasks.o
    0x08007170   0x08007170   0x00000030   Code   RO         2030    .text.vTaskPlaceOnEventList  tasks.o
    0x080071a0   0x080071a0   0x00000090   Code   RO         2054    .text.vTaskPriorityDisinheritAfterTimeout  tasks.o
    0x08007230   0x08007230   0x00000060   Code   RO         2012    .text.vTaskStartScheduler  tasks.o
    0x08007290   0x08007290   0x0000000c   Code   RO         1988    .text.vTaskSuspendAll  tasks.o
    0x0800729c   0x0800729c   0x00000060   Code   RO         2004    .text.vTaskSwitchContext  tasks.o
    0x080072fc   0x080072fc   0x000000e4   Code   RO         2258    .text.xPortStartScheduler  port.o
    0x080073e0   0x080073e0   0x0000003e   Code   RO         1843    .text.xQueueGenericCreate  queue.o
    0x0800741e   0x0800741e   0x00000002   PAD
    0x08007420   0x08007420   0x0000007c   Code   RO         1837    .text.xQueueGenericReset  queue.o
    0x0800749c   0x0800749c   0x0000017c   Code   RO         1851    .text.xQueueGenericSend  queue.o
    0x08007618   0x08007618   0x0000018c   Code   RO         1867    .text.xQueueSemaphoreTake  queue.o
    0x080077a4   0x080077a4   0x0000006c   Code   RO         2042    .text.xTaskCheckForTimeOut  tasks.o
    0x08007810   0x08007810   0x00000058   Code   RO         1978    .text.xTaskCreate   tasks.o
    0x08007868   0x08007868   0x00000070   Code   RO         1972    .text.xTaskCreateStatic  tasks.o
    0x080078d8   0x080078d8   0x00000018   Code   RO         2048    .text.xTaskGetSchedulerState  tasks.o
    0x080078f0   0x080078f0   0x00000008   Code   RO         2020    .text.xTaskGetTickCount  tasks.o
    0x080078f8   0x080078f8   0x000000cc   Code   RO         2018    .text.xTaskIncrementTick  tasks.o
    0x080079c4   0x080079c4   0x00000090   Code   RO         2052    .text.xTaskPriorityDisinherit  tasks.o
    0x08007a54   0x08007a54   0x00000084   Code   RO         2050    .text.xTaskPriorityInherit  tasks.o
    0x08007ad8   0x08007ad8   0x0000005c   Code   RO         2034    .text.xTaskRemoveFromEventList  tasks.o
    0x08007b34   0x08007b34   0x000000c4   Code   RO         1992    .text.xTaskResumeAll  tasks.o
    0x08007bf8   0x08007bf8   0x00000030   Code   RO         2822    i.__ARM_fpclassify  m_wm.l(fpclassify.o)
    0x08007c28   0x08007c28   0x00000358   Code   RO         2757    i.__hardfp_acos     m_wm.l(acos.o)
    0x08007f80   0x08007f80   0x00000360   Code   RO         2764    i.__hardfp_asin     m_wm.l(asin.o)
    0x080082e0   0x080082e0   0x0000003a   Code   RO         2771    i.__hardfp_sqrtf    m_wm.l(sqrtf.o)
    0x0800831a   0x0800831a   0x000000f8   Code   RO         2824    i.__kernel_poly     m_wm.l(poly.o)
    0x08008412   0x08008412   0x00000014   Code   RO         2803    i.__mathlib_dbl_infnan  m_wm.l(dunder.o)
    0x08008426   0x08008426   0x00000002   PAD
    0x08008428   0x08008428   0x00000020   Code   RO         2805    i.__mathlib_dbl_invalid  m_wm.l(dunder.o)
    0x08008448   0x08008448   0x00000020   Code   RO         2808    i.__mathlib_dbl_underflow  m_wm.l(dunder.o)
    0x08008468   0x08008468   0x0000000e   Code   RO         2872    i.__scatterload_copy  mc_w.l(handlers.o)
    0x08008476   0x08008476   0x00000002   Code   RO         2873    i.__scatterload_null  mc_w.l(handlers.o)
    0x08008478   0x08008478   0x0000000e   Code   RO         2874    i.__scatterload_zeroinit  mc_w.l(handlers.o)
    0x08008486   0x08008486   0x00000002   PAD
    0x08008488   0x08008488   0x0000000c   Code   RO         2854    i.__set_errno       mc_w.l(errno.o)
    0x08008494   0x08008494   0x00000018   Code   RO         2818    i.fabs              m_wm.l(fabs.o)
    0x080084ac   0x080084ac   0x0000006e   Code   RO         2828    i.sqrt              m_wm.l(sqrt.o)
    0x0800851a   0x0800851a   0x00000006   PAD
    0x08008520   0x08008520   0x00000050   Data   RO         2760    .constdata          m_wm.l(acos.o)
    0x08008570   0x08008570   0x00000050   Data   RO         2767    .constdata          m_wm.l(asin.o)
    0x080085c0   0x080085c0   0x0000001c   Data   RO          200    .rodata..L__const.MX_FREERTOS_Init.os_thread_def_defaultTask  freertos.o
    0x080085dc   0x080085dc   0x00000010   Data   RO         1778    .rodata.AHBPrescTable  system_stm32f4xx.o
    0x080085ec   0x080085ec   0x00000008   Data   RO         1779    .rodata.APBPrescTable  system_stm32f4xx.o
    0x080085f4   0x080085f4   0x0000000c   Data   RO          199    .rodata.str1.1      freertos.o
    0x08008600   0x08008600   0x00000200   Data   RO         2327    .rodata.wCRC_Table  crc.o
    0x08008800   0x08008800   0x00000020   Data   RO         2871    Region$$Table       anon$$obj.o


    Execution Region RW_IRAM1 (Exec base: 0x20000000, Load base: 0x08008820, Size: 0x00006748, Max: 0x0001c000, ABSOLUTE, COMPRESSED[0x00000130])

    Exec Addr    Load Addr    Size         Type   Attr      Idx    E Section Name        Object

    0x20000000   COMPRESSED   0x00000004   Data   RW         2855    .data               mc_w.l(errno.o)
    0x20000004   COMPRESSED   0x00000060   Data   RW           76    .data..L_MergedGlobals  pid_task.o
    0x20000064   COMPRESSED   0x0000003c   Data   RW          101    .data..L_MergedGlobals  servos_task.o
    0x200000a0   COMPRESSED   0x00000008   Data   RW          959    .data..L_MergedGlobals  stm32f4xx_hal.o
    0x200000a8   COMPRESSED   0x0000001c   Data   RW         2492    .data.FS_Desc       usbd_desc.o
    0x200000c4   COMPRESSED   0x00000070   Data   RW           62    .data.M2006_Angle   pid_task.o
    0x20000134   COMPRESSED   0x00000080   Data   RW           61    .data.M2006_Speed   pid_task.o
    0x200001b4   COMPRESSED   0x00000080   Data   RW           59    .data.PID_wheel_speed  pid_task.o
    0x20000234   COMPRESSED   0x00000004   Data   RW         1777    .data.SystemCoreClock  system_stm32f4xx.o
    0x20000238   COMPRESSED   0x00000038   Data   RW         2747    .data.USBD_CDC      usbd_cdc.o
    0x20000270   COMPRESSED   0x00000043   Data   RW         2749    .data.USBD_CDC_CfgDesc  usbd_cdc.o
    0x200002b3   COMPRESSED   0x00000001   PAD
    0x200002b4   COMPRESSED   0x0000000a   Data   RW         2748    .data.USBD_CDC_DeviceQualifierDesc  usbd_cdc.o
    0x200002be   COMPRESSED   0x00000002   PAD
    0x200002c0   COMPRESSED   0x00000012   Data   RW         2493    .data.USBD_FS_DeviceDesc  usbd_desc.o
    0x200002d2   COMPRESSED   0x00000002   PAD
    0x200002d4   COMPRESSED   0x00000014   Data   RW         2517    .data.USBD_Interface_fops_FS  usbd_cdc_if.o
    0x200002e8   COMPRESSED   0x00000004   Data   RW         2494    .data.USBD_LangIDDesc  usbd_desc.o
    0x200002ec   COMPRESSED   0x0000001a   Data   RW         2495    .data.USBD_StringSerial  usbd_desc.o
    0x20000306   COMPRESSED   0x00000002   PAD
    0x20000308   COMPRESSED   0x00000004   Data   RW         2278    .data.uxCriticalNesting  port.o
    0x2000030c   COMPRESSED   0x00000004   PAD
    0x20000310        -       0x00000070   Zero   RW          131    .bss..L_MergedGlobals  odrive_set.o
    0x20000380        -       0x00000078   Zero   RW         2099    .bss..L_MergedGlobals  tasks.o
    0x200003f8        -       0x00000020   Zero   RW         2243    .bss..L_MergedGlobals  heap_4.o
    0x20000418        -       0x00000008   Zero   RW         2279    .bss..L_MergedGlobals  port.o
    0x20000420        -       0x00000074   Zero   RW           77    .bss..L_MergedGlobals.1  pid_task.o
    0x20000494        -       0x00000008   Zero   RW          102    .bss..L_MergedGlobals.1  servos_task.o
    0x2000049c        -       0x00000068   Zero   RW          132    .bss..L_MergedGlobals.1  odrive_set.o
    0x20000504        -       0x00000028   Zero   RW         2100    .bss..L_MergedGlobals.1  tasks.o
    0x2000052c        -       0x00000060   Zero   RW           78    .bss..L_MergedGlobals.2  pid_task.o
    0x2000058c        -       0x00000004   Zero   RW           74    .bss.Angle_Handler  pid_task.o
    0x20000590        -       0x00000008   Zero   RW         2294    .bss.CAN1_buff      candrive.o
    0x20000598        -       0x00000008   Zero   RW         2295    .bss.CAN2_buff      candrive.o
    0x200005a0        -       0x00000018   Zero   RW           69    .bss.Expect_Speed   pid_task.o
    0x200005b8        -       0x00000004   Zero   RW          224    .bss.HAL_RCC_CAN1_CLK_ENABLED  can.o
    0x200005bc        -       0x00000004   Zero   RW           99    .bss.Lanuch_Handler  servos_task.o
    0x200005c0        -       0x00000004   Zero   RW           73    .bss.PID_Handler    pid_task.o
    0x200005c4        -       0x00000001   Zero   RW         2686    .bss.USBD_SetConfig.cfgidx  usbd_ctlreq.o
    0x200005c5   COMPRESSED   0x00000003   PAD
    0x200005c8        -       0x00000200   Zero   RW         2496    .bss.USBD_StrDesc   usbd_desc.o
    0x200007c8        -       0x00000220   Zero   RW         2591    .bss.USBD_static_malloc.mem  usbd_conf.o
    0x200009e8        -       0x00000800   Zero   RW         2518    .bss.UserRxBufferFS  usbd_cdc_if.o
    0x200011e8        -       0x00000800   Zero   RW         2519    .bss.UserTxBufferFS  usbd_cdc_if.o
    0x200019e8        -       0x00000004   Zero   RW          201    .bss.defaultTaskHandle  freertos.o
    0x200019ec        -       0x000002dc   Zero   RW         2471    .bss.hUsbDeviceFS   usb_device.o
    0x20001cc8        -       0x00000028   Zero   RW          222    .bss.hcan1          can.o
    0x20001cf0        -       0x00000028   Zero   RW          223    .bss.hcan2          can.o
    0x20001d18        -       0x00000060   Zero   RW          269    .bss.hdma_uart4_rx  usart.o
    0x20001d78        -       0x000004e4   Zero   RW         2590    .bss.hpcd_USB_OTG_FS  usbd_conf.o
    0x2000225c        -       0x00000048   Zero   RW          252    .bss.htim1          tim.o
    0x200022a4        -       0x00000048   Zero   RW          329    .bss.htim2          stm32f4xx_hal_timebase_tim.o
    0x200022ec        -       0x00000048   Zero   RW          253    .bss.htim4          tim.o
    0x20002334        -       0x00000048   Zero   RW          268    .bss.huart4         usart.o
    0x2000237c        -       0x000000a0   Zero   RW           63    .bss.motor_wheel_3508  pid_task.o
    0x2000241c        -       0x00000004   Zero   RW           68    .bss.myflag         pid_task.o
    0x20002420        -       0x0000008c   Zero   RW         2098    .bss.pxReadyTasksLists  tasks.o
    0x200024ac        -       0x0000000c   Zero   RW          129    .bss.rx_msg_0       odrive_set.o
    0x200024b8        -       0x0000000c   Zero   RW          130    .bss.rx_msg_1       odrive_set.o
    0x200024c4        -       0x00003c00   Zero   RW         2242    .bss.ucHeap         heap_4.o
    0x200060c4        -       0x00000023   Zero   RW          170    .bss.usart4_dma_buff  main.o
    0x200060e7   COMPRESSED   0x00000001   PAD
    0x200060e8        -       0x00000004   Zero   RW          958    .bss.uwTick         stm32f4xx_hal.o
    0x200060ec        -       0x00000004   Zero   RW           75    .bss.vN5055_Handle  pid_task.o
    0x200060f0        -       0x00000200   Zero   RW          198    .bss.xIdleStack     freertos.o
    0x200062f0        -       0x00000054   Zero   RW          197    .bss.xIdleTaskTCBBuffer  freertos.o
    0x20006344   COMPRESSED   0x00000004   PAD
    0x20006348        -       0x00000400   Zero   RW            1    STACK               startup_stm32f407xx.o


    Execution Region RW_IRAM2 (Exec base: 0x2001c000, Load base: 0x08008950, Size: 0x00000000, Max: 0x00004000, ABSOLUTE)

    **** No section assigned to this execution region ****


==============================================================================

Image component sizes


      Code (inc. data)   RO Data    RW Data    ZI Data      Debug   Object Name

       342         32          0          0         84       6533   can.o
       160          8          0          0         16       4096   candrive.o
       110          0          0          0          0      20379   cmsis_os.o
        62          4        512          0          0       1879   crc.o
        48          0          0          0          0       3258   dma.o
        86         16         40          0        600       2713   freertos.o
       238         12          0          0          0       2293   gpio.o
       492         12          0          0      15392       4659   heap_4.o
       134          0          0          0          0       2223   list.o
       322         32          0          0         35       6254   main.o
       322          8          0          0          0       6197   motor.o
       224         34          0          0        240       4398   odrive_set.o
       246          0          0          0          0       1676   pid.o
      2584        252          0        464        412      11957   pid_task.o
       692         64          0          4          8       3821   port.o
      1246          8          0          0          0      18987   queue.o
       212          4          0          0          0       7350   robomodule_drv.o
       440         40          0         60         12       3895   servos_task.o
        36          8        392          0       1024        812   startup_stm32f407xx.o
       116         12          0          8          4       7436   stm32f4xx_hal.o
      1540         10          0          0          0      13276   stm32f4xx_hal_can.o
       152         20          0          0          0      10349   stm32f4xx_hal_cortex.o
       940         20          0          0          0       9217   stm32f4xx_hal_dma.o
       448         24          0          0          0       5135   stm32f4xx_hal_gpio.o
        64          4          0          0          0       3326   stm32f4xx_hal_msp.o
      2586          4          0          0          0      16024   stm32f4xx_hal_pcd.o
        74          0          0          0          0       4344   stm32f4xx_hal_pcd_ex.o
      1314         52          0          0          0       7574   stm32f4xx_hal_rcc.o
      1598         96          0          0          0      47126   stm32f4xx_hal_tim.o
       190          0          0          0          0      20215   stm32f4xx_hal_tim_ex.o
       152         12          0          0         72       7239   stm32f4xx_hal_timebase_tim.o
       958         16          0          0          0      25624   stm32f4xx_hal_uart.o
       220         36          0          0          0       1948   stm32f4xx_it.o
      2424        100          0          0          0      25089   stm32f4xx_ll_usb.o
        16          4         24          4          0       2593   system_stm32f4xx.o
       272        100          0          0          0       1172   task_init.o
      2598         64          0          0        300      26087   tasks.o
       528         32          0          0        144       6613   tim.o
       228         24          0          0        168       6834   usart.o
       110          0          0          0        732       3071   usb_device.o
      1214         12          0        133          0      11633   usbd_cdc.o
        96          0          0         20       4096       2843   usbd_cdc_if.o
       686          0          0          0       1796      16610   usbd_conf.o
       932          0          0          0          0      10045   usbd_core.o
      1482         24          0          0          1      10118   usbd_ctlreq.o
       210         72          0         76        512       2692   usbd_desc.o
       128          0          0          0          0       4681   usbd_ioreq.o
        88          0          0          0          0       1832   vcomcomm.o

    ----------------------------------------------------------------------
     29500       1284       1000        776      25660     424126   Object Totals
         0          0         32          0          0          0   (incl. Generated)
       140         12          0          7         12          0   (incl. Padding)

    ----------------------------------------------------------------------

      Code (inc. data)   RO Data    RW Data    ZI Data      Debug   Library Member Name

       856        118         80          0          0        288   acos.o
       864         94         80          0          0        280   asin.o
        84         16          0          0          0        372   dunder.o
        24          0          0          0          0        124   fabs.o
        48          0          0          0          0        124   fpclassify.o
       248          0          0          0          0        152   poly.o
       110          0          0          0          0        148   sqrt.o
        58          0          0          0          0        136   sqrtf.o
        86          0          0          0          0          0   __dczerorl2.o
         0          0          0          0          0          0   entry.o
         0          0          0          0          0          0   entry10a.o
         0          0          0          0          0          0   entry11a.o
         8          4          0          0          0          0   entry2.o
         4          0          0          0          0          0   entry5.o
         0          0          0          0          0          0   entry7b.o
         0          0          0          0          0          0   entry8b.o
         8          4          0          0          0          0   entry9a.o
        12          6          0          4          0         68   errno.o
        30          0          0          0          0          0   handlers.o
        36          8          0          0          0         68   init.o
         0          0          0          0          0          0   iusefp.o
        30          0          0          0          0         68   llshl.o
        36          0          0          0          0         68   llsshr.o
        32          0          0          0          0         68   llushr.o
        36          0          0          0          0         68   memcpya.o
        36          0          0          0          0        108   memseta.o
        98          0          0          0          0         92   uldiv.o
        56          0          0          0          0         88   d2f.o
       334          0          0          0          0        148   dadd.o
       222          0          0          0          0        100   ddiv.o
       186          0          0          0          0        176   depilogue.o
        62          0          0          0          0         80   dfixi.o
        34          0          0          0          0         76   dflti.o
       228          0          0          0          0         96   dmul.o
       162          0          0          0          0        100   dsqrt.o
        38          0          0          0          0         68   f2d.o
       110          0          0          0          0        168   fepilogue.o

    ----------------------------------------------------------------------
      4188        250        160          4          0       3332   Library Totals
        12          0          0          0          0          0   (incl. Padding)

    ----------------------------------------------------------------------

      Code (inc. data)   RO Data    RW Data    ZI Data      Debug   Library Name

      2292        228        160          0          0       1624   m_wm.l
       452         22          0          4          0        608   mc_w.l
      1432          0          0          0          0       1100   mf_w.l

    ----------------------------------------------------------------------
      4188        250        160          4          0       3332   Library Totals

    ----------------------------------------------------------------------

==============================================================================


      Code (inc. data)   RO Data    RW Data    ZI Data      Debug   

     33688       1534       1160        780      25660     425326   Grand Totals
     33688       1534       1160        304      25660     425326   ELF Image Totals (compressed)
     33688       1534       1160        304          0          0   ROM Totals

==============================================================================

    Total RO  Size (Code + RO Data)                34848 (  34.03kB)
    Total RW  Size (RW Data + ZI Data)             26440 (  25.82kB)
    Total ROM Size (Code + RO Data + RW Data)      35152 (  34.33kB)

==============================================================================

